Archive member included to satisfy reference by file (symbol)

c:/st/stm32cubeide_1.10.0/stm32cubeide/plugins/com.st.stm32cube.ide.mcu.externaltools.gnu-tools-for-stm32.10.3-2021.10.win32_1.0.0.202111181127/tools/bin/../lib/gcc/arm-none-eabi/10.3.1/../../../../arm-none-eabi/lib/thumb/v7-m/nofp\libc_nano.a(lib_a-errno.o)
                              ./Src/syscalls.o (__errno)
c:/st/stm32cubeide_1.10.0/stm32cubeide/plugins/com.st.stm32cube.ide.mcu.externaltools.gnu-tools-for-stm32.10.3-2021.10.win32_1.0.0.202111181127/tools/bin/../lib/gcc/arm-none-eabi/10.3.1/../../../../arm-none-eabi/lib/thumb/v7-m/nofp\libc_nano.a(lib_a-exit.o)
                              c:/st/stm32cubeide_1.10.0/stm32cubeide/plugins/com.st.stm32cube.ide.mcu.externaltools.gnu-tools-for-stm32.10.3-2021.10.win32_1.0.0.202111181127/tools/bin/../lib/gcc/arm-none-eabi/10.3.1/../../../../arm-none-eabi/lib/thumb/v7-m/nofp/crt0.o (exit)
c:/st/stm32cubeide_1.10.0/stm32cubeide/plugins/com.st.stm32cube.ide.mcu.externaltools.gnu-tools-for-stm32.10.3-2021.10.win32_1.0.0.202111181127/tools/bin/../lib/gcc/arm-none-eabi/10.3.1/../../../../arm-none-eabi/lib/thumb/v7-m/nofp\libc_nano.a(lib_a-impure.o)
                              c:/st/stm32cubeide_1.10.0/stm32cubeide/plugins/com.st.stm32cube.ide.mcu.externaltools.gnu-tools-for-stm32.10.3-2021.10.win32_1.0.0.202111181127/tools/bin/../lib/gcc/arm-none-eabi/10.3.1/../../../../arm-none-eabi/lib/thumb/v7-m/nofp\libc_nano.a(lib_a-exit.o) (_global_impure_ptr)
c:/st/stm32cubeide_1.10.0/stm32cubeide/plugins/com.st.stm32cube.ide.mcu.externaltools.gnu-tools-for-stm32.10.3-2021.10.win32_1.0.0.202111181127/tools/bin/../lib/gcc/arm-none-eabi/10.3.1/../../../../arm-none-eabi/lib/thumb/v7-m/nofp\libc_nano.a(lib_a-init.o)
                              c:/st/stm32cubeide_1.10.0/stm32cubeide/plugins/com.st.stm32cube.ide.mcu.externaltools.gnu-tools-for-stm32.10.3-2021.10.win32_1.0.0.202111181127/tools/bin/../lib/gcc/arm-none-eabi/10.3.1/../../../../arm-none-eabi/lib/thumb/v7-m/nofp/crt0.o (__libc_init_array)
c:/st/stm32cubeide_1.10.0/stm32cubeide/plugins/com.st.stm32cube.ide.mcu.externaltools.gnu-tools-for-stm32.10.3-2021.10.win32_1.0.0.202111181127/tools/bin/../lib/gcc/arm-none-eabi/10.3.1/../../../../arm-none-eabi/lib/thumb/v7-m/nofp\libc_nano.a(lib_a-memset.o)
                              c:/st/stm32cubeide_1.10.0/stm32cubeide/plugins/com.st.stm32cube.ide.mcu.externaltools.gnu-tools-for-stm32.10.3-2021.10.win32_1.0.0.202111181127/tools/bin/../lib/gcc/arm-none-eabi/10.3.1/../../../../arm-none-eabi/lib/thumb/v7-m/nofp/crt0.o (memset)

Discarded input sections

 .text          0x0000000000000000        0x0 c:/st/stm32cubeide_1.10.0/stm32cubeide/plugins/com.st.stm32cube.ide.mcu.externaltools.gnu-tools-for-stm32.10.3-2021.10.win32_1.0.0.202111181127/tools/bin/../lib/gcc/arm-none-eabi/10.3.1/thumb/v7-m/nofp/crti.o
 .data          0x0000000000000000        0x0 c:/st/stm32cubeide_1.10.0/stm32cubeide/plugins/com.st.stm32cube.ide.mcu.externaltools.gnu-tools-for-stm32.10.3-2021.10.win32_1.0.0.202111181127/tools/bin/../lib/gcc/arm-none-eabi/10.3.1/thumb/v7-m/nofp/crti.o
 .bss           0x0000000000000000        0x0 c:/st/stm32cubeide_1.10.0/stm32cubeide/plugins/com.st.stm32cube.ide.mcu.externaltools.gnu-tools-for-stm32.10.3-2021.10.win32_1.0.0.202111181127/tools/bin/../lib/gcc/arm-none-eabi/10.3.1/thumb/v7-m/nofp/crti.o
 .data          0x0000000000000000        0x4 c:/st/stm32cubeide_1.10.0/stm32cubeide/plugins/com.st.stm32cube.ide.mcu.externaltools.gnu-tools-for-stm32.10.3-2021.10.win32_1.0.0.202111181127/tools/bin/../lib/gcc/arm-none-eabi/10.3.1/thumb/v7-m/nofp/crtbegin.o
 .rodata        0x0000000000000000       0x24 c:/st/stm32cubeide_1.10.0/stm32cubeide/plugins/com.st.stm32cube.ide.mcu.externaltools.gnu-tools-for-stm32.10.3-2021.10.win32_1.0.0.202111181127/tools/bin/../lib/gcc/arm-none-eabi/10.3.1/thumb/v7-m/nofp/crtbegin.o
 .text          0x0000000000000000       0x7c c:/st/stm32cubeide_1.10.0/stm32cubeide/plugins/com.st.stm32cube.ide.mcu.externaltools.gnu-tools-for-stm32.10.3-2021.10.win32_1.0.0.202111181127/tools/bin/../lib/gcc/arm-none-eabi/10.3.1/../../../../arm-none-eabi/lib/thumb/v7-m/nofp/crt0.o
 .data          0x0000000000000000        0x0 c:/st/stm32cubeide_1.10.0/stm32cubeide/plugins/com.st.stm32cube.ide.mcu.externaltools.gnu-tools-for-stm32.10.3-2021.10.win32_1.0.0.202111181127/tools/bin/../lib/gcc/arm-none-eabi/10.3.1/../../../../arm-none-eabi/lib/thumb/v7-m/nofp/crt0.o
 .bss           0x0000000000000000        0x0 c:/st/stm32cubeide_1.10.0/stm32cubeide/plugins/com.st.stm32cube.ide.mcu.externaltools.gnu-tools-for-stm32.10.3-2021.10.win32_1.0.0.202111181127/tools/bin/../lib/gcc/arm-none-eabi/10.3.1/../../../../arm-none-eabi/lib/thumb/v7-m/nofp/crt0.o
[...]
Memory Configuration

Name             Origin             Length             Attributes
RAM              0x0000000020000000 0x0000000000005000 xrw
FLASH            0x0000000008000000 0x0000000000010000 xr
*default*        0x0000000000000000 0xffffffffffffffff

Linker script and memory map

LOAD c:/st/stm32cubeide_1.10.0/stm32cubeide/plugins/com.st.stm32cube.ide.mcu.externaltools.gnu-tools-for-stm32.10.3-2021.10.win32_1.0.0.202111181127/tools/bin/../lib/gcc/arm-none-eabi/10.3.1/thumb/v7-m/nofp/crti.o
LOAD c:/st/stm32cubeide_1.10.0/stm32cubeide/plugins/com.st.stm32cube.ide.mcu.externaltools.gnu-tools-for-stm32.10.3-2021.10.win32_1.0.0.202111181127/tools/bin/../lib/gcc/arm-none-eabi/10.3.1/thumb/v7-m/nofp/crtbegin.o
LOAD c:/st/stm32cubeide_1.10.0/stm32cubeide/plugins/com.st.stm32cube.ide.mcu.externaltools.gnu-tools-for-stm32.10.3-2021.10.win32_1.0.0.202111181127/tools/bin/../lib/gcc/arm-none-eabi/10.3.1/../../../../arm-none-eabi/lib/thumb/v7-m/nofp/crt0.o
LOAD ./Src/misc.o
LOAD ./Src/stm32f10x_adc.o
LOAD ./Src/stm32f10x_bkp.o
LOAD ./Src/stm32f10x_can.o
LOAD ./Src/stm32f10x_cec.o
LOAD ./Src/stm32f10x_crc.o
LOAD ./Src/stm32f10x_dac.o
LOAD ./Src/stm32f10x_dbgmcu.o
LOAD ./Src/stm32f10x_dma.o
LOAD ./Src/stm32f10x_exti.o
LOAD ./Src/stm32f10x_flash.o
LOAD ./Src/stm32f10x_fsmc.o
LOAD ./Src/stm32f10x_gpio.o
LOAD ./Src/stm32f10x_i2c.o
LOAD ./Src/stm32f10x_it.o
LOAD ./Src/stm32f10x_iwdg.o
LOAD ./Src/stm32f10x_pwr.o
LOAD ./Src/stm32f10x_rcc.o
LOAD ./Src/stm32f10x_rtc.o
LOAD ./Src/stm32f10x_sdio.o
LOAD ./Src/stm32f10x_spi.o
LOAD ./Src/stm32f10x_tim.o
LOAD ./Src/stm32f10x_usart.o
LOAD ./Src/stm32f10x_wwdg.o
LOAD ./Src/syscalls.o
LOAD ./Src/sysmem.o
LOAD ./Src/system_stm32f10x.o
LOAD ./Startup/startup_stm32f103c8tx.o
LOAD ./User/main.o
LOAD ./User/pid.o
START GROUP
LOAD c:/st/stm32cubeide_1.10.0/stm32cubeide/plugins/com.st.stm32cube.ide.mcu.externaltools.gnu-tools-for-stm32.10.3-2021.10.win32_1.0.0.202111181127/tools/bin/../lib/gcc/arm-none-eabi/10.3.1/../../../../arm-none-eabi/lib/thumb/v7-m/nofp\libc_nano.a
LOAD c:/st/stm32cubeide_1.10.0/stm32cubeide/plugins/com.st.stm32cube.ide.mcu.externaltools.gnu-tools-for-stm32.10.3-2021.10.win32_1.0.0.202111181127/tools/bin/../lib/gcc/arm-none-eabi/10.3.1/../../../../arm-none-eabi/lib/thumb/v7-m/nofp\libm.a
END GROUP
START GROUP
LOAD c:/st/stm32cubeide_1.10.0/stm32cubeide/plugins/com.st.stm32cube.ide.mcu.externaltools.gnu-tools-for-stm32.10.3-2021.10.win32_1.0.0.202111181127/tools/bin/../lib/gcc/arm-none-eabi/10.3.1/thumb/v7-m/nofp\libgcc.a
LOAD c:/st/stm32cubeide_1.10.0/stm32cubeide/plugins/com.st.stm32cube.ide.mcu.externaltools.gnu-tools-for-stm32.10.3-2021.10.win32_1.0.0.202111181127/tools/bin/../lib/gcc/arm-none-eabi/10.3.1/../../../../arm-none-eabi/lib/thumb/v7-m/nofp\libc_nano.a
END GROUP
START GROUP
LOAD c:/st/stm32cubeide_1.10.0/stm32cubeide/plugins/com.st.stm32cube.ide.mcu.externaltools.gnu-tools-for-stm32.10.3-2021.10.win32_1.0.0.202111181127/tools/bin/../lib/gcc/arm-none-eabi/10.3.1/thumb/v7-m/nofp\libgcc.a
LOAD c:/st/stm32cubeide_1.10.0/stm32cubeide/plugins/com.st.stm32cube.ide.mcu.externaltools.gnu-tools-for-stm32.10.3-2021.10.win32_1.0.0.202111181127/tools/bin/../lib/gcc/arm-none-eabi/10.3.1/../../../../arm-none-eabi/lib/thumb/v7-m/nofp\libc_nano.a
LOAD c:/st/stm32cubeide_1.10.0/stm32cubeide/plugins/com.st.stm32cube.ide.mcu.externaltools.gnu-tools-for-stm32.10.3-2021.10.win32_1.0.0.202111181127/tools/bin/../lib/gcc/arm-none-eabi/10.3.1/../../../../arm-none-eabi/lib/thumb/v7-m/nofp\libnosys.a
END GROUP
START GROUP
LOAD c:/st/stm32cubeide_1.10.0/stm32cubeide/plugins/com.st.stm32cube.ide.mcu.externaltools.gnu-tools-for-stm32.10.3-2021.10.win32_1.0.0.202111181127/tools/bin/../lib/gcc/arm-none-eabi/10.3.1/thumb/v7-m/nofp\libgcc.a
LOAD c:/st/stm32cubeide_1.10.0/stm32cubeide/plugins/com.st.stm32cube.ide.mcu.externaltools.gnu-tools-for-stm32.10.3-2021.10.win32_1.0.0.202111181127/tools/bin/../lib/gcc/arm-none-eabi/10.3.1/../../../../arm-none-eabi/lib/thumb/v7-m/nofp\libc_nano.a
LOAD c:/st/stm32cubeide_1.10.0/stm32cubeide/plugins/com.st.stm32cube.ide.mcu.externaltools.gnu-tools-for-stm32.10.3-2021.10.win32_1.0.0.202111181127/tools/bin/../lib/gcc/arm-none-eabi/10.3.1/../../../../arm-none-eabi/lib/thumb/v7-m/nofp\libnosys.a
END GROUP
LOAD c:/st/stm32cubeide_1.10.0/stm32cubeide/plugins/com.st.stm32cube.ide.mcu.externaltools.gnu-tools-for-stm32.10.3-2021.10.win32_1.0.0.202111181127/tools/bin/../lib/gcc/arm-none-eabi/10.3.1/thumb/v7-m/nofp/crtend.o
LOAD c:/st/stm32cubeide_1.10.0/stm32cubeide/plugins/com.st.stm32cube.ide.mcu.externaltools.gnu-tools-for-stm32.10.3-2021.10.win32_1.0.0.202111181127/tools/bin/../lib/gcc/arm-none-eabi/10.3.1/thumb/v7-m/nofp/crtn.o
                0x0000000020005000                _estack = (ORIGIN (RAM) + LENGTH (RAM))
                0x0000000000000200                _Min_Heap_Size = 0x200
                0x0000000000000400                _Min_Stack_Size = 0x400

.isr_vector     0x0000000008000000      0x130
                0x0000000008000000                . = ALIGN (0x4)
 *(.isr_vector)
 .isr_vector    0x0000000008000000      0x130 ./Startup/startup_stm32f103c8tx.o
                0x0000000008000000                g_pfnVectors
                0x0000000008000130                . = ALIGN (0x4)

.text           0x0000000008000130      0x2c8
                0x0000000008000130                . = ALIGN (0x4)
 *(.text)
 .text          0x0000000008000130       0x40 c:/st/stm32cubeide_1.10.0/stm32cubeide/plugins/com.st.stm32cube.ide.mcu.externaltools.gnu-tools-for-stm32.10.3-2021.10.win32_1.0.0.202111181127/tools/bin/../lib/gcc/arm-none-eabi/10.3.1/thumb/v7-m/nofp/crtbegin.o
 *(.text*)
 .text.NMI_Handler
                0x0000000008000170        0xc ./Src/stm32f10x_it.o
                0x0000000008000170                NMI_Handler
 .text.HardFault_Handler
                0x000000000800017c        0x6 ./Src/stm32f10x_it.o
                0x000000000800017c                HardFault_Handler
 .text.MemManage_Handler
                0x0000000008000182        0x6 ./Src/stm32f10x_it.o
                0x0000000008000182                MemManage_Handler
 .text.BusFault_Handler
                0x0000000008000188        0x6 ./Src/stm32f10x_it.o
                0x0000000008000188                BusFault_Handler
 .text.UsageFault_Handler
                0x000000000800018e        0x6 ./Src/stm32f10x_it.o
                0x000000000800018e                UsageFault_Handler
 .text.SVC_Handler
                0x0000000008000194        0xc ./Src/stm32f10x_it.o
                0x0000000008000194                SVC_Handler
 .text.DebugMon_Handler
                0x00000000080001a0        0xc ./Src/stm32f10x_it.o
                0x00000000080001a0                DebugMon_Handler
 .text.PendSV_Handler
                0x00000000080001ac        0xc ./Src/stm32f10x_it.o
                0x00000000080001ac                PendSV_Handler
 .text.SysTick_Handler
                0x00000000080001b8        0xc ./Src/stm32f10x_it.o
                0x00000000080001b8                SysTick_Handler
 .text.SystemInit
                0x00000000080001c4       0x68 ./Src/system_stm32f10x.o
                0x00000000080001c4                SystemInit
 .text.SetSysClock
                0x000000000800022c        0xc ./Src/system_stm32f10x.o
 .text.SetSysClockTo72
                0x0000000008000238      0x100 ./Src/system_stm32f10x.o
 .text.Reset_Handler
                0x0000000008000338       0x50 ./Startup/startup_stm32f103c8tx.o
                0x0000000008000338                Reset_Handler
 .text.Default_Handler
                0x0000000008000388        0x2 ./Startup/startup_stm32f103c8tx.o
                0x0000000008000388                EXTI2_IRQHandler
                0x0000000008000388                TIM8_TRG_COM_IRQHandler
                0x0000000008000388                TIM8_CC_IRQHandler
                0x0000000008000388                TIM1_CC_IRQHandler
                0x0000000008000388                TIM6_IRQHandler
                0x0000000008000388                PVD_IRQHandler
                0x0000000008000388                SDIO_IRQHandler
                0x0000000008000388                EXTI3_IRQHandler
                0x0000000008000388                USB_HP_CAN_TX_IRQHandler
                0x0000000008000388                EXTI0_IRQHandler
                0x0000000008000388                I2C2_EV_IRQHandler
                0x0000000008000388                ADC1_2_IRQHandler
                0x0000000008000388                SPI1_IRQHandler
                0x0000000008000388                CAN_SCE_IRQHandler
                0x0000000008000388                TAMPER_IRQHandler
                0x0000000008000388                TIM8_UP_IRQHandler
                0x0000000008000388                DMA2_Channel2_IRQHandler
                0x0000000008000388                DMA1_Channel4_IRQHandler
                0x0000000008000388                USART3_IRQHandler
                0x0000000008000388                RTC_IRQHandler
                0x0000000008000388                DMA1_Channel7_IRQHandler
                0x0000000008000388                UART5_IRQHandler
                0x0000000008000388                ADC3_IRQHandler
                0x0000000008000388                TIM4_IRQHandler
                0x0000000008000388                CAN_RX1_IRQHandler
                0x0000000008000388                DMA2_Channel1_IRQHandler
                0x0000000008000388                I2C1_EV_IRQHandler
                0x0000000008000388                DMA1_Channel6_IRQHandler
                0x0000000008000388                UART4_IRQHandler
                0x0000000008000388                TIM3_IRQHandler
                0x0000000008000388                RCC_IRQHandler
                0x0000000008000388                TIM1_TRG_COM_IRQHandler
                0x0000000008000388                DMA1_Channel1_IRQHandler
                0x0000000008000388                Default_Handler
                0x0000000008000388                EXTI15_10_IRQHandler
                0x0000000008000388                TIM7_IRQHandler
                0x0000000008000388                TIM5_IRQHandler
                0x0000000008000388                EXTI9_5_IRQHandler
                0x0000000008000388                SPI2_IRQHandler
                0x0000000008000388                USB_LP_CAN_RX0_IRQHandler
                0x0000000008000388                DMA1_Channel5_IRQHandler
                0x0000000008000388                EXTI4_IRQHandler
                0x0000000008000388                DMA1_Channel3_IRQHandler
                0x0000000008000388                FSMC_IRQHandler
                0x0000000008000388                TIM1_UP_IRQHandler
                0x0000000008000388                WWDG_IRQHandler
                0x0000000008000388                TIM2_IRQHandler
                0x0000000008000388                TIM1_BRK_IRQHandler
                0x0000000008000388                EXTI1_IRQHandler
                0x0000000008000388                RTCAlarm_IRQHandler
                0x0000000008000388                DMA2_Channel4_5_IRQHandler
                0x0000000008000388                USART2_IRQHandler
                0x0000000008000388                I2C2_ER_IRQHandler
                0x0000000008000388                DMA1_Channel2_IRQHandler
                0x0000000008000388                TIM8_BRK_IRQHandler
                0x0000000008000388                FLASH_IRQHandler
                0x0000000008000388                USART1_IRQHandler
                0x0000000008000388                SPI3_IRQHandler
                0x0000000008000388                I2C1_ER_IRQHandler
                0x0000000008000388                DMA2_Channel3_IRQHandler
 .text.main     0x000000000800038a        0xe ./User/main.o
                0x000000000800038a                main
 .text.__libc_init_array
                0x0000000008000398       0x48 c:/st/stm32cubeide_1.10.0/stm32cubeide/plugins/com.st.stm32cube.ide.mcu.externaltools.gnu-tools-for-stm32.10.3-2021.10.win32_1.0.0.202111181127/tools/bin/../lib/gcc/arm-none-eabi/10.3.1/../../../../arm-none-eabi/lib/thumb/v7-m/nofp\libc_nano.a(lib_a-init.o)
                0x0000000008000398                __libc_init_array
 *(.glue_7)
 .glue_7        0x00000000080003e0        0x0 linker stubs
 *(.glue_7t)
 .glue_7t       0x00000000080003e0        0x0 linker stubs
 *(.eh_frame)
 .eh_frame      0x00000000080003e0        0x0 c:/st/stm32cubeide_1.10.0/stm32cubeide/plugins/com.st.stm32cube.ide.mcu.externaltools.gnu-tools-for-stm32.10.3-2021.10.win32_1.0.0.202111181127/tools/bin/../lib/gcc/arm-none-eabi/10.3.1/thumb/v7-m/nofp/crtbegin.o
 *(.init)
 .init          0x00000000080003e0        0x4 c:/st/stm32cubeide_1.10.0/stm32cubeide/plugins/com.st.stm32cube.ide.mcu.externaltools.gnu-tools-for-stm32.10.3-2021.10.win32_1.0.0.202111181127/tools/bin/../lib/gcc/arm-none-eabi/10.3.1/thumb/v7-m/nofp/crti.o
                0x00000000080003e0                _init
 .init          0x00000000080003e4        0x8 c:/st/stm32cubeide_1.10.0/stm32cubeide/plugins/com.st.stm32cube.ide.mcu.externaltools.gnu-tools-for-stm32.10.3-2021.10.win32_1.0.0.202111181127/tools/bin/../lib/gcc/arm-none-eabi/10.3.1/thumb/v7-m/nofp/crtn.o
 *(.fini)
 .fini          0x00000000080003ec        0x4 c:/st/stm32cubeide_1.10.0/stm32cubeide/plugins/com.st.stm32cube.ide.mcu.externaltools.gnu-tools-for-stm32.10.3-2021.10.win32_1.0.0.202111181127/tools/bin/../lib/gcc/arm-none-eabi/10.3.1/thumb/v7-m/nofp/crti.o
                0x00000000080003ec                _fini
 .fini          0x00000000080003f0        0x8 c:/st/stm32cubeide_1.10.0/stm32cubeide/plugins/com.st.stm32cube.ide.mcu.externaltools.gnu-tools-for-stm32.10.3-2021.10.win32_1.0.0.202111181127/tools/bin/../lib/gcc/arm-none-eabi/10.3.1/thumb/v7-m/nofp/crtn.o
                0x00000000080003f8                . = ALIGN (0x4)
                0x00000000080003f8                _etext = .

.vfp11_veneer   0x00000000080003f8        0x0
 .vfp11_veneer  0x00000000080003f8        0x0 linker stubs

.v4_bx          0x00000000080003f8        0x0
 .v4_bx         0x00000000080003f8        0x0 linker stubs

.iplt           0x00000000080003f8        0x0
 .iplt          0x00000000080003f8        0x0 c:/st/stm32cubeide_1.10.0/stm32cubeide/plugins/com.st.stm32cube.ide.mcu.externaltools.gnu-tools-for-stm32.10.3-2021.10.win32_1.0.0.202111181127/tools/bin/../lib/gcc/arm-none-eabi/10.3.1/thumb/v7-m/nofp/crtbegin.o

.rel.dyn        0x00000000080003f8        0x0
 .rel.iplt      0x00000000080003f8        0x0 c:/st/stm32cubeide_1.10.0/stm32cubeide/plugins/com.st.stm32cube.ide.mcu.externaltools.gnu-tools-for-stm32.10.3-2021.10.win32_1.0.0.202111181127/tools/bin/../lib/gcc/arm-none-eabi/10.3.1/thumb/v7-m/nofp/crtbegin.o

.rodata         0x00000000080003f8        0x0
                0x00000000080003f8                . = ALIGN (0x4)
 *(.rodata)
 *(.rodata*)
                0x00000000080003f8                . = ALIGN (0x4)

.ARM.extab      0x00000000080003f8        0x0
                0x00000000080003f8                . = ALIGN (0x4)
 *(.ARM.extab* .gnu.linkonce.armextab.*)
                0x00000000080003f8                . = ALIGN (0x4)

.ARM            0x00000000080003f8        0x0
                0x00000000080003f8                . = ALIGN (0x4)
                0x00000000080003f8                __exidx_start = .
 *(.ARM.exidx*)
                0x00000000080003f8                __exidx_end = .
                0x00000000080003f8                . = ALIGN (0x4)

.preinit_array  0x00000000080003f8        0x0
                0x00000000080003f8                . = ALIGN (0x4)
                0x00000000080003f8                PROVIDE (__preinit_array_start = .)
 *(.preinit_array*)
                0x00000000080003f8                PROVIDE (__preinit_array_end = .)
                0x00000000080003f8                . = ALIGN (0x4)

.init_array     0x00000000080003f8        0x4
                0x00000000080003f8                . = ALIGN (0x4)
                0x00000000080003f8                PROVIDE (__init_array_start = .)
 *(SORT_BY_NAME(.init_array.*))
 *(.init_array*)
 .init_array    0x00000000080003f8        0x4 c:/st/stm32cubeide_1.10.0/stm32cubeide/plugins/com.st.stm32cube.ide.mcu.externaltools.gnu-tools-for-stm32.10.3-2021.10.win32_1.0.0.202111181127/tools/bin/../lib/gcc/arm-none-eabi/10.3.1/thumb/v7-m/nofp/crtbegin.o
                0x00000000080003fc                PROVIDE (__init_array_end = .)
                0x00000000080003fc                . = ALIGN (0x4)

.fini_array     0x00000000080003fc        0x4
                0x00000000080003fc                . = ALIGN (0x4)
                [!provide]                        PROVIDE (__fini_array_start = .)
 *(SORT_BY_NAME(.fini_array.*))
 *(.fini_array*)
 .fini_array    0x00000000080003fc        0x4 c:/st/stm32cubeide_1.10.0/stm32cubeide/plugins/com.st.stm32cube.ide.mcu.externaltools.gnu-tools-for-stm32.10.3-2021.10.win32_1.0.0.202111181127/tools/bin/../lib/gcc/arm-none-eabi/10.3.1/thumb/v7-m/nofp/crtbegin.o
                [!provide]                        PROVIDE (__fini_array_end = .)
                0x0000000008000400                . = ALIGN (0x4)
                0x0000000008000400                _sidata = LOADADDR (.data)

.data           0x0000000020000000        0x0 load address 0x0000000008000400
                0x0000000020000000                . = ALIGN (0x4)
                0x0000000020000000                _sdata = .
 *(.data)
 *(.data*)
 *(.RamFunc)
 *(.RamFunc*)
                0x0000000020000000                . = ALIGN (0x4)
                0x0000000020000000                _edata = .

.igot.plt       0x0000000020000000        0x0 load address 0x0000000008000400
 .igot.plt      0x0000000020000000        0x0 c:/st/stm32cubeide_1.10.0/stm32cubeide/plugins/com.st.stm32cube.ide.mcu.externaltools.gnu-tools-for-stm32.10.3-2021.10.win32_1.0.0.202111181127/tools/bin/../lib/gcc/arm-none-eabi/10.3.1/thumb/v7-m/nofp/crtbegin.o
                0x0000000020000000                . = ALIGN (0x4)

.bss            0x0000000020000000       0x1c load address 0x0000000008000400
                0x0000000020000000                _sbss = .
                0x0000000020000000                __bss_start__ = _sbss
 *(.bss)
 .bss           0x0000000020000000       0x1c c:/st/stm32cubeide_1.10.0/stm32cubeide/plugins/com.st.stm32cube.ide.mcu.externaltools.gnu-tools-for-stm32.10.3-2021.10.win32_1.0.0.202111181127/tools/bin/../lib/gcc/arm-none-eabi/10.3.1/thumb/v7-m/nofp/crtbegin.o
 *(.bss*)
 *(COMMON)
                0x000000002000001c                . = ALIGN (0x4)
                0x000000002000001c                _ebss = .
                0x000000002000001c                __bss_end__ = _ebss

._user_heap_stack
                0x000000002000001c      0x604 load address 0x0000000008000400
                0x0000000020000020                . = ALIGN (0x8)
 *fill*         0x000000002000001c        0x4 
                [!provide]                        PROVIDE (end = .)
                0x0000000020000020                PROVIDE (_end = .)
                0x0000000020000220                . = (. + _Min_Heap_Size)
 *fill*         0x0000000020000020      0x200 
                0x0000000020000620                . = (. + _Min_Stack_Size)
 *fill*         0x0000000020000220      0x400 
                0x0000000020000620                . = ALIGN (0x8)

/DISCARD/
 libc.a(*)
 libm.a(*)
 libgcc.a(*)

.ARM.attributes
                0x0000000000000000       0x29
 *(.ARM.attributes)
 .ARM.attributes
                0x0000000000000000       0x1d c:/st/stm32cubeide_1.10.0/stm32cubeide/plugins/com.st.stm32cube.ide.mcu.externaltools.gnu-tools-for-stm32.10.3-2021.10.win32_1.0.0.202111181127/tools/bin/../lib/gcc/arm-none-eabi/10.3.1/thumb/v7-m/nofp/crti.o
 .ARM.attributes
                0x000000000000001d       0x2d c:/st/stm32cubeide_1.10.0/stm32cubeide/plugins/com.st.stm32cube.ide.mcu.externaltools.gnu-tools-for-stm32.10.3-2021.10.win32_1.0.0.202111181127/tools/bin/../lib/gcc/arm-none-eabi/10.3.1/thumb/v7-m/nofp/crtbegin.o
 .ARM.attributes
                0x000000000000004a       0x2d ./Src/stm32f10x_it.o
 .ARM.attributes
                0x0000000000000077       0x2d ./Src/system_stm32f10x.o
 .ARM.attributes
                0x00000000000000a4       0x21 ./Startup/startup_stm32f103c8tx.o
 .ARM.attributes
                0x00000000000000c5       0x2d ./User/main.o
 .ARM.attributes
                0x00000000000000f2       0x2d c:/st/stm32cubeide_1.10.0/stm32cubeide/plugins/com.st.stm32cube.ide.mcu.externaltools.gnu-tools-for-stm32.10.3-2021.10.win32_1.0.0.202111181127/tools/bin/../lib/gcc/arm-none-eabi/10.3.1/../../../../arm-none-eabi/lib/thumb/v7-m/nofp\libc_nano.a(lib_a-init.o)
 .ARM.attributes
                0x000000000000011f       0x1d c:/st/stm32cubeide_1.10.0/stm32cubeide/plugins/com.st.stm32cube.ide.mcu.externaltools.gnu-tools-for-stm32.10.3-2021.10.win32_1.0.0.202111181127/tools/bin/../lib/gcc/arm-none-eabi/10.3.1/thumb/v7-m/nofp/crtn.o
OUTPUT(F1_project.elf elf32-littlearm)
LOAD linker stubs
LOAD c:/st/stm32cubeide_1.10.0/stm32cubeide/plugins/com.st.stm32cube.ide.mcu.externaltools.gnu-tools-for-stm32.10.3-2021.10.win32_1.0.0.202111181127/tools/bin/../lib/gcc/arm-none-eabi/10.3.1/../../../../arm-none-eabi/lib/thumb/v7-m/nofp\libc.a
LOAD c:/st/stm32cubeide_1.10.0/stm32cubeide/plugins/com.st.stm32cube.ide.mcu.externaltools.gnu-tools-for-stm32.10.3-2021.10.win32_1.0.0.202111181127/tools/bin/../lib/gcc/arm-none-eabi/10.3.1/../../../../arm-none-eabi/lib/thumb/v7-m/nofp\libm.a
LOAD c:/st/stm32cubeide_1.10.0/stm32cubeide/plugins/com.st.stm32cube.ide.mcu.externaltools.gnu-tools-for-stm32.10.3-2021.10.win32_1.0.0.202111181127/tools/bin/../lib/gcc/arm-none-eabi/10.3.1/thumb/v7-m/nofp\libgcc.a

.debug_info     0x0000000000000000      0x633
 .debug_info    0x0000000000000000      0x112 ./Src/stm32f10x_it.o
 .debug_info    0x0000000000000112      0x479 ./Src/system_stm32f10x.o
 .debug_info    0x000000000000058b       0x22 ./Startup/startup_stm32f103c8tx.o
 .debug_info    0x00000000000005ad       0x86 ./User/main.o

.debug_abbrev   0x0000000000000000      0x251
 .debug_abbrev  0x0000000000000000       0x47 ./Src/stm32f10x_it.o
 .debug_abbrev  0x0000000000000047      0x1b1 ./Src/system_stm32f10x.o
 .debug_abbrev  0x00000000000001f8       0x12 ./Startup/startup_stm32f103c8tx.o
 .debug_abbrev  0x000000000000020a       0x47 ./User/main.o

.debug_aranges  0x0000000000000000       0xe0
 .debug_aranges
                0x0000000000000000       0x60 ./Src/stm32f10x_it.o
 .debug_aranges
                0x0000000000000060       0x38 ./Src/system_stm32f10x.o
 .debug_aranges
                0x0000000000000098       0x28 ./Startup/startup_stm32f103c8tx.o
 .debug_aranges
                0x00000000000000c0       0x20 ./User/main.o

.debug_ranges   0x0000000000000000       0xa8
 .debug_ranges  0x0000000000000000       0x50 ./Src/stm32f10x_it.o
 .debug_ranges  0x0000000000000050       0x28 ./Src/system_stm32f10x.o
 .debug_ranges  0x0000000000000078       0x20 ./Startup/startup_stm32f103c8tx.o
 .debug_ranges  0x0000000000000098       0x10 ./User/main.o

.debug_macro    0x0000000000000000      0x488
 .debug_macro   0x0000000000000000      0x185 ./Src/stm32f10x_it.o
 .debug_macro   0x0000000000000185      0x188 ./Src/system_stm32f10x.o
 .debug_macro   0x000000000000030d      0x17b ./User/main.o

.debug_line     0x0000000000000000     0x14c2
 .debug_line    0x0000000000000000      0x6c9 ./Src/stm32f10x_it.o
 .debug_line    0x00000000000006c9      0x77c ./Src/system_stm32f10x.o
 .debug_line    0x0000000000000e45       0x84 ./Startup/startup_stm32f103c8tx.o
 .debug_line    0x0000000000000ec9      0x5f9 ./User/main.o

.debug_str      0x0000000000000000    0x4d2a4
 .debug_str     0x0000000000000000    0x4d0b9 ./Src/stm32f10x_it.o
                                      0x4d214 (size before relaxing)
 .debug_str     0x000000000004d0b9      0x1a6 ./Src/system_stm32f10x.o
                                      0x4d321 (size before relaxing)
 .debug_str     0x000000000004d25f       0x31 ./Startup/startup_stm32f103c8tx.o
                                         0x58 (size before relaxing)
 .debug_str     0x000000000004d290       0x14 ./User/main.o
                                      0x4d170 (size before relaxing)

.comment        0x0000000000000000       0x50
 .comment       0x0000000000000000       0x50 ./Src/stm32f10x_it.o
                                         0x51 (size before relaxing)
 .comment       0x0000000000000050       0x51 ./Src/system_stm32f10x.o
 .comment       0x0000000000000050       0x51 ./User/main.o

.debug_frame    0x0000000000000000      0x204
 .debug_frame   0x0000000000000000      0x110 ./Src/stm32f10x_it.o
 .debug_frame   0x0000000000000110       0x98 ./Src/system_stm32f10x.o
 .debug_frame   0x00000000000001a8       0x30 ./User/main.o
 .debug_frame   0x00000000000001d8       0x2c c:/st/stm32cubeide_1.10.0/stm32cubeide/plugins/com.st.stm32cube.ide.mcu.externaltools.gnu-tools-for-stm32.10.3-2021.10.win32_1.0.0.202111181127/tools/bin/../lib/gcc/arm-none-eabi/10.3.1/../../../../arm-none-eabi/lib/thumb/v7-m/nofp\libc_nano.a(lib_a-init.o)
