../Src/stm32f10x_it.c:42:6:TIM1_UP_IRQHandler	8	static
../Src/stm32f10x_it.c:93:6:NMI_Handler	4	static
../Src/stm32f10x_it.c:101:6:HardFault_Handler	4	static
../Src/stm32f10x_it.c:112:6:MemManage_Handler	4	static
../Src/stm32f10x_it.c:123:6:BusFault_Handler	4	static
../Src/stm32f10x_it.c:134:6:UsageFault_Handler	4	static
../Src/stm32f10x_it.c:145:6:SVC_Handler	4	static
../Src/stm32f10x_it.c:153:6:DebugMon_Handler	4	static
../Src/stm32f10x_it.c:161:6:PendSV_Handler	4	static
../Src/stm32f10x_it.c:169:6:SysTick_Handler	4	static
