Archive member included to satisfy reference by file (symbol)

c:/st/stm32cubeide_1.10.0/stm32cubeide/plugins/com.st.stm32cube.ide.mcu.externaltools.gnu-tools-for-stm32.10.3-2021.10.win32_1.0.0.202111181127/tools/bin/../lib/gcc/arm-none-eabi/10.3.1/../../../../arm-none-eabi/lib/thumb/v7-m/nofp\libc_nano.a(lib_a-errno.o)
                              ./Src/syscalls.o (__errno)
c:/st/stm32cubeide_1.10.0/stm32cubeide/plugins/com.st.stm32cube.ide.mcu.externaltools.gnu-tools-for-stm32.10.3-2021.10.win32_1.0.0.202111181127/tools/bin/../lib/gcc/arm-none-eabi/10.3.1/../../../../arm-none-eabi/lib/thumb/v7-m/nofp\libc_nano.a(lib_a-exit.o)
                              c:/st/stm32cubeide_1.10.0/stm32cubeide/plugins/com.st.stm32cube.ide.mcu.externaltools.gnu-tools-for-stm32.10.3-2021.10.win32_1.0.0.202111181127/tools/bin/../lib/gcc/arm-none-eabi/10.3.1/../../../../arm-none-eabi/lib/thumb/v7-m/nofp/crt0.o (exit)
c:/st/stm32cubeide_1.10.0/stm32cubeide/plugins/com.st.stm32cube.ide.mcu.externaltools.gnu-tools-for-stm32.10.3-2021.10.win32_1.0.0.202111181127/tools/bin/../lib/gcc/arm-none-eabi/10.3.1/../../../../arm-none-eabi/lib/thumb/v7-m/nofp\libc_nano.a(lib_a-impure.o)
                              c:/st/stm32cubeide_1.10.0/stm32cubeide/plugins/com.st.stm32cube.ide.mcu.externaltools.gnu-tools-for-stm32.10.3-2021.10.win32_1.0.0.202111181127/tools/bin/../lib/gcc/arm-none-eabi/10.3.1/../../../../arm-none-eabi/lib/thumb/v7-m/nofp\libc_nano.a(lib_a-exit.o) (_global_impure_ptr)
c:/st/stm32cubeide_1.10.0/stm32cubeide/plugins/com.st.stm32cube.ide.mcu.externaltools.gnu-tools-for-stm32.10.3-2021.10.win32_1.0.0.202111181127/tools/bin/../lib/gcc/arm-none-eabi/10.3.1/../../../../arm-none-eabi/lib/thumb/v7-m/nofp\libc_nano.a(lib_a-init.o)
                              c:/st/stm32cubeide_1.10.0/stm32cubeide/plugins/com.st.stm32cube.ide.mcu.externaltools.gnu-tools-for-stm32.10.3-2021.10.win32_1.0.0.202111181127/tools/bin/../lib/gcc/arm-none-eabi/10.3.1/../../../../arm-none-eabi/lib/thumb/v7-m/nofp/crt0.o (__libc_init_array)
c:/st/stm32cubeide_1.10.0/stm32cubeide/plugins/com.st.stm32cube.ide.mcu.externaltools.gnu-tools-for-stm32.10.3-2021.10.win32_1.0.0.202111181127/tools/bin/../lib/gcc/arm-none-eabi/10.3.1/../../../../arm-none-eabi/lib/thumb/v7-m/nofp\libc_nano.a(lib_a-memset.o)
                              c:/st/stm32cubeide_1.10.0/stm32cubeide/plugins/com.st.stm32cube.ide.mcu.externaltools.gnu-tools-for-stm32.10.3-2021.10.win32_1.0.0.202111181127/tools/bin/../lib/gcc/arm-none-eabi/10.3.1/../../../../arm-none-eabi/lib/thumb/v7-m/nofp/crt0.o (memset)
c:/st/stm32cubeide_1.10.0/stm32cubeide/plugins/com.st.stm32cube.ide.mcu.externaltools.gnu-tools-for-stm32.10.3-2021.10.win32_1.0.0.202111181127/tools/bin/../lib/gcc/arm-none-eabi/10.3.1/thumb/v7-m/nofp\libgcc.a(_arm_mulsf3.o)
                              ./Src/main.o (__aeabi_fmul)
c:/st/stm32cubeide_1.10.0/stm32cubeide/plugins/com.st.stm32cube.ide.mcu.externaltools.gnu-tools-for-stm32.10.3-2021.10.win32_1.0.0.202111181127/tools/bin/../lib/gcc/arm-none-eabi/10.3.1/thumb/v7-m/nofp\libgcc.a(_arm_addsubdf3.o)
                              ./Src/main.o (__aeabi_f2d)
c:/st/stm32cubeide_1.10.0/stm32cubeide/plugins/com.st.stm32cube.ide.mcu.externaltools.gnu-tools-for-stm32.10.3-2021.10.win32_1.0.0.202111181127/tools/bin/../lib/gcc/arm-none-eabi/10.3.1/thumb/v7-m/nofp\libgcc.a(_arm_cmpdf2.o)
                              ./Src/main.o (__aeabi_dcmplt)
c:/st/stm32cubeide_1.10.0/stm32cubeide/plugins/com.st.stm32cube.ide.mcu.externaltools.gnu-tools-for-stm32.10.3-2021.10.win32_1.0.0.202111181127/tools/bin/../lib/gcc/arm-none-eabi/10.3.1/thumb/v7-m/nofp\libgcc.a(_arm_addsubsf3.o)
                              ./Src/main.o (__aeabi_fadd)
c:/st/stm32cubeide_1.10.0/stm32cubeide/plugins/com.st.stm32cube.ide.mcu.externaltools.gnu-tools-for-stm32.10.3-2021.10.win32_1.0.0.202111181127/tools/bin/../lib/gcc/arm-none-eabi/10.3.1/thumb/v7-m/nofp\libgcc.a(_arm_muldivsf3.o)
                              ./Src/main.o (__aeabi_fdiv)
c:/st/stm32cubeide_1.10.0/stm32cubeide/plugins/com.st.stm32cube.ide.mcu.externaltools.gnu-tools-for-stm32.10.3-2021.10.win32_1.0.0.202111181127/tools/bin/../lib/gcc/arm-none-eabi/10.3.1/thumb/v7-m/nofp\libgcc.a(_arm_fixunssfsi.o)
                              ./Src/main.o (__aeabi_f2uiz)

Discarded input sections

 .text          0x0000000000000000        0x0 c:/st/stm32cubeide_1.10.0/stm32cubeide/plugins/com.st.stm32cube.ide.mcu.externaltools.gnu-tools-for-stm32.10.3-2021.10.win32_1.0.0.202111181127/tools/bin/../lib/gcc/arm-none-eabi/10.3.1/thumb/v7-m/nofp/crti.o
 .data          0x0000000000000000        0x0 c:/st/stm32cubeide_1.10.0/stm32cubeide/plugins/com.st.stm32cube.ide.mcu.externaltools.gnu-tools-for-stm32.10.3-2021.10.win32_1.0.0.202111181127/tools/bin/../lib/gcc/arm-none-eabi/10.3.1/thumb/v7-m/nofp/crti.o
[...]
Memory Configuration

Name             Origin             Length             Attributes
RAM              0x0000000020000000 0x0000000000005000 xrw
FLASH            0x0000000008000000 0x0000000000010000 xr
*default*        0x0000000000000000 0xffffffffffffffff

Linker script and memory map

LOAD c:/st/stm32cubeide_1.10.0/stm32cubeide/plugins/com.st.stm32cube.ide.mcu.externaltools.gnu-tools-for-stm32.10.3-2021.10.win32_1.0.0.202111181127/tools/bin/../lib/gcc/arm-none-eabi/10.3.1/thumb/v7-m/nofp/crti.o
LOAD c:/st/stm32cubeide_1.10.0/stm32cubeide/plugins/com.st.stm32cube.ide.mcu.externaltools.gnu-tools-for-stm32.10.3-2021.10.win32_1.0.0.202111181127/tools/bin/../lib/gcc/arm-none-eabi/10.3.1/thumb/v7-m/nofp/crtbegin.o
LOAD c:/st/stm32cubeide_1.10.0/stm32cubeide/plugins/com.st.stm32cube.ide.mcu.externaltools.gnu-tools-for-stm32.10.3-2021.10.win32_1.0.0.202111181127/tools/bin/../lib/gcc/arm-none-eabi/10.3.1/../../../../arm-none-eabi/lib/thumb/v7-m/nofp/crt0.o
LOAD ./Src/main.o
LOAD ./Src/stm32f10x_it.o
LOAD ./Src/syscalls.o
LOAD ./Src/sysmem.o
LOAD ./Src/system_stm32f10x.o
LOAD ./Startup/startup_stm32f103c8tx.o
LOAD ./User/src/misc.o
LOAD ./User/src/pid.o
LOAD ./User/src/stm32f10x_adc.o
LOAD ./User/src/stm32f10x_gpio.o
LOAD ./User/src/stm32f10x_rcc.o
LOAD ./User/src/stm32f10x_tim.o
START GROUP
LOAD c:/st/stm32cubeide_1.10.0/stm32cubeide/plugins/com.st.stm32cube.ide.mcu.externaltools.gnu-tools-for-stm32.10.3-2021.10.win32_1.0.0.202111181127/tools/bin/../lib/gcc/arm-none-eabi/10.3.1/../../../../arm-none-eabi/lib/thumb/v7-m/nofp\libc_nano.a
LOAD c:/st/stm32cubeide_1.10.0/stm32cubeide/plugins/com.st.stm32cube.ide.mcu.externaltools.gnu-tools-for-stm32.10.3-2021.10.win32_1.0.0.202111181127/tools/bin/../lib/gcc/arm-none-eabi/10.3.1/../../../../arm-none-eabi/lib/thumb/v7-m/nofp\libm.a
END GROUP
START GROUP
LOAD c:/st/stm32cubeide_1.10.0/stm32cubeide/plugins/com.st.stm32cube.ide.mcu.externaltools.gnu-tools-for-stm32.10.3-2021.10.win32_1.0.0.202111181127/tools/bin/../lib/gcc/arm-none-eabi/10.3.1/thumb/v7-m/nofp\libgcc.a
LOAD c:/st/stm32cubeide_1.10.0/stm32cubeide/plugins/com.st.stm32cube.ide.mcu.externaltools.gnu-tools-for-stm32.10.3-2021.10.win32_1.0.0.202111181127/tools/bin/../lib/gcc/arm-none-eabi/10.3.1/../../../../arm-none-eabi/lib/thumb/v7-m/nofp\libc_nano.a
END GROUP
START GROUP
LOAD c:/st/stm32cubeide_1.10.0/stm32cubeide/plugins/com.st.stm32cube.ide.mcu.externaltools.gnu-tools-for-stm32.10.3-2021.10.win32_1.0.0.202111181127/tools/bin/../lib/gcc/arm-none-eabi/10.3.1/thumb/v7-m/nofp\libgcc.a
LOAD c:/st/stm32cubeide_1.10.0/stm32cubeide/plugins/com.st.stm32cube.ide.mcu.externaltools.gnu-tools-for-stm32.10.3-2021.10.win32_1.0.0.202111181127/tools/bin/../lib/gcc/arm-none-eabi/10.3.1/../../../../arm-none-eabi/lib/thumb/v7-m/nofp\libc_nano.a
LOAD c:/st/stm32cubeide_1.10.0/stm32cubeide/plugins/com.st.stm32cube.ide.mcu.externaltools.gnu-tools-for-stm32.10.3-2021.10.win32_1.0.0.202111181127/tools/bin/../lib/gcc/arm-none-eabi/10.3.1/../../../../arm-none-eabi/lib/thumb/v7-m/nofp\libnosys.a
END GROUP
START GROUP
LOAD c:/st/stm32cubeide_1.10.0/stm32cubeide/plugins/com.st.stm32cube.ide.mcu.externaltools.gnu-tools-for-stm32.10.3-2021.10.win32_1.0.0.202111181127/tools/bin/../lib/gcc/arm-none-eabi/10.3.1/thumb/v7-m/nofp\libgcc.a
LOAD c:/st/stm32cubeide_1.10.0/stm32cubeide/plugins/com.st.stm32cube.ide.mcu.externaltools.gnu-tools-for-stm32.10.3-2021.10.win32_1.0.0.202111181127/tools/bin/../lib/gcc/arm-none-eabi/10.3.1/../../../../arm-none-eabi/lib/thumb/v7-m/nofp\libc_nano.a
LOAD c:/st/stm32cubeide_1.10.0/stm32cubeide/plugins/com.st.stm32cube.ide.mcu.externaltools.gnu-tools-for-stm32.10.3-2021.10.win32_1.0.0.202111181127/tools/bin/../lib/gcc/arm-none-eabi/10.3.1/../../../../arm-none-eabi/lib/thumb/v7-m/nofp\libnosys.a
END GROUP
LOAD c:/st/stm32cubeide_1.10.0/stm32cubeide/plugins/com.st.stm32cube.ide.mcu.externaltools.gnu-tools-for-stm32.10.3-2021.10.win32_1.0.0.202111181127/tools/bin/../lib/gcc/arm-none-eabi/10.3.1/thumb/v7-m/nofp/crtend.o
LOAD c:/st/stm32cubeide_1.10.0/stm32cubeide/plugins/com.st.stm32cube.ide.mcu.externaltools.gnu-tools-for-stm32.10.3-2021.10.win32_1.0.0.202111181127/tools/bin/../lib/gcc/arm-none-eabi/10.3.1/thumb/v7-m/nofp/crtn.o
                0x0000000020005000                _estack = (ORIGIN (RAM) + LENGTH (RAM))
                0x0000000000000200                _Min_Heap_Size = 0x200
                0x0000000000000400                _Min_Stack_Size = 0x400

.isr_vector     0x0000000008000000      0x130
                0x0000000008000000                . = ALIGN (0x4)
 *(.isr_vector)
 .isr_vector    0x0000000008000000      0x130 ./Startup/startup_stm32f103c8tx.o
                0x0000000008000000                g_pfnVectors
                0x0000000008000130                . = ALIGN (0x4)

.text           0x0000000008000130     0x1f6c
                0x0000000008000130                . = ALIGN (0x4)
 *(.text)
 .text          0x0000000008000130       0x40 c:/st/stm32cubeide_1.10.0/stm32cubeide/plugins/com.st.stm32cube.ide.mcu.externaltools.gnu-tools-for-stm32.10.3-2021.10.win32_1.0.0.202111181127/tools/bin/../lib/gcc/arm-none-eabi/10.3.1/thumb/v7-m/nofp/crtbegin.o
 .text          0x0000000008000170      0x378 c:/st/stm32cubeide_1.10.0/stm32cubeide/plugins/com.st.stm32cube.ide.mcu.externaltools.gnu-tools-for-stm32.10.3-2021.10.win32_1.0.0.202111181127/tools/bin/../lib/gcc/arm-none-eabi/10.3.1/thumb/v7-m/nofp\libgcc.a(_arm_addsubdf3.o)
                0x0000000008000170                __aeabi_drsub
                0x0000000008000178                __aeabi_dsub
                0x0000000008000178                __subdf3
                0x000000000800017c                __aeabi_dadd
                0x000000000800017c                __adddf3
                0x00000000080003f4                __floatunsidf
                0x00000000080003f4                __aeabi_ui2d
                0x0000000008000414                __floatsidf
                0x0000000008000414                __aeabi_i2d
                0x0000000008000438                __aeabi_f2d
                0x0000000008000438                __extendsfdf2
                0x000000000800047c                __floatundidf
                0x000000000800047c                __aeabi_ul2d
                0x000000000800048c                __floatdidf
                0x000000000800048c                __aeabi_l2d
 .text          0x00000000080004e8      0x110 c:/st/stm32cubeide_1.10.0/stm32cubeide/plugins/com.st.stm32cube.ide.mcu.externaltools.gnu-tools-for-stm32.10.3-2021.10.win32_1.0.0.202111181127/tools/bin/../lib/gcc/arm-none-eabi/10.3.1/thumb/v7-m/nofp\libgcc.a(_arm_cmpdf2.o)
                0x00000000080004e8                __gtdf2
                0x00000000080004e8                __gedf2
                0x00000000080004f0                __ltdf2
                0x00000000080004f0                __ledf2
                0x00000000080004f8                __nedf2
                0x00000000080004f8                __eqdf2
                0x00000000080004f8                __cmpdf2
                0x0000000008000574                __aeabi_cdrcmple
                0x0000000008000584                __aeabi_cdcmpeq
                0x0000000008000584                __aeabi_cdcmple
                0x0000000008000594                __aeabi_dcmpeq
                0x00000000080005a8                __aeabi_dcmplt
                0x00000000080005bc                __aeabi_dcmple
                0x00000000080005d0                __aeabi_dcmpge
                0x00000000080005e4                __aeabi_dcmpgt
 .text          0x00000000080005f8      0x21c c:/st/stm32cubeide_1.10.0/stm32cubeide/plugins/com.st.stm32cube.ide.mcu.externaltools.gnu-tools-for-stm32.10.3-2021.10.win32_1.0.0.202111181127/tools/bin/../lib/gcc/arm-none-eabi/10.3.1/thumb/v7-m/nofp\libgcc.a(_arm_addsubsf3.o)
                0x00000000080005f8                __aeabi_frsub
                0x0000000008000600                __subsf3
                0x0000000008000600                __aeabi_fsub
                0x0000000008000604                __aeabi_fadd
                0x0000000008000604                __addsf3
                0x0000000008000764                __aeabi_ui2f
                0x0000000008000764                __floatunsisf
                0x000000000800076c                __aeabi_i2f
                0x000000000800076c                __floatsisf
                0x0000000008000788                __aeabi_ul2f
                0x0000000008000788                __floatundisf
                0x0000000008000798                __aeabi_l2f
                0x0000000008000798                __floatdisf
 .text          0x0000000008000814      0x2a0 c:/st/stm32cubeide_1.10.0/stm32cubeide/plugins/com.st.stm32cube.ide.mcu.externaltools.gnu-tools-for-stm32.10.3-2021.10.win32_1.0.0.202111181127/tools/bin/../lib/gcc/arm-none-eabi/10.3.1/thumb/v7-m/nofp\libgcc.a(_arm_muldivsf3.o)
                0x0000000008000814                __mulsf3
                0x0000000008000814                __aeabi_fmul
                0x000000000800097c                __aeabi_fdiv
                0x000000000800097c                __divsf3
 .text          0x0000000008000ab4       0x40 c:/st/stm32cubeide_1.10.0/stm32cubeide/plugins/com.st.stm32cube.ide.mcu.externaltools.gnu-tools-for-stm32.10.3-2021.10.win32_1.0.0.202111181127/tools/bin/../lib/gcc/arm-none-eabi/10.3.1/thumb/v7-m/nofp\libgcc.a(_arm_fixunssfsi.o)
                0x0000000008000ab4                __fixunssfsi
                0x0000000008000ab4                __aeabi_f2uiz
 *(.text*)
 *fill*         0x0000000008000af4        0x4 
 .text.main     0x0000000008000af8      0x1c8 ./Src/main.o
                0x0000000008000af8                main
 .text.TIM1_Configuraion
                0x0000000008000cc0      0x188 ./Src/main.o
                0x0000000008000cc0                TIM1_Configuraion
 .text.ADC_Configuration
                0x0000000008000e48       0xb0 ./Src/main.o
                0x0000000008000e48                ADC_Configuration
 .text.TIM1_UP_IRQHandler
                0x0000000008000ef8       0xe8 ./Src/stm32f10x_it.o
                0x0000000008000ef8                TIM1_UP_IRQHandler
 .text.NMI_Handler
                0x0000000008000fe0        0xc ./Src/stm32f10x_it.o
                0x0000000008000fe0                NMI_Handler
 .text.HardFault_Handler
                0x0000000008000fec        0x6 ./Src/stm32f10x_it.o
                0x0000000008000fec                HardFault_Handler
 .text.MemManage_Handler
                0x0000000008000ff2        0x6 ./Src/stm32f10x_it.o
                0x0000000008000ff2                MemManage_Handler
 .text.BusFault_Handler
                0x0000000008000ff8        0x6 ./Src/stm32f10x_it.o
                0x0000000008000ff8                BusFault_Handler
 .text.UsageFault_Handler
                0x0000000008000ffe        0x6 ./Src/stm32f10x_it.o
                0x0000000008000ffe                UsageFault_Handler
 .text.SVC_Handler
                0x0000000008001004        0xc ./Src/stm32f10x_it.o
                0x0000000008001004                SVC_Handler
 .text.DebugMon_Handler
                0x0000000008001010        0xc ./Src/stm32f10x_it.o
                0x0000000008001010                DebugMon_Handler
 .text.PendSV_Handler
                0x000000000800101c        0xc ./Src/stm32f10x_it.o
                0x000000000800101c                PendSV_Handler
 .text.SysTick_Handler
                0x0000000008001028        0xc ./Src/stm32f10x_it.o
                0x0000000008001028                SysTick_Handler
 .text.SystemInit
                0x0000000008001034       0x68 ./Src/system_stm32f10x.o
                0x0000000008001034                SystemInit
 .text.SetSysClock
                0x000000000800109c        0xc ./Src/system_stm32f10x.o
 .text.SetSysClockTo72
                0x00000000080010a8      0x100 ./Src/system_stm32f10x.o
 .text.Reset_Handler
                0x00000000080011a8       0x50 ./Startup/startup_stm32f103c8tx.o
                0x00000000080011a8                Reset_Handler
 .text.Default_Handler
                0x00000000080011f8        0x2 ./Startup/startup_stm32f103c8tx.o
                0x00000000080011f8                EXTI2_IRQHandler
                0x00000000080011f8                TIM8_TRG_COM_IRQHandler
                0x00000000080011f8                TIM8_CC_IRQHandler
                0x00000000080011f8                TIM1_CC_IRQHandler
                0x00000000080011f8                TIM6_IRQHandler
                0x00000000080011f8                PVD_IRQHandler
                0x00000000080011f8                SDIO_IRQHandler
                0x00000000080011f8                EXTI3_IRQHandler
                0x00000000080011f8                USB_HP_CAN_TX_IRQHandler
                0x00000000080011f8                EXTI0_IRQHandler
                0x00000000080011f8                I2C2_EV_IRQHandler
                0x00000000080011f8                ADC1_2_IRQHandler
                0x00000000080011f8                SPI1_IRQHandler
                0x00000000080011f8                CAN_SCE_IRQHandler
                0x00000000080011f8                TAMPER_IRQHandler
                0x00000000080011f8                TIM8_UP_IRQHandler
                0x00000000080011f8                DMA2_Channel2_IRQHandler
                0x00000000080011f8                DMA1_Channel4_IRQHandler
                0x00000000080011f8                USART3_IRQHandler
                0x00000000080011f8                RTC_IRQHandler
                0x00000000080011f8                DMA1_Channel7_IRQHandler
                0x00000000080011f8                UART5_IRQHandler
                0x00000000080011f8                ADC3_IRQHandler
                0x00000000080011f8                TIM4_IRQHandler
                0x00000000080011f8                CAN_RX1_IRQHandler
                0x00000000080011f8                DMA2_Channel1_IRQHandler
                0x00000000080011f8                I2C1_EV_IRQHandler
                0x00000000080011f8                DMA1_Channel6_IRQHandler
                0x00000000080011f8                UART4_IRQHandler
                0x00000000080011f8                TIM3_IRQHandler
                0x00000000080011f8                RCC_IRQHandler
                0x00000000080011f8                TIM1_TRG_COM_IRQHandler
                0x00000000080011f8                DMA1_Channel1_IRQHandler
                0x00000000080011f8                Default_Handler
                0x00000000080011f8                EXTI15_10_IRQHandler
                0x00000000080011f8                TIM7_IRQHandler
                0x00000000080011f8                TIM5_IRQHandler
                0x00000000080011f8                EXTI9_5_IRQHandler
                0x00000000080011f8                SPI2_IRQHandler
                0x00000000080011f8                USB_LP_CAN_RX0_IRQHandler
                0x00000000080011f8                DMA1_Channel5_IRQHandler
                0x00000000080011f8                EXTI4_IRQHandler
                0x00000000080011f8                DMA1_Channel3_IRQHandler
                0x00000000080011f8                FSMC_IRQHandler
                0x00000000080011f8                WWDG_IRQHandler
                0x00000000080011f8                TIM2_IRQHandler
                0x00000000080011f8                TIM1_BRK_IRQHandler
                0x00000000080011f8                EXTI1_IRQHandler
                0x00000000080011f8                RTCAlarm_IRQHandler
                0x00000000080011f8                DMA2_Channel4_5_IRQHandler
                0x00000000080011f8                USART2_IRQHandler
                0x00000000080011f8                I2C2_ER_IRQHandler
                0x00000000080011f8                DMA1_Channel2_IRQHandler
                0x00000000080011f8                TIM8_BRK_IRQHandler
                0x00000000080011f8                FLASH_IRQHandler
                0x00000000080011f8                USART1_IRQHandler
                0x00000000080011f8                SPI3_IRQHandler
                0x00000000080011f8                I2C1_ER_IRQHandler
                0x00000000080011f8                DMA2_Channel3_IRQHandler
 *fill*         0x00000000080011fa        0x2 
 .text.NVIC_Init
                0x00000000080011fc       0xc4 ./User/src/misc.o
                0x00000000080011fc                NVIC_Init
 .text.Init_PID
                0x00000000080012c0       0x5a ./User/src/pid.o
                0x00000000080012c0                Init_PID
 *fill*         0x000000000800131a        0x2 
 .text.PID      0x000000000800131c       0xf4 ./User/src/pid.o
                0x000000000800131c                PID
 .text.ADC_Init
                0x0000000008001410       0xa4 ./User/src/stm32f10x_adc.o
                0x0000000008001410                ADC_Init
 .text.ADC_Cmd  0x00000000080014b4       0x36 ./User/src/stm32f10x_adc.o
                0x00000000080014b4                ADC_Cmd
 .text.ADC_ResetCalibration
                0x00000000080014ea       0x1e ./User/src/stm32f10x_adc.o
                0x00000000080014ea                ADC_ResetCalibration
 .text.ADC_GetResetCalibrationStatus
                0x0000000008001508       0x2e ./User/src/stm32f10x_adc.o
                0x0000000008001508                ADC_GetResetCalibrationStatus
 .text.ADC_StartCalibration
                0x0000000008001536       0x1e ./User/src/stm32f10x_adc.o
                0x0000000008001536                ADC_StartCalibration
 .text.ADC_GetCalibrationStatus
                0x0000000008001554       0x2e ./User/src/stm32f10x_adc.o
                0x0000000008001554                ADC_GetCalibrationStatus
 .text.ADC_SoftwareStartConvCmd
                0x0000000008001582       0x36 ./User/src/stm32f10x_adc.o
                0x0000000008001582                ADC_SoftwareStartConvCmd
 .text.ADC_RegularChannelConfig
                0x00000000080015b8      0x192 ./User/src/stm32f10x_adc.o
                0x00000000080015b8                ADC_RegularChannelConfig
 .text.ADC_GetConversionValue
                0x000000000800174a       0x18 ./User/src/stm32f10x_adc.o
                0x000000000800174a                ADC_GetConversionValue
 *fill*         0x0000000008001762        0x2 
 .text.ADC_TempSensorVrefintCmd
                0x0000000008001764       0x38 ./User/src/stm32f10x_adc.o
                0x0000000008001764                ADC_TempSensorVrefintCmd
 .text.GPIO_Init
                0x000000000800179c      0x178 ./User/src/stm32f10x_gpio.o
                0x000000000800179c                GPIO_Init
 .text.RCC_APB2PeriphClockCmd
                0x0000000008001914       0x3c ./User/src/stm32f10x_rcc.o
                0x0000000008001914                RCC_APB2PeriphClockCmd
 .text.TIM_TimeBaseInit
                0x0000000008001950       0xf8 ./User/src/stm32f10x_tim.o
                0x0000000008001950                TIM_TimeBaseInit
 .text.TIM_OC1Init
                0x0000000008001a48      0x118 ./User/src/stm32f10x_tim.o
                0x0000000008001a48                TIM_OC1Init
 .text.TIM_OC2Init
                0x0000000008001b60      0x110 ./User/src/stm32f10x_tim.o
                0x0000000008001b60                TIM_OC2Init
 .text.TIM_BDTRConfig
                0x0000000008001c70       0x4e ./User/src/stm32f10x_tim.o
                0x0000000008001c70                TIM_BDTRConfig
 .text.TIM_Cmd  0x0000000008001cbe       0x3e ./User/src/stm32f10x_tim.o
                0x0000000008001cbe                TIM_Cmd
 .text.TIM_CtrlPWMOutputs
                0x0000000008001cfc       0x4a ./User/src/stm32f10x_tim.o
                0x0000000008001cfc                TIM_CtrlPWMOutputs
 .text.TIM_ITConfig
                0x0000000008001d46       0x46 ./User/src/stm32f10x_tim.o
                0x0000000008001d46                TIM_ITConfig
 .text.TIM_ARRPreloadConfig
                0x0000000008001d8c       0x3e ./User/src/stm32f10x_tim.o
                0x0000000008001d8c                TIM_ARRPreloadConfig
 .text.TIM_OC1PreloadConfig
                0x0000000008001dca       0x36 ./User/src/stm32f10x_tim.o
                0x0000000008001dca                TIM_OC1PreloadConfig
 .text.TIM_OC2PreloadConfig
                0x0000000008001e00       0x3a ./User/src/stm32f10x_tim.o
                0x0000000008001e00                TIM_OC2PreloadConfig
 .text.TIM_CCxCmd
                0x0000000008001e3a       0x54 ./User/src/stm32f10x_tim.o
                0x0000000008001e3a                TIM_CCxCmd
 .text.TIM_CCxNCmd
                0x0000000008001e8e       0x54 ./User/src/stm32f10x_tim.o
                0x0000000008001e8e                TIM_CCxNCmd
 .text.TIM_SelectOCxM
                0x0000000008001ee2       0xb0 ./User/src/stm32f10x_tim.o
                0x0000000008001ee2                TIM_SelectOCxM
 .text.TIM_SetCompare1
                0x0000000008001f92       0x1c ./User/src/stm32f10x_tim.o
                0x0000000008001f92                TIM_SetCompare1
 .text.TIM_SetCompare2
                0x0000000008001fae       0x1c ./User/src/stm32f10x_tim.o
                0x0000000008001fae                TIM_SetCompare2
 .text.TIM_ClearFlag
                0x0000000008001fca       0x20 ./User/src/stm32f10x_tim.o
                0x0000000008001fca                TIM_ClearFlag
 .text.TIM_GetITStatus
                0x0000000008001fea       0x52 ./User/src/stm32f10x_tim.o
                0x0000000008001fea                TIM_GetITStatus
 .text.__libc_init_array
                0x000000000800203c       0x48 c:/st/stm32cubeide_1.10.0/stm32cubeide/plugins/com.st.stm32cube.ide.mcu.externaltools.gnu-tools-for-stm32.10.3-2021.10.win32_1.0.0.202111181127/tools/bin/../lib/gcc/arm-none-eabi/10.3.1/../../../../arm-none-eabi/lib/thumb/v7-m/nofp\libc_nano.a(lib_a-init.o)
                0x000000000800203c                __libc_init_array
 *(.glue_7)
 .glue_7        0x0000000008002084        0x0 linker stubs
 *(.glue_7t)
 .glue_7t       0x0000000008002084        0x0 linker stubs
 *(.eh_frame)
 .eh_frame      0x0000000008002084        0x0 c:/st/stm32cubeide_1.10.0/stm32cubeide/plugins/com.st.stm32cube.ide.mcu.externaltools.gnu-tools-for-stm32.10.3-2021.10.win32_1.0.0.202111181127/tools/bin/../lib/gcc/arm-none-eabi/10.3.1/thumb/v7-m/nofp/crtbegin.o
 *(.init)
 .init          0x0000000008002084        0x4 c:/st/stm32cubeide_1.10.0/stm32cubeide/plugins/com.st.stm32cube.ide.mcu.externaltools.gnu-tools-for-stm32.10.3-2021.10.win32_1.0.0.202111181127/tools/bin/../lib/gcc/arm-none-eabi/10.3.1/thumb/v7-m/nofp/crti.o
                0x0000000008002084                _init
 .init          0x0000000008002088        0x8 c:/st/stm32cubeide_1.10.0/stm32cubeide/plugins/com.st.stm32cube.ide.mcu.externaltools.gnu-tools-for-stm32.10.3-2021.10.win32_1.0.0.202111181127/tools/bin/../lib/gcc/arm-none-eabi/10.3.1/thumb/v7-m/nofp/crtn.o
 *(.fini)
 .fini          0x0000000008002090        0x4 c:/st/stm32cubeide_1.10.0/stm32cubeide/plugins/com.st.stm32cube.ide.mcu.externaltools.gnu-tools-for-stm32.10.3-2021.10.win32_1.0.0.202111181127/tools/bin/../lib/gcc/arm-none-eabi/10.3.1/thumb/v7-m/nofp/crti.o
                0x0000000008002090                _fini
 .fini          0x0000000008002094        0x8 c:/st/stm32cubeide_1.10.0/stm32cubeide/plugins/com.st.stm32cube.ide.mcu.externaltools.gnu-tools-for-stm32.10.3-2021.10.win32_1.0.0.202111181127/tools/bin/../lib/gcc/arm-none-eabi/10.3.1/thumb/v7-m/nofp/crtn.o
                0x000000000800209c                . = ALIGN (0x4)
                0x000000000800209c                _etext = .

.vfp11_veneer   0x000000000800209c        0x0
 .vfp11_veneer  0x000000000800209c        0x0 linker stubs

.v4_bx          0x000000000800209c        0x0
 .v4_bx         0x000000000800209c        0x0 linker stubs

.iplt           0x000000000800209c        0x0
 .iplt          0x000000000800209c        0x0 c:/st/stm32cubeide_1.10.0/stm32cubeide/plugins/com.st.stm32cube.ide.mcu.externaltools.gnu-tools-for-stm32.10.3-2021.10.win32_1.0.0.202111181127/tools/bin/../lib/gcc/arm-none-eabi/10.3.1/thumb/v7-m/nofp/crtbegin.o

.rel.dyn        0x000000000800209c        0x0
 .rel.iplt      0x000000000800209c        0x0 c:/st/stm32cubeide_1.10.0/stm32cubeide/plugins/com.st.stm32cube.ide.mcu.externaltools.gnu-tools-for-stm32.10.3-2021.10.win32_1.0.0.202111181127/tools/bin/../lib/gcc/arm-none-eabi/10.3.1/thumb/v7-m/nofp/crtbegin.o

.rodata         0x000000000800209c        0x0
                0x000000000800209c                . = ALIGN (0x4)
 *(.rodata)
 *(.rodata*)
                0x000000000800209c                . = ALIGN (0x4)

.ARM.extab      0x000000000800209c        0x0
                0x000000000800209c                . = ALIGN (0x4)
 *(.ARM.extab* .gnu.linkonce.armextab.*)
                0x000000000800209c                . = ALIGN (0x4)

.ARM            0x000000000800209c        0x0
                0x000000000800209c                . = ALIGN (0x4)
                0x000000000800209c                __exidx_start = .
 *(.ARM.exidx*)
                0x000000000800209c                __exidx_end = .
                0x000000000800209c                . = ALIGN (0x4)

.preinit_array  0x000000000800209c        0x0
                0x000000000800209c                . = ALIGN (0x4)
                0x000000000800209c                PROVIDE (__preinit_array_start = .)
 *(.preinit_array*)
                0x000000000800209c                PROVIDE (__preinit_array_end = .)
                0x000000000800209c                . = ALIGN (0x4)

.init_array     0x000000000800209c        0x4
                0x000000000800209c                . = ALIGN (0x4)
                0x000000000800209c                PROVIDE (__init_array_start = .)
 *(SORT_BY_NAME(.init_array.*))
 *(.init_array*)
 .init_array    0x000000000800209c        0x4 c:/st/stm32cubeide_1.10.0/stm32cubeide/plugins/com.st.stm32cube.ide.mcu.externaltools.gnu-tools-for-stm32.10.3-2021.10.win32_1.0.0.202111181127/tools/bin/../lib/gcc/arm-none-eabi/10.3.1/thumb/v7-m/nofp/crtbegin.o
                0x00000000080020a0                PROVIDE (__init_array_end = .)
                0x00000000080020a0                . = ALIGN (0x4)

.fini_array     0x00000000080020a0        0x4
                0x00000000080020a0                . = ALIGN (0x4)
                [!provide]                        PROVIDE (__fini_array_start = .)
 *(SORT_BY_NAME(.fini_array.*))
 *(.fini_array*)
 .fini_array    0x00000000080020a0        0x4 c:/st/stm32cubeide_1.10.0/stm32cubeide/plugins/com.st.stm32cube.ide.mcu.externaltools.gnu-tools-for-stm32.10.3-2021.10.win32_1.0.0.202111181127/tools/bin/../lib/gcc/arm-none-eabi/10.3.1/thumb/v7-m/nofp/crtbegin.o
                [!provide]                        PROVIDE (__fini_array_end = .)
                0x00000000080020a4                . = ALIGN (0x4)
                0x00000000080020a4                _sidata = LOADADDR (.data)

.data           0x0000000020000000      0x320 load address 0x00000000080020a4
                0x0000000020000000                . = ALIGN (0x4)
                0x0000000020000000                _sdata = .
 *(.data)
 *(.data*)
 .data.Arr1     0x0000000020000000        0x2 ./Src/main.o
                0x0000000020000000                Arr1
 *fill*         0x0000000020000002        0x2 
 .data.k        0x0000000020000004        0x4 ./Src/main.o
                0x0000000020000004                k
 .data.L4       0x0000000020000008      0x318 ./Src/stm32f10x_it.o
                0x0000000020000008                L4
 *(.RamFunc)
 *(.RamFunc*)
                0x0000000020000320                . = ALIGN (0x4)
                0x0000000020000320                _edata = .

.igot.plt       0x0000000020000320        0x0 load address 0x00000000080023c4
 .igot.plt      0x0000000020000320        0x0 c:/st/stm32cubeide_1.10.0/stm32cubeide/plugins/com.st.stm32cube.ide.mcu.externaltools.gnu-tools-for-stm32.10.3-2021.10.win32_1.0.0.202111181127/tools/bin/../lib/gcc/arm-none-eabi/10.3.1/thumb/v7-m/nofp/crtbegin.o
                0x0000000020000320                . = ALIGN (0x4)

.bss            0x0000000020000320      0x6c0 load address 0x00000000080023c4
                0x0000000020000320                _sbss = .
                0x0000000020000320                __bss_start__ = _sbss
 *(.bss)
 .bss           0x0000000020000320       0x1c c:/st/stm32cubeide_1.10.0/stm32cubeide/plugins/com.st.stm32cube.ide.mcu.externaltools.gnu-tools-for-stm32.10.3-2021.10.win32_1.0.0.202111181127/tools/bin/../lib/gcc/arm-none-eabi/10.3.1/thumb/v7-m/nofp/crtbegin.o
 *(.bss*)
 .bss.GPIO_InitStructure
                0x000000002000033c        0x4 ./Src/main.o
                0x000000002000033c                GPIO_InitStructure
 .bss.TIM_TimeBaseStructure
                0x0000000020000340        0xa ./Src/main.o
                0x0000000020000340                TIM_TimeBaseStructure
 *fill*         0x000000002000034a        0x2 
 .bss.TIM_OCInitStructure
                0x000000002000034c       0x10 ./Src/main.o
                0x000000002000034c                TIM_OCInitStructure
 .bss.TIM_BDTRInitStructure
                0x000000002000035c        0xe ./Src/main.o
                0x000000002000035c                TIM_BDTRInitStructure
 *fill*         0x000000002000036a        0x2 
 .bss.NVIC_InitStructure
                0x000000002000036c        0x4 ./Src/main.o
                0x000000002000036c                NVIC_InitStructure
 .bss.ADC_InitStructure
                0x0000000020000370       0x14 ./Src/main.o
                0x0000000020000370                ADC_InitStructure
 .bss.pidData   0x0000000020000384       0x1c ./Src/main.o
                0x0000000020000384                pidData
 .bss.L3        0x00000000200003a0      0x318 ./Src/main.o
                0x00000000200003a0                L3
 .bss.L5        0x00000000200006b8      0x318 ./Src/main.o
                0x00000000200006b8                L5
 .bss.Ext_ReadAdc_Max1
                0x00000000200009d0        0x2 ./Src/main.o
                0x00000000200009d0                Ext_ReadAdc_Max1
 .bss.Arr       0x00000000200009d2        0x2 ./Src/main.o
                0x00000000200009d2                Arr
 .bss.chonmang  0x00000000200009d4        0x4 ./Src/main.o
                0x00000000200009d4                chonmang
 .bss.Read_pid  0x00000000200009d8        0x4 ./Src/main.o
                0x00000000200009d8                Read_pid
 .bss.read_p1   0x00000000200009dc        0x4 ./Src/main.o
                0x00000000200009dc                read_p1
 *(COMMON)
                0x00000000200009e0                . = ALIGN (0x4)
                0x00000000200009e0                _ebss = .
                0x00000000200009e0                __bss_end__ = _ebss

._user_heap_stack
                0x00000000200009e0      0x600 load address 0x00000000080023c4
                0x00000000200009e0                . = ALIGN (0x8)
                [!provide]                        PROVIDE (end = .)
                0x00000000200009e0                PROVIDE (_end = .)
                0x0000000020000be0                . = (. + _Min_Heap_Size)
 *fill*         0x00000000200009e0      0x200 
                0x0000000020000fe0                . = (. + _Min_Stack_Size)
 *fill*         0x0000000020000be0      0x400 
                0x0000000020000fe0                . = ALIGN (0x8)

/DISCARD/
 libc.a(*)
 libm.a(*)
 libgcc.a(*)

.ARM.attributes
                0x0000000000000000       0x29
 *(.ARM.attributes)
 .ARM.attributes
                0x0000000000000000       0x1d c:/st/stm32cubeide_1.10.0/stm32cubeide/plugins/com.st.stm32cube.ide.mcu.externaltools.gnu-tools-for-stm32.10.3-2021.10.win32_1.0.0.202111181127/tools/bin/../lib/gcc/arm-none-eabi/10.3.1/thumb/v7-m/nofp/crti.o
 .ARM.attributes
                0x000000000000001d       0x2d c:/st/stm32cubeide_1.10.0/stm32cubeide/plugins/com.st.stm32cube.ide.mcu.externaltools.gnu-tools-for-stm32.10.3-2021.10.win32_1.0.0.202111181127/tools/bin/../lib/gcc/arm-none-eabi/10.3.1/thumb/v7-m/nofp/crtbegin.o
 .ARM.attributes
                0x000000000000004a       0x2d ./Src/main.o
 .ARM.attributes
                0x0000000000000077       0x2d ./Src/stm32f10x_it.o
 .ARM.attributes
                0x00000000000000a4       0x2d ./Src/system_stm32f10x.o
 .ARM.attributes
                0x00000000000000d1       0x21 ./Startup/startup_stm32f103c8tx.o
 .ARM.attributes
                0x00000000000000f2       0x2d ./User/src/misc.o
 .ARM.attributes
                0x000000000000011f       0x2d ./User/src/pid.o
 .ARM.attributes
                0x000000000000014c       0x2d ./User/src/stm32f10x_adc.o
 .ARM.attributes
                0x0000000000000179       0x2d ./User/src/stm32f10x_gpio.o
 .ARM.attributes
                0x00000000000001a6       0x2d ./User/src/stm32f10x_rcc.o
 .ARM.attributes
                0x00000000000001d3       0x2d ./User/src/stm32f10x_tim.o
 .ARM.attributes
                0x0000000000000200       0x2d c:/st/stm32cubeide_1.10.0/stm32cubeide/plugins/com.st.stm32cube.ide.mcu.externaltools.gnu-tools-for-stm32.10.3-2021.10.win32_1.0.0.202111181127/tools/bin/../lib/gcc/arm-none-eabi/10.3.1/../../../../arm-none-eabi/lib/thumb/v7-m/nofp\libc_nano.a(lib_a-init.o)
 .ARM.attributes
                0x000000000000022d       0x1d c:/st/stm32cubeide_1.10.0/stm32cubeide/plugins/com.st.stm32cube.ide.mcu.externaltools.gnu-tools-for-stm32.10.3-2021.10.win32_1.0.0.202111181127/tools/bin/../lib/gcc/arm-none-eabi/10.3.1/thumb/v7-m/nofp\libgcc.a(_arm_addsubdf3.o)
 .ARM.attributes
                0x000000000000024a       0x1d c:/st/stm32cubeide_1.10.0/stm32cubeide/plugins/com.st.stm32cube.ide.mcu.externaltools.gnu-tools-for-stm32.10.3-2021.10.win32_1.0.0.202111181127/tools/bin/../lib/gcc/arm-none-eabi/10.3.1/thumb/v7-m/nofp\libgcc.a(_arm_cmpdf2.o)
 .ARM.attributes
                0x0000000000000267       0x1d c:/st/stm32cubeide_1.10.0/stm32cubeide/plugins/com.st.stm32cube.ide.mcu.externaltools.gnu-tools-for-stm32.10.3-2021.10.win32_1.0.0.202111181127/tools/bin/../lib/gcc/arm-none-eabi/10.3.1/thumb/v7-m/nofp\libgcc.a(_arm_addsubsf3.o)
 .ARM.attributes
                0x0000000000000284       0x1d c:/st/stm32cubeide_1.10.0/stm32cubeide/plugins/com.st.stm32cube.ide.mcu.externaltools.gnu-tools-for-stm32.10.3-2021.10.win32_1.0.0.202111181127/tools/bin/../lib/gcc/arm-none-eabi/10.3.1/thumb/v7-m/nofp\libgcc.a(_arm_muldivsf3.o)
 .ARM.attributes
                0x00000000000002a1       0x1d c:/st/stm32cubeide_1.10.0/stm32cubeide/plugins/com.st.stm32cube.ide.mcu.externaltools.gnu-tools-for-stm32.10.3-2021.10.win32_1.0.0.202111181127/tools/bin/../lib/gcc/arm-none-eabi/10.3.1/thumb/v7-m/nofp\libgcc.a(_arm_fixunssfsi.o)
 .ARM.attributes
                0x00000000000002be       0x1d c:/st/stm32cubeide_1.10.0/stm32cubeide/plugins/com.st.stm32cube.ide.mcu.externaltools.gnu-tools-for-stm32.10.3-2021.10.win32_1.0.0.202111181127/tools/bin/../lib/gcc/arm-none-eabi/10.3.1/thumb/v7-m/nofp/crtn.o
OUTPUT(F1_Sine_Timer1_BCT.elf elf32-littlearm)
LOAD linker stubs
LOAD c:/st/stm32cubeide_1.10.0/stm32cubeide/plugins/com.st.stm32cube.ide.mcu.externaltools.gnu-tools-for-stm32.10.3-2021.10.win32_1.0.0.202111181127/tools/bin/../lib/gcc/arm-none-eabi/10.3.1/../../../../arm-none-eabi/lib/thumb/v7-m/nofp\libc.a
LOAD c:/st/stm32cubeide_1.10.0/stm32cubeide/plugins/com.st.stm32cube.ide.mcu.externaltools.gnu-tools-for-stm32.10.3-2021.10.win32_1.0.0.202111181127/tools/bin/../lib/gcc/arm-none-eabi/10.3.1/../../../../arm-none-eabi/lib/thumb/v7-m/nofp\libm.a
LOAD c:/st/stm32cubeide_1.10.0/stm32cubeide/plugins/com.st.stm32cube.ide.mcu.externaltools.gnu-tools-for-stm32.10.3-2021.10.win32_1.0.0.202111181127/tools/bin/../lib/gcc/arm-none-eabi/10.3.1/thumb/v7-m/nofp\libgcc.a

.debug_info     0x0000000000000000     0x59e9
 .debug_info    0x0000000000000000      0xe02 ./Src/main.o
 .debug_info    0x0000000000000e02      0x5eb ./Src/stm32f10x_it.o
 .debug_info    0x00000000000013ed      0x479 ./Src/system_stm32f10x.o
 .debug_info    0x0000000000001866       0x22 ./Startup/startup_stm32f103c8tx.o
 .debug_info    0x0000000000001888      0x510 ./User/src/misc.o
 .debug_info    0x0000000000001d98      0x1de ./User/src/pid.o
 .debug_info    0x0000000000001f76      0xc16 ./User/src/stm32f10x_adc.o
 .debug_info    0x0000000000002b8c      0x74a ./User/src/stm32f10x_gpio.o
 .debug_info    0x00000000000032d6      0x8f7 ./User/src/stm32f10x_rcc.o
 .debug_info    0x0000000000003bcd     0x1e1c ./User/src/stm32f10x_tim.o

.debug_abbrev   0x0000000000000000      0xf3d
 .debug_abbrev  0x0000000000000000      0x22b ./Src/main.o
 .debug_abbrev  0x000000000000022b      0x163 ./Src/stm32f10x_it.o
 .debug_abbrev  0x000000000000038e      0x1b1 ./Src/system_stm32f10x.o
 .debug_abbrev  0x000000000000053f       0x12 ./Startup/startup_stm32f103c8tx.o
 .debug_abbrev  0x0000000000000551      0x184 ./User/src/misc.o
 .debug_abbrev  0x00000000000006d5       0xd4 ./User/src/pid.o
 .debug_abbrev  0x00000000000007a9      0x1ce ./User/src/stm32f10x_adc.o
 .debug_abbrev  0x0000000000000977      0x208 ./User/src/stm32f10x_gpio.o
 .debug_abbrev  0x0000000000000b7f      0x1d6 ./User/src/stm32f10x_rcc.o
 .debug_abbrev  0x0000000000000d55      0x1e8 ./User/src/stm32f10x_tim.o

.debug_aranges  0x0000000000000000      0x748
 .debug_aranges
                0x0000000000000000       0x30 ./Src/main.o
 .debug_aranges
                0x0000000000000030       0x68 ./Src/stm32f10x_it.o
 .debug_aranges
                0x0000000000000098       0x38 ./Src/system_stm32f10x.o
 .debug_aranges
                0x00000000000000d0       0x28 ./Startup/startup_stm32f103c8tx.o
 .debug_aranges
                0x00000000000000f8       0x40 ./User/src/misc.o
 .debug_aranges
                0x0000000000000138       0x28 ./User/src/pid.o
 .debug_aranges
                0x0000000000000160      0x138 ./User/src/stm32f10x_adc.o
 .debug_aranges
                0x0000000000000298       0xa8 ./User/src/stm32f10x_gpio.o
 .debug_aranges
                0x0000000000000340      0x118 ./User/src/stm32f10x_rcc.o
 .debug_aranges
                0x0000000000000458      0x2f0 ./User/src/stm32f10x_tim.o

.debug_ranges   0x0000000000000000      0x6b0
 .debug_ranges  0x0000000000000000       0x20 ./Src/main.o
 .debug_ranges  0x0000000000000020       0x58 ./Src/stm32f10x_it.o
 .debug_ranges  0x0000000000000078       0x28 ./Src/system_stm32f10x.o
 .debug_ranges  0x00000000000000a0       0x20 ./Startup/startup_stm32f103c8tx.o
 .debug_ranges  0x00000000000000c0       0x30 ./User/src/misc.o
 .debug_ranges  0x00000000000000f0       0x18 ./User/src/pid.o
 .debug_ranges  0x0000000000000108      0x128 ./User/src/stm32f10x_adc.o
 .debug_ranges  0x0000000000000230       0x98 ./User/src/stm32f10x_gpio.o
 .debug_ranges  0x00000000000002c8      0x108 ./User/src/stm32f10x_rcc.o
 .debug_ranges  0x00000000000003d0      0x2e0 ./User/src/stm32f10x_tim.o

.debug_macro    0x0000000000000000     0xe446
 .debug_macro   0x0000000000000000      0x184 ./Src/main.o
 .debug_macro   0x0000000000000184      0xa7e ./Src/main.o
 .debug_macro   0x0000000000000c02       0x56 ./Src/main.o
 .debug_macro   0x0000000000000c58       0x22 ./Src/main.o
 .debug_macro   0x0000000000000c7a       0x22 ./Src/main.o
 .debug_macro   0x0000000000000c9c       0x8e ./Src/main.o
 .debug_macro   0x0000000000000d2a       0x51 ./Src/main.o
 .debug_macro   0x0000000000000d7b      0x103 ./Src/main.o
 .debug_macro   0x0000000000000e7e       0x6a ./Src/main.o
 .debug_macro   0x0000000000000ee8      0x1df ./Src/main.o
 .debug_macro   0x00000000000010c7      0x69f ./Src/main.o
 .debug_macro   0x0000000000001766     0x7dbe ./Src/main.o
 .debug_macro   0x0000000000009524      0x2df ./Src/main.o
 .debug_macro   0x0000000000009803      0x144 ./Src/main.o
 .debug_macro   0x0000000000009947      0x3cf ./Src/main.o
 .debug_macro   0x0000000000009d16       0xc8 ./Src/main.o
 .debug_macro   0x0000000000009dde      0x17a ./Src/main.o
 .debug_macro   0x0000000000009f58       0xac ./Src/main.o
 .debug_macro   0x000000000000a004      0x3ad ./Src/main.o
 .debug_macro   0x000000000000a3b1       0x9a ./Src/main.o
 .debug_macro   0x000000000000a44b      0x2cf ./Src/main.o
 .debug_macro   0x000000000000a71a      0x279 ./Src/main.o
 .debug_macro   0x000000000000a993      0x2ac ./Src/main.o
 .debug_macro   0x000000000000ac3f      0x2b1 ./Src/main.o
 .debug_macro   0x000000000000aef0       0x64 ./Src/main.o
 .debug_macro   0x000000000000af54       0x82 ./Src/main.o
 .debug_macro   0x000000000000afd6      0x3e2 ./Src/main.o
 .debug_macro   0x000000000000b3b8       0x58 ./Src/main.o
 .debug_macro   0x000000000000b410      0x341 ./Src/main.o
 .debug_macro   0x000000000000b751      0x2c4 ./Src/main.o
 .debug_macro   0x000000000000ba15      0x711 ./Src/main.o
 .debug_macro   0x000000000000c126      0x220 ./Src/main.o
 .debug_macro   0x000000000000c346       0x34 ./Src/main.o
 .debug_macro   0x000000000000c37a       0x8b ./Src/main.o
 .debug_macro   0x000000000000c405       0x35 ./Src/main.o
 .debug_macro   0x000000000000c43a       0x40 ./Src/main.o
 .debug_macro   0x000000000000c47a      0x185 ./Src/stm32f10x_it.o
 .debug_macro   0x000000000000c5ff      0x188 ./Src/system_stm32f10x.o
 .debug_macro   0x000000000000c787      0x18b ./User/src/misc.o
 .debug_macro   0x000000000000c912       0x85 ./User/src/misc.o
 .debug_macro   0x000000000000c997      0x1a8 ./User/src/pid.o
 .debug_macro   0x000000000000cb3f       0x16 ./User/src/pid.o
 .debug_macro   0x000000000000cb55       0x97 ./User/src/pid.o
 .debug_macro   0x000000000000cbec       0xfd ./User/src/pid.o
 .debug_macro   0x000000000000cce9      0x281 ./User/src/stm32f10x_adc.o
 .debug_macro   0x000000000000cf6a      0x13e ./User/src/stm32f10x_adc.o
 .debug_macro   0x000000000000d0a8      0x1d3 ./User/src/stm32f10x_gpio.o
 .debug_macro   0x000000000000d27b      0x2a6 ./User/src/stm32f10x_gpio.o
 .debug_macro   0x000000000000d521      0x2a1 ./User/src/stm32f10x_rcc.o
 .debug_macro   0x000000000000d7c2      0x3dc ./User/src/stm32f10x_rcc.o
 .debug_macro   0x000000000000db9e      0x19d ./User/src/stm32f10x_tim.o
 .debug_macro   0x000000000000dd3b      0x70b ./User/src/stm32f10x_tim.o

.debug_line     0x0000000000000000     0x592c
 .debug_line    0x0000000000000000      0x753 ./Src/main.o
 .debug_line    0x0000000000000753      0x6d6 ./Src/stm32f10x_it.o
 .debug_line    0x0000000000000e29      0x731 ./Src/system_stm32f10x.o
 .debug_line    0x000000000000155a       0x84 ./Startup/startup_stm32f103c8tx.o
 .debug_line    0x00000000000015de      0x6a9 ./User/src/misc.o
 .debug_line    0x0000000000001c87      0x62a ./User/src/pid.o
 .debug_line    0x00000000000022b1      0xc1e ./User/src/stm32f10x_adc.o
 .debug_line    0x0000000000002ecf      0x991 ./User/src/stm32f10x_gpio.o
 .debug_line    0x0000000000003860      0xb2d ./User/src/stm32f10x_rcc.o
 .debug_line    0x000000000000438d     0x159f ./User/src/stm32f10x_tim.o

.debug_str      0x0000000000000000    0x541a9
 .debug_str     0x0000000000000000    0x4db59 ./Src/main.o
                                      0x4dcf3 (size before relaxing)
 .debug_str     0x000000000004db59      0x112 ./Src/stm32f10x_it.o
                                      0x4d449 (size before relaxing)
 .debug_str     0x000000000004dc6b      0x167 ./Src/system_stm32f10x.o
                                      0x4d329 (size before relaxing)
 .debug_str     0x000000000004ddd2       0x5f ./Startup/startup_stm32f103c8tx.o
 .debug_str     0x000000000004de31      0x156 ./User/src/misc.o
                                      0x4d401 (size before relaxing)
 .debug_str     0x000000000004df87     0x406a ./User/src/pid.o
                                       0x7385 (size before relaxing)
 .debug_str     0x0000000000051ff1      0x9dd ./User/src/stm32f10x_adc.o
                                      0x4dd6c (size before relaxing)
 .debug_str     0x00000000000529ce      0x471 ./User/src/stm32f10x_gpio.o
                                      0x4d790 (size before relaxing)
 .debug_str     0x0000000000052e3f      0xab5 ./User/src/stm32f10x_rcc.o
                                      0x4dd5f (size before relaxing)
 .debug_str     0x00000000000538f4      0x8b5 ./User/src/stm32f10x_tim.o
                                      0x4deab (size before relaxing)

.comment        0x0000000000000000       0x50
 .comment       0x0000000000000000       0x50 ./Src/main.o
                                         0x51 (size before relaxing)
 .comment       0x0000000000000050       0x51 ./Src/stm32f10x_it.o
 .comment       0x0000000000000050       0x51 ./Src/system_stm32f10x.o
 .comment       0x0000000000000050       0x51 ./User/src/misc.o
 .comment       0x0000000000000050       0x51 ./User/src/pid.o
 .comment       0x0000000000000050       0x51 ./User/src/stm32f10x_adc.o
 .comment       0x0000000000000050       0x51 ./User/src/stm32f10x_gpio.o
 .comment       0x0000000000000050       0x51 ./User/src/stm32f10x_rcc.o
 .comment       0x0000000000000050       0x51 ./User/src/stm32f10x_tim.o

.debug_frame    0x0000000000000000     0x213c
 .debug_frame   0x0000000000000000       0x68 ./Src/main.o
 .debug_frame   0x0000000000000068      0x12c ./Src/stm32f10x_it.o
 .debug_frame   0x0000000000000194       0x98 ./Src/system_stm32f10x.o
 .debug_frame   0x000000000000022c       0xd8 ./User/src/misc.o
 .debug_frame   0x0000000000000304       0x60 ./User/src/pid.o
 .debug_frame   0x0000000000000364      0x5a4 ./User/src/stm32f10x_adc.o
 .debug_frame   0x0000000000000908      0x2d0 ./User/src/stm32f10x_gpio.o
 .debug_frame   0x0000000000000bd8      0x4f4 ./User/src/stm32f10x_rcc.o
 .debug_frame   0x00000000000010cc      0xe2c ./User/src/stm32f10x_tim.o
 .debug_frame   0x0000000000001ef8       0x2c c:/st/stm32cubeide_1.10.0/stm32cubeide/plugins/com.st.stm32cube.ide.mcu.externaltools.gnu-tools-for-stm32.10.3-2021.10.win32_1.0.0.202111181127/tools/bin/../lib/gcc/arm-none-eabi/10.3.1/../../../../arm-none-eabi/lib/thumb/v7-m/nofp\libc_nano.a(lib_a-init.o)
 .debug_frame   0x0000000000001f24       0xac c:/st/stm32cubeide_1.10.0/stm32cubeide/plugins/com.st.stm32cube.ide.mcu.externaltools.gnu-tools-for-stm32.10.3-2021.10.win32_1.0.0.202111181127/tools/bin/../lib/gcc/arm-none-eabi/10.3.1/thumb/v7-m/nofp\libgcc.a(_arm_addsubdf3.o)
 .debug_frame   0x0000000000001fd0       0xc4 c:/st/stm32cubeide_1.10.0/stm32cubeide/plugins/com.st.stm32cube.ide.mcu.externaltools.gnu-tools-for-stm32.10.3-2021.10.win32_1.0.0.202111181127/tools/bin/../lib/gcc/arm-none-eabi/10.3.1/thumb/v7-m/nofp\libgcc.a(_arm_cmpdf2.o)
 .debug_frame   0x0000000000002094       0x4c c:/st/stm32cubeide_1.10.0/stm32cubeide/plugins/com.st.stm32cube.ide.mcu.externaltools.gnu-tools-for-stm32.10.3-2021.10.win32_1.0.0.202111181127/tools/bin/../lib/gcc/arm-none-eabi/10.3.1/thumb/v7-m/nofp\libgcc.a(_arm_addsubsf3.o)
 .debug_frame   0x00000000000020e0       0x38 c:/st/stm32cubeide_1.10.0/stm32cubeide/plugins/com.st.stm32cube.ide.mcu.externaltools.gnu-tools-for-stm32.10.3-2021.10.win32_1.0.0.202111181127/tools/bin/../lib/gcc/arm-none-eabi/10.3.1/thumb/v7-m/nofp\libgcc.a(_arm_muldivsf3.o)
 .debug_frame   0x0000000000002118       0x24 c:/st/stm32cubeide_1.10.0/stm32cubeide/plugins/com.st.stm32cube.ide.mcu.externaltools.gnu-tools-for-stm32.10.3-2021.10.win32_1.0.0.202111181127/tools/bin/../lib/gcc/arm-none-eabi/10.3.1/thumb/v7-m/nofp\libgcc.a(_arm_fixunssfsi.o)
