../Src/stm32f10x_it.c:88:6:TIM1_UP_IRQHandler	8	static
../Src/stm32f10x_it.c:118:6:NMI_Handler	4	static
../Src/stm32f10x_it.c:126:6:HardFault_Handler	4	static
../Src/stm32f10x_it.c:137:6:MemManage_Handler	4	static
../Src/stm32f10x_it.c:148:6:BusFault_Handler	4	static
../Src/stm32f10x_it.c:159:6:UsageFault_Handler	4	static
../Src/stm32f10x_it.c:170:6:SVC_Handler	4	static
../Src/stm32f10x_it.c:178:6:DebugMon_Handler	4	static
../Src/stm32f10x_it.c:186:6:PendSV_Handler	4	static
../Src/stm32f10x_it.c:194:6:SysTick_Handler	4	static
