../Src/stm32f10x_it.c:107:6:TIM1_UP_IRQHandler	8	static
../Src/stm32f10x_it.c:131:6:NMI_Handler	4	static
../Src/stm32f10x_it.c:139:6:HardFault_Handler	4	static
../Src/stm32f10x_it.c:150:6:MemManage_Handler	4	static
../Src/stm32f10x_it.c:161:6:BusFault_Handler	4	static
../Src/stm32f10x_it.c:172:6:UsageFault_Handler	4	static
../Src/stm32f10x_it.c:183:6:SVC_Handler	4	static
../Src/stm32f10x_it.c:191:6:DebugMon_Handler	4	static
../Src/stm32f10x_it.c:199:6:PendSV_Handler	4	static
../Src/stm32f10x_it.c:207:6:SysTick_Handler	4	static
