../Libraries/STM32F0xx_StdPeriph_Driver/src/stm32f0xx_iwdg.c:138:6:IWDG_WriteAccessCmd	16	static
../Libraries/STM32F0xx_StdPeriph_Driver/src/stm32f0xx_iwdg.c:158:6:IWDG_SetPrescaler	16	static
../Libraries/STM32F0xx_StdPeriph_Driver/src/stm32f0xx_iwdg.c:171:6:IWDG_SetReload	16	static
../Libraries/STM32F0xx_StdPeriph_Driver/src/stm32f0xx_iwdg.c:184:6:IWDG_ReloadCounter	8	static
../Libraries/STM32F0xx_StdPeriph_Driver/src/stm32f0xx_iwdg.c:195:6:IWDG_SetWindowValue	16	static
../Libraries/STM32F0xx_StdPeriph_Driver/src/stm32f0xx_iwdg.c:223:6:IWDG_Enable	8	static
../Libraries/STM32F0xx_StdPeriph_Driver/src/stm32f0xx_iwdg.c:253:12:IWDG_GetFlagStatus	24	static
