../Libraries/STM32F0xx_StdPeriph_Driver/src/stm32f0xx_dac.c:155:6:DAC_DeInit	8	static
../Libraries/STM32F0xx_StdPeriph_Driver/src/stm32f0xx_dac.c:174:6:DAC_Init	24	static
../Libraries/STM32F0xx_StdPeriph_Driver/src/stm32f0xx_dac.c:210:6:DAC_StructInit	16	static
../Libraries/STM32F0xx_StdPeriph_Driver/src/stm32f0xx_dac.c:237:6:DAC_Cmd	16	static
../Libraries/STM32F0xx_StdPeriph_Driver/src/stm32f0xx_dac.c:265:6:DAC_SoftwareTriggerCmd	16	static
../Libraries/STM32F0xx_StdPeriph_Driver/src/stm32f0xx_dac.c:290:6:DAC_DualSoftwareTriggerCmd	16	static
../Libraries/STM32F0xx_StdPeriph_Driver/src/stm32f0xx_dac.c:322:6:DAC_WaveGenerationCmd	24	static
../Libraries/STM32F0xx_StdPeriph_Driver/src/stm32f0xx_dac.c:351:6:DAC_SetChannel1Data	24	static
../Libraries/STM32F0xx_StdPeriph_Driver/src/stm32f0xx_dac.c:377:6:DAC_SetChannel2Data	24	static
../Libraries/STM32F0xx_StdPeriph_Driver/src/stm32f0xx_dac.c:406:6:DAC_SetDualChannelData	24	static
../Libraries/STM32F0xx_StdPeriph_Driver/src/stm32f0xx_dac.c:440:10:DAC_GetDataOutputValue	24	static
../Libraries/STM32F0xx_StdPeriph_Driver/src/stm32f0xx_dac.c:484:6:DAC_DMACmd	16	static
../Libraries/STM32F0xx_StdPeriph_Driver/src/stm32f0xx_dac.c:533:6:DAC_ITConfig	24	static
../Libraries/STM32F0xx_StdPeriph_Driver/src/stm32f0xx_dac.c:565:12:DAC_GetFlagStatus	24	static
../Libraries/STM32F0xx_StdPeriph_Driver/src/stm32f0xx_dac.c:598:6:DAC_ClearFlag	16	static
../Libraries/STM32F0xx_StdPeriph_Driver/src/stm32f0xx_dac.c:621:10:DAC_GetITStatus	24	static
../Libraries/STM32F0xx_StdPeriph_Driver/src/stm32f0xx_dac.c:659:6:DAC_ClearITPendingBit	16	static
