../Libraries/STM32F0xx_StdPeriph_Driver/src/stm32f0xx_rtc.c:313:13:RTC_DeInit	16	static
../Libraries/STM32F0xx_StdPeriph_Driver/src/stm32f0xx_rtc.c:374:13:RTC_Init	32	static
../Libraries/STM32F0xx_StdPeriph_Driver/src/stm32f0xx_rtc.c:420:6:RTC_StructInit	16	static
../Libraries/STM32F0xx_StdPeriph_Driver/src/stm32f0xx_rtc.c:442:6:RTC_WriteProtectionCmd	16	static
../Libraries/STM32F0xx_StdPeriph_Driver/src/stm32f0xx_rtc.c:469:13:RTC_EnterInitMode	24	static
../Libraries/STM32F0xx_StdPeriph_Driver/src/stm32f0xx_rtc.c:514:6:RTC_ExitInitMode	8	static
../Libraries/STM32F0xx_StdPeriph_Driver/src/stm32f0xx_rtc.c:536:13:RTC_WaitForSynchro	24	static
../Libraries/STM32F0xx_StdPeriph_Driver/src/stm32f0xx_rtc.c:587:13:RTC_RefClockCmd	32	static
../Libraries/STM32F0xx_StdPeriph_Driver/src/stm32f0xx_rtc.c:635:6:RTC_BypassShadowCmd	16	static
../Libraries/STM32F0xx_StdPeriph_Driver/src/stm32f0xx_rtc.c:689:13:RTC_SetTime	32	static
../Libraries/STM32F0xx_StdPeriph_Driver/src/stm32f0xx_rtc.c:793:6:RTC_TimeStructInit	16	static
../Libraries/STM32F0xx_StdPeriph_Driver/src/stm32f0xx_rtc.c:812:6:RTC_GetTime	24	static
../Libraries/STM32F0xx_StdPeriph_Driver/src/stm32f0xx_rtc.c:845:10:RTC_GetSubSecond	16	static
../Libraries/STM32F0xx_StdPeriph_Driver/src/stm32f0xx_rtc.c:870:13:RTC_SetDate	32	static
../Libraries/STM32F0xx_StdPeriph_Driver/src/stm32f0xx_rtc.c:961:6:RTC_DateStructInit	16	static
../Libraries/STM32F0xx_StdPeriph_Driver/src/stm32f0xx_rtc.c:980:6:RTC_GetDate	24	static
../Libraries/STM32F0xx_StdPeriph_Driver/src/stm32f0xx_rtc.c:1040:6:RTC_SetAlarm	40	static
../Libraries/STM32F0xx_StdPeriph_Driver/src/stm32f0xx_rtc.c:1144:6:RTC_AlarmStructInit	16	static
../Libraries/STM32F0xx_StdPeriph_Driver/src/stm32f0xx_rtc.c:1173:6:RTC_GetAlarm	32	static
../Libraries/STM32F0xx_StdPeriph_Driver/src/stm32f0xx_rtc.c:1219:13:RTC_AlarmCmd	32	static
../Libraries/STM32F0xx_StdPeriph_Driver/src/stm32f0xx_rtc.c:1311:6:RTC_AlarmSubSecondConfig	32	static
../Libraries/STM32F0xx_StdPeriph_Driver/src/stm32f0xx_rtc.c:1343:10:RTC_GetAlarmSubSecond	24	static
../Libraries/STM32F0xx_StdPeriph_Driver/src/stm32f0xx_rtc.c:1386:6:RTC_WakeUpClockConfig	16	static
../Libraries/STM32F0xx_StdPeriph_Driver/src/stm32f0xx_rtc.c:1414:6:RTC_SetWakeUpCounter	16	static
../Libraries/STM32F0xx_StdPeriph_Driver/src/stm32f0xx_rtc.c:1436:10:RTC_GetWakeUpCounter	8	static
../Libraries/STM32F0xx_StdPeriph_Driver/src/stm32f0xx_rtc.c:1449:13:RTC_WakeUpCmd	32	static
../Libraries/STM32F0xx_StdPeriph_Driver/src/stm32f0xx_rtc.c:1527:6:RTC_DayLightSavingConfig	16	static
../Libraries/STM32F0xx_StdPeriph_Driver/src/stm32f0xx_rtc.c:1554:10:RTC_GetStoreOperation	8	static
../Libraries/STM32F0xx_StdPeriph_Driver/src/stm32f0xx_rtc.c:1591:6:RTC_OutputConfig	16	static
../Libraries/STM32F0xx_StdPeriph_Driver/src/stm32f0xx_rtc.c:1633:6:RTC_CalibOutputCmd	16	static
../Libraries/STM32F0xx_StdPeriph_Driver/src/stm32f0xx_rtc.c:1665:6:RTC_CalibOutputConfig	16	static
../Libraries/STM32F0xx_StdPeriph_Driver/src/stm32f0xx_rtc.c:1701:13:RTC_SmoothCalibConfig	32	static
../Libraries/STM32F0xx_StdPeriph_Driver/src/stm32f0xx_rtc.c:1777:6:RTC_TimeStampCmd	24	static
../Libraries/STM32F0xx_StdPeriph_Driver/src/stm32f0xx_rtc.c:1821:6:RTC_GetTimeStamp	32	static
../Libraries/STM32F0xx_StdPeriph_Driver/src/stm32f0xx_rtc.c:1865:10:RTC_GetTimeStampSubSecond	8	static
../Libraries/STM32F0xx_StdPeriph_Driver/src/stm32f0xx_rtc.c:1902:6:RTC_TamperTriggerConfig	16	static
../Libraries/STM32F0xx_StdPeriph_Driver/src/stm32f0xx_rtc.c:1930:6:RTC_TamperCmd	16	static
../Libraries/STM32F0xx_StdPeriph_Driver/src/stm32f0xx_rtc.c:1961:6:RTC_TamperFilterConfig	16	static
../Libraries/STM32F0xx_StdPeriph_Driver/src/stm32f0xx_rtc.c:1995:6:RTC_TamperSamplingFreqConfig	16	static
../Libraries/STM32F0xx_StdPeriph_Driver/src/stm32f0xx_rtc.c:2018:6:RTC_TamperPinsPrechargeDuration	16	static
../Libraries/STM32F0xx_StdPeriph_Driver/src/stm32f0xx_rtc.c:2038:6:RTC_TimeStampOnTamperDetectionCmd	16	static
../Libraries/STM32F0xx_StdPeriph_Driver/src/stm32f0xx_rtc.c:2061:6:RTC_TamperPullUpCmd	16	static
../Libraries/STM32F0xx_StdPeriph_Driver/src/stm32f0xx_rtc.c:2102:6:RTC_WriteBackupRegister	24	static
../Libraries/STM32F0xx_StdPeriph_Driver/src/stm32f0xx_rtc.c:2123:10:RTC_ReadBackupRegister	24	static
../Libraries/STM32F0xx_StdPeriph_Driver/src/stm32f0xx_rtc.c:2163:6:RTC_OutputTypeConfig	16	static
../Libraries/STM32F0xx_StdPeriph_Driver/src/stm32f0xx_rtc.c:2201:13:RTC_SynchroShiftConfig	24	static
../Libraries/STM32F0xx_StdPeriph_Driver/src/stm32f0xx_rtc.c:2311:6:RTC_ITConfig	16	static
../Libraries/STM32F0xx_StdPeriph_Driver/src/stm32f0xx_rtc.c:2355:12:RTC_GetFlagStatus	24	static
../Libraries/STM32F0xx_StdPeriph_Driver/src/stm32f0xx_rtc.c:2391:6:RTC_ClearFlag	16	static
../Libraries/STM32F0xx_StdPeriph_Driver/src/stm32f0xx_rtc.c:2411:10:RTC_GetITStatus	32	static
../Libraries/STM32F0xx_StdPeriph_Driver/src/stm32f0xx_rtc.c:2451:6:RTC_ClearITPendingBit	24	static
../Libraries/STM32F0xx_StdPeriph_Driver/src/stm32f0xx_rtc.c:2474:16:RTC_ByteToBcd2	24	static
../Libraries/STM32F0xx_StdPeriph_Driver/src/stm32f0xx_rtc.c:2492:16:RTC_Bcd2ToByte	24	static
