../Libraries/STM32F0xx_StdPeriph_Driver/src/stm32f0xx_adc.c:123:6:ADC_DeInit	16	static
../Libraries/STM32F0xx_StdPeriph_Driver/src/stm32f0xx_adc.c:149:6:ADC_Init	24	static
../Libraries/STM32F0xx_StdPeriph_Driver/src/stm32f0xx_adc.c:194:6:ADC_StructInit	16	static
../Libraries/STM32F0xx_StdPeriph_Driver/src/stm32f0xx_adc.c:223:6:ADC_Cmd	16	static
../Libraries/STM32F0xx_StdPeriph_Driver/src/stm32f0xx_adc.c:253:6:ADC_ClockModeConfig	16	static
../Libraries/STM32F0xx_StdPeriph_Driver/src/stm32f0xx_adc.c:277:6:ADC_JitterCmd	24	static
../Libraries/STM32F0xx_StdPeriph_Driver/src/stm32f0xx_adc.c:333:6:ADC_AutoPowerOffCmd	16	static
../Libraries/STM32F0xx_StdPeriph_Driver/src/stm32f0xx_adc.c:367:6:ADC_WaitModeCmd	16	static
../Libraries/STM32F0xx_StdPeriph_Driver/src/stm32f0xx_adc.c:419:6:ADC_AnalogWatchdogCmd	16	static
../Libraries/STM32F0xx_StdPeriph_Driver/src/stm32f0xx_adc.c:446:6:ADC_AnalogWatchdogThresholdsConfig	16	static
../Libraries/STM32F0xx_StdPeriph_Driver/src/stm32f0xx_adc.c:487:6:ADC_AnalogWatchdogSingleChannelConfig	24	static
../Libraries/STM32F0xx_StdPeriph_Driver/src/stm32f0xx_adc.c:515:6:ADC_AnalogWatchdogSingleChannelCmd	16	static
../Libraries/STM32F0xx_StdPeriph_Driver/src/stm32f0xx_adc.c:567:6:ADC_TempSensorCmd	16	static
../Libraries/STM32F0xx_StdPeriph_Driver/src/stm32f0xx_adc.c:590:6:ADC_VrefintCmd	16	static
../Libraries/STM32F0xx_StdPeriph_Driver/src/stm32f0xx_adc.c:614:6:ADC_VbatCmd	16	static
../Libraries/STM32F0xx_StdPeriph_Driver/src/stm32f0xx_adc.c:707:6:ADC_ChannelConfig	32	static
../Libraries/STM32F0xx_StdPeriph_Driver/src/stm32f0xx_adc.c:739:6:ADC_ContinuousModeCmd	16	static
../Libraries/STM32F0xx_StdPeriph_Driver/src/stm32f0xx_adc.c:767:6:ADC_DiscModeCmd	16	static
../Libraries/STM32F0xx_StdPeriph_Driver/src/stm32f0xx_adc.c:792:6:ADC_OverrunModeCmd	16	static
../Libraries/STM32F0xx_StdPeriph_Driver/src/stm32f0xx_adc.c:817:10:ADC_GetCalibrationFactor	32	static
../Libraries/STM32F0xx_StdPeriph_Driver/src/stm32f0xx_adc.c:854:6:ADC_StopOfConversion	16	static
../Libraries/STM32F0xx_StdPeriph_Driver/src/stm32f0xx_adc.c:869:6:ADC_StartOfConversion	16	static
../Libraries/STM32F0xx_StdPeriph_Driver/src/stm32f0xx_adc.c:882:10:ADC_GetConversionValue	16	static
../Libraries/STM32F0xx_StdPeriph_Driver/src/stm32f0xx_adc.c:926:6:ADC_DMACmd	16	static
../Libraries/STM32F0xx_StdPeriph_Driver/src/stm32f0xx_adc.c:953:6:ADC_DMARequestModeConfig	16	static
../Libraries/STM32F0xx_StdPeriph_Driver/src/stm32f0xx_adc.c:1061:6:ADC_ITConfig	24	static
../Libraries/STM32F0xx_StdPeriph_Driver/src/stm32f0xx_adc.c:1098:12:ADC_GetFlagStatus	24	static
../Libraries/STM32F0xx_StdPeriph_Driver/src/stm32f0xx_adc.c:1144:6:ADC_ClearFlag	16	static
../Libraries/STM32F0xx_StdPeriph_Driver/src/stm32f0xx_adc.c:1167:10:ADC_GetITStatus	24	static
../Libraries/STM32F0xx_StdPeriph_Driver/src/stm32f0xx_adc.c:1207:6:ADC_ClearITPendingBit	16	static
