../Libraries/STM32F0xx_StdPeriph_Driver/src/stm32f0xx_crs.c:83:6:CRS_DeInit	8	static
../Libraries/STM32F0xx_StdPeriph_Driver/src/stm32f0xx_crs.c:97:6:CRS_AdjustHSI48CalibrationValue	16	static
../Libraries/STM32F0xx_StdPeriph_Driver/src/stm32f0xx_crs.c:114:6:CRS_FrequencyErrorCounterCmd	16	static
../Libraries/STM32F0xx_StdPeriph_Driver/src/stm32f0xx_crs.c:135:6:CRS_AutomaticCalibrationCmd	16	static
../Libraries/STM32F0xx_StdPeriph_Driver/src/stm32f0xx_crs.c:154:6:CRS_SoftwareSynchronizationGenerate	8	static
../Libraries/STM32F0xx_StdPeriph_Driver/src/stm32f0xx_crs.c:168:6:CRS_FrequencyErrorCounterReload	16	static
../Libraries/STM32F0xx_StdPeriph_Driver/src/stm32f0xx_crs.c:186:6:CRS_FrequencyErrorLimitConfig	16	static
../Libraries/STM32F0xx_StdPeriph_Driver/src/stm32f0xx_crs.c:210:6:CRS_SynchronizationPrescalerConfig	16	static
../Libraries/STM32F0xx_StdPeriph_Driver/src/stm32f0xx_crs.c:232:6:CRS_SynchronizationSourceConfig	16	static
../Libraries/STM32F0xx_StdPeriph_Driver/src/stm32f0xx_crs.c:253:6:CRS_SynchronizationPolarityConfig	16	static
../Libraries/STM32F0xx_StdPeriph_Driver/src/stm32f0xx_crs.c:270:10:CRS_GetReloadValue	8	static
../Libraries/STM32F0xx_StdPeriph_Driver/src/stm32f0xx_crs.c:280:10:CRS_GetHSI48CalibrationValue	8	static
../Libraries/STM32F0xx_StdPeriph_Driver/src/stm32f0xx_crs.c:290:10:CRS_GetFrequencyErrorValue	8	static
../Libraries/STM32F0xx_StdPeriph_Driver/src/stm32f0xx_crs.c:303:10:CRS_GetFrequencyErrorDirection	8	static
../Libraries/STM32F0xx_StdPeriph_Driver/src/stm32f0xx_crs.c:330:6:CRS_ITConfig	16	static
../Libraries/STM32F0xx_StdPeriph_Driver/src/stm32f0xx_crs.c:359:12:CRS_GetFlagStatus	16	static
../Libraries/STM32F0xx_StdPeriph_Driver/src/stm32f0xx_crs.c:380:6:CRS_ClearFlag	16	static
../Libraries/STM32F0xx_StdPeriph_Driver/src/stm32f0xx_crs.c:408:10:CRS_GetITStatus	16	static
../Libraries/STM32F0xx_StdPeriph_Driver/src/stm32f0xx_crs.c:429:6:CRS_ClearITPendingBit	16	static
