../Libraries/STM32F0xx_StdPeriph_Driver/src/stm32f0xx_comp.c:136:6:COMP_DeInit	8	static
../Libraries/STM32F0xx_StdPeriph_Driver/src/stm32f0xx_comp.c:156:6:COMP_Init	24	static
../Libraries/STM32F0xx_StdPeriph_Driver/src/stm32f0xx_comp.c:194:6:COMP_StructInit	16	static
../Libraries/STM32F0xx_StdPeriph_Driver/src/stm32f0xx_comp.c:219:6:COMP_Cmd	16	static
../Libraries/STM32F0xx_StdPeriph_Driver/src/stm32f0xx_comp.c:247:6:COMP_SwitchCmd	16	static
../Libraries/STM32F0xx_StdPeriph_Driver/src/stm32f0xx_comp.c:284:10:COMP_GetOutputLevel	24	static
../Libraries/STM32F0xx_StdPeriph_Driver/src/stm32f0xx_comp.c:331:6:COMP_WindowCmd	16	static
../Libraries/STM32F0xx_StdPeriph_Driver/src/stm32f0xx_comp.c:376:6:COMP_LockConfig	16	static
