../Libraries/STM32F0xx_StdPeriph_Driver/src/stm32f0xx_cec.c:138:6:CEC_DeInit	8	static
../Libraries/STM32F0xx_StdPeriph_Driver/src/stm32f0xx_cec.c:152:6:CEC_Init	24	static
../Libraries/STM32F0xx_StdPeriph_Driver/src/stm32f0xx_cec.c:187:6:CEC_StructInit	16	static
../Libraries/STM32F0xx_StdPeriph_Driver/src/stm32f0xx_cec.c:204:6:CEC_Cmd	16	static
../Libraries/STM32F0xx_StdPeriph_Driver/src/stm32f0xx_cec.c:226:6:CEC_ListenModeCmd	16	static
../Libraries/STM32F0xx_StdPeriph_Driver/src/stm32f0xx_cec.c:247:6:CEC_OwnAddressConfig	24	static
../Libraries/STM32F0xx_StdPeriph_Driver/src/stm32f0xx_cec.c:262:6:CEC_OwnAddressClear	8	static
../Libraries/STM32F0xx_StdPeriph_Driver/src/stm32f0xx_cec.c:292:6:CEC_SendData	16	static
../Libraries/STM32F0xx_StdPeriph_Driver/src/stm32f0xx_cec.c:303:9:CEC_ReceiveData	8	static
../Libraries/STM32F0xx_StdPeriph_Driver/src/stm32f0xx_cec.c:314:6:CEC_StartOfMessage	8	static
../Libraries/STM32F0xx_StdPeriph_Driver/src/stm32f0xx_cec.c:325:6:CEC_EndOfMessage	8	static
../Libraries/STM32F0xx_StdPeriph_Driver/src/stm32f0xx_cec.c:425:6:CEC_ITConfig	16	static
../Libraries/STM32F0xx_StdPeriph_Driver/src/stm32f0xx_cec.c:462:12:CEC_GetFlagStatus	24	static
../Libraries/STM32F0xx_StdPeriph_Driver/src/stm32f0xx_cec.c:503:6:CEC_ClearFlag	16	static
../Libraries/STM32F0xx_StdPeriph_Driver/src/stm32f0xx_cec.c:530:10:CEC_GetITStatus	24	static
../Libraries/STM32F0xx_StdPeriph_Driver/src/stm32f0xx_cec.c:576:6:CEC_ClearITPendingBit	16	static
