../Libraries/STM32F0xx_StdPeriph_Driver/src/stm32f0xx_crc.c:87:6:CRC_DeInit	8	static
../Libraries/STM32F0xx_StdPeriph_Driver/src/stm32f0xx_crc.c:110:6:CRC_ResetDR	8	static
../Libraries/STM32F0xx_StdPeriph_Driver/src/stm32f0xx_crc.c:127:6:CRC_PolynomialSizeSelect	24	static
../Libraries/STM32F0xx_StdPeriph_Driver/src/stm32f0xx_crc.c:156:6:CRC_ReverseInputDataSelect	24	static
../Libraries/STM32F0xx_StdPeriph_Driver/src/stm32f0xx_crc.c:182:6:CRC_ReverseOutputDataCmd	16	static
../Libraries/STM32F0xx_StdPeriph_Driver/src/stm32f0xx_crc.c:205:6:CRC_SetInitRegister	16	static
../Libraries/STM32F0xx_StdPeriph_Driver/src/stm32f0xx_crc.c:216:6:CRC_SetPolynomial	16	static
../Libraries/STM32F0xx_StdPeriph_Driver/src/stm32f0xx_crc.c:242:10:CRC_CalcCRC	16	static
../Libraries/STM32F0xx_StdPeriph_Driver/src/stm32f0xx_crc.c:255:10:CRC_CalcCRC16bits	16	static
../Libraries/STM32F0xx_StdPeriph_Driver/src/stm32f0xx_crc.c:268:10:CRC_CalcCRC8bits	16	static
../Libraries/STM32F0xx_StdPeriph_Driver/src/stm32f0xx_crc.c:281:10:CRC_CalcBlockCRC	24	static
../Libraries/STM32F0xx_StdPeriph_Driver/src/stm32f0xx_crc.c:297:10:CRC_GetCRC	8	static
../Libraries/STM32F0xx_StdPeriph_Driver/src/stm32f0xx_crc.c:323:6:CRC_SetIDRegister	16	static
../Libraries/STM32F0xx_StdPeriph_Driver/src/stm32f0xx_crc.c:333:9:CRC_GetIDRegister	8	static
