Archive member included to satisfy reference by file (symbol)

c:/st/stm32cubeide_1.10.0/stm32cubeide/plugins/com.st.stm32cube.ide.mcu.externaltools.gnu-tools-for-stm32.10.3-2021.10.win32_1.0.0.202111181127/tools/bin/../lib/gcc/arm-none-eabi/10.3.1/../../../../arm-none-eabi/lib/thumb/v7-m/nofp\libc_nano.a(lib_a-errno.o)
                              ./Src/syscalls.o (__errno)
c:/st/stm32cubeide_1.10.0/stm32cubeide/plugins/com.st.stm32cube.ide.mcu.externaltools.gnu-tools-for-stm32.10.3-2021.10.win32_1.0.0.202111181127/tools/bin/../lib/gcc/arm-none-eabi/10.3.1/../../../../arm-none-eabi/lib/thumb/v7-m/nofp\libc_nano.a(lib_a-exit.o)
                              c:/st/stm32cubeide_1.10.0/stm32cubeide/plugins/com.st.stm32cube.ide.mcu.externaltools.gnu-tools-for-stm32.10.3-2021.10.win32_1.0.0.202111181127/tools/bin/../lib/gcc/arm-none-eabi/10.3.1/../../../../arm-none-eabi/lib/thumb/v7-m/nofp/crt0.o (exit)
c:/st/stm32cubeide_1.10.0/stm32cubeide/plugins/com.st.stm32cube.ide.mcu.externaltools.gnu-tools-for-stm32.10.3-2021.10.win32_1.0.0.202111181127/tools/bin/../lib/gcc/arm-none-eabi/10.3.1/../../../../arm-none-eabi/lib/thumb/v7-m/nofp\libc_nano.a(lib_a-impure.o)
                              c:/st/stm32cubeide_1.10.0/stm32cubeide/plugins/com.st.stm32cube.ide.mcu.externaltools.gnu-tools-for-stm32.10.3-2021.10.win32_1.0.0.202111181127/tools/bin/../lib/gcc/arm-none-eabi/10.3.1/../../../../arm-none-eabi/lib/thumb/v7-m/nofp\libc_nano.a(lib_a-exit.o) (_global_impure_ptr)
c:/st/stm32cubeide_1.10.0/stm32cubeide/plugins/com.st.stm32cube.ide.mcu.externaltools.gnu-tools-for-stm32.10.3-2021.10.win32_1.0.0.202111181127/tools/bin/../lib/gcc/arm-none-eabi/10.3.1/../../../../arm-none-eabi/lib/thumb/v7-m/nofp\libc_nano.a(lib_a-init.o)
                              c:/st/stm32cubeide_1.10.0/stm32cubeide/plugins/com.st.stm32cube.ide.mcu.externaltools.gnu-tools-for-stm32.10.3-2021.10.win32_1.0.0.202111181127/tools/bin/../lib/gcc/arm-none-eabi/10.3.1/../../../../arm-none-eabi/lib/thumb/v7-m/nofp/crt0.o (__libc_init_array)
c:/st/stm32cubeide_1.10.0/stm32cubeide/plugins/com.st.stm32cube.ide.mcu.externaltools.gnu-tools-for-stm32.10.3-2021.10.win32_1.0.0.202111181127/tools/bin/../lib/gcc/arm-none-eabi/10.3.1/../../../../arm-none-eabi/lib/thumb/v7-m/nofp\libc_nano.a(lib_a-memset.o)
                              c:/st/stm32cubeide_1.10.0/stm32cubeide/plugins/com.st.stm32cube.ide.mcu.externaltools.gnu-tools-for-stm32.10.3-2021.10.win32_1.0.0.202111181127/tools/bin/../lib/gcc/arm-none-eabi/10.3.1/../../../../arm-none-eabi/lib/thumb/v7-m/nofp/crt0.o (memset)
c:/st/stm32cubeide_1.10.0/stm32cubeide/plugins/com.st.stm32cube.ide.mcu.externaltools.gnu-tools-for-stm32.10.3-2021.10.win32_1.0.0.202111181127/tools/bin/../lib/gcc/arm-none-eabi/10.3.1/thumb/v7-m/nofp\libgcc.a(_arm_mulsf3.o)
                              ./Src/main.o (__aeabi_fmul)
c:/st/stm32cubeide_1.10.0/stm32cubeide/plugins/com.st.stm32cube.ide.mcu.externaltools.gnu-tools-for-stm32.10.3-2021.10.win32_1.0.0.202111181127/tools/bin/../lib/gcc/arm-none-eabi/10.3.1/thumb/v7-m/nofp\libgcc.a(_arm_addsubsf3.o)
                              ./Src/main.o (__aeabi_fadd)
c:/st/stm32cubeide_1.10.0/stm32cubeide/plugins/com.st.stm32cube.ide.mcu.externaltools.gnu-tools-for-stm32.10.3-2021.10.win32_1.0.0.202111181127/tools/bin/../lib/gcc/arm-none-eabi/10.3.1/thumb/v7-m/nofp\libgcc.a(_arm_muldivsf3.o)
                              ./Src/main.o (__aeabi_fdiv)
c:/st/stm32cubeide_1.10.0/stm32cubeide/plugins/com.st.stm32cube.ide.mcu.externaltools.gnu-tools-for-stm32.10.3-2021.10.win32_1.0.0.202111181127/tools/bin/../lib/gcc/arm-none-eabi/10.3.1/thumb/v7-m/nofp\libgcc.a(_arm_cmpsf2.o)
                              ./Src/main.o (__aeabi_fcmplt)
c:/st/stm32cubeide_1.10.0/stm32cubeide/plugins/com.st.stm32cube.ide.mcu.externaltools.gnu-tools-for-stm32.10.3-2021.10.win32_1.0.0.202111181127/tools/bin/../lib/gcc/arm-none-eabi/10.3.1/thumb/v7-m/nofp\libgcc.a(_arm_fixsfsi.o)
                              ./Src/main.o (__aeabi_f2iz)
c:/st/stm32cubeide_1.10.0/stm32cubeide/plugins/com.st.stm32cube.ide.mcu.externaltools.gnu-tools-for-stm32.10.3-2021.10.win32_1.0.0.202111181127/tools/bin/../lib/gcc/arm-none-eabi/10.3.1/thumb/v7-m/nofp\libgcc.a(_arm_fixunssfsi.o)
                              ./Src/main.o (__aeabi_f2uiz)

Discarded input sections

 .text          0x0000000000000000        0x0 c:/st/stm32cubeide_1.10.0/stm32cubeide/plugins/com.st.stm32cube.ide.mcu.externaltools.gnu-tools-for-stm32.10.3-2021.10.win32_1.0.0.202111181127/tools/bin/../lib/gcc/arm-none-eabi/10.3.1/thumb/v7-m/nofp/crti.o
 .data          0x0000000000000000        0x0 c:/st/stm32cubeide_1.10.0/stm32cubeide/plugins/com.st.stm32cube.ide.mcu.externaltools.gnu-tools-for-stm32.10.3-2021.10.win32_1.0.0.202111181127/tools/bin/../lib/gcc/arm-none-eabi/10.3.1/thumb/v7-m/nofp/crti.o
[...]
Memory Configuration

Name             Origin             Length             Attributes
RAM              0x0000000020000000 0x0000000000005000 xrw
FLASH            0x0000000008000000 0x0000000000010000 xr
*default*        0x0000000000000000 0xffffffffffffffff

Linker script and memory map

LOAD c:/st/stm32cubeide_1.10.0/stm32cubeide/plugins/com.st.stm32cube.ide.mcu.externaltools.gnu-tools-for-stm32.10.3-2021.10.win32_1.0.0.202111181127/tools/bin/../lib/gcc/arm-none-eabi/10.3.1/thumb/v7-m/nofp/crti.o
LOAD c:/st/stm32cubeide_1.10.0/stm32cubeide/plugins/com.st.stm32cube.ide.mcu.externaltools.gnu-tools-for-stm32.10.3-2021.10.win32_1.0.0.202111181127/tools/bin/../lib/gcc/arm-none-eabi/10.3.1/thumb/v7-m/nofp/crtbegin.o
LOAD c:/st/stm32cubeide_1.10.0/stm32cubeide/plugins/com.st.stm32cube.ide.mcu.externaltools.gnu-tools-for-stm32.10.3-2021.10.win32_1.0.0.202111181127/tools/bin/../lib/gcc/arm-none-eabi/10.3.1/../../../../arm-none-eabi/lib/thumb/v7-m/nofp/crt0.o
LOAD ./Src/main.o
LOAD ./Src/stm32f10x_it.o
LOAD ./Src/syscalls.o
LOAD ./Src/sysmem.o
LOAD ./Src/system_stm32f10x.o
LOAD ./Startup/startup_stm32f103c8tx.o
LOAD ./User/src/misc.o
LOAD ./User/src/pid.o
LOAD ./User/src/stm32f10x_adc.o
LOAD ./User/src/stm32f10x_gpio.o
LOAD ./User/src/stm32f10x_rcc.o
LOAD ./User/src/stm32f10x_tim.o
START GROUP
LOAD c:/st/stm32cubeide_1.10.0/stm32cubeide/plugins/com.st.stm32cube.ide.mcu.externaltools.gnu-tools-for-stm32.10.3-2021.10.win32_1.0.0.202111181127/tools/bin/../lib/gcc/arm-none-eabi/10.3.1/../../../../arm-none-eabi/lib/thumb/v7-m/nofp\libc_nano.a
LOAD c:/st/stm32cubeide_1.10.0/stm32cubeide/plugins/com.st.stm32cube.ide.mcu.externaltools.gnu-tools-for-stm32.10.3-2021.10.win32_1.0.0.202111181127/tools/bin/../lib/gcc/arm-none-eabi/10.3.1/../../../../arm-none-eabi/lib/thumb/v7-m/nofp\libm.a
END GROUP
START GROUP
LOAD c:/st/stm32cubeide_1.10.0/stm32cubeide/plugins/com.st.stm32cube.ide.mcu.externaltools.gnu-tools-for-stm32.10.3-2021.10.win32_1.0.0.202111181127/tools/bin/../lib/gcc/arm-none-eabi/10.3.1/thumb/v7-m/nofp\libgcc.a
LOAD c:/st/stm32cubeide_1.10.0/stm32cubeide/plugins/com.st.stm32cube.ide.mcu.externaltools.gnu-tools-for-stm32.10.3-2021.10.win32_1.0.0.202111181127/tools/bin/../lib/gcc/arm-none-eabi/10.3.1/../../../../arm-none-eabi/lib/thumb/v7-m/nofp\libc_nano.a
END GROUP
START GROUP
LOAD c:/st/stm32cubeide_1.10.0/stm32cubeide/plugins/com.st.stm32cube.ide.mcu.externaltools.gnu-tools-for-stm32.10.3-2021.10.win32_1.0.0.202111181127/tools/bin/../lib/gcc/arm-none-eabi/10.3.1/thumb/v7-m/nofp\libgcc.a
LOAD c:/st/stm32cubeide_1.10.0/stm32cubeide/plugins/com.st.stm32cube.ide.mcu.externaltools.gnu-tools-for-stm32.10.3-2021.10.win32_1.0.0.202111181127/tools/bin/../lib/gcc/arm-none-eabi/10.3.1/../../../../arm-none-eabi/lib/thumb/v7-m/nofp\libc_nano.a
LOAD c:/st/stm32cubeide_1.10.0/stm32cubeide/plugins/com.st.stm32cube.ide.mcu.externaltools.gnu-tools-for-stm32.10.3-2021.10.win32_1.0.0.202111181127/tools/bin/../lib/gcc/arm-none-eabi/10.3.1/../../../../arm-none-eabi/lib/thumb/v7-m/nofp\libnosys.a
END GROUP
START GROUP
LOAD c:/st/stm32cubeide_1.10.0/stm32cubeide/plugins/com.st.stm32cube.ide.mcu.externaltools.gnu-tools-for-stm32.10.3-2021.10.win32_1.0.0.202111181127/tools/bin/../lib/gcc/arm-none-eabi/10.3.1/thumb/v7-m/nofp\libgcc.a
LOAD c:/st/stm32cubeide_1.10.0/stm32cubeide/plugins/com.st.stm32cube.ide.mcu.externaltools.gnu-tools-for-stm32.10.3-2021.10.win32_1.0.0.202111181127/tools/bin/../lib/gcc/arm-none-eabi/10.3.1/../../../../arm-none-eabi/lib/thumb/v7-m/nofp\libc_nano.a
LOAD c:/st/stm32cubeide_1.10.0/stm32cubeide/plugins/com.st.stm32cube.ide.mcu.externaltools.gnu-tools-for-stm32.10.3-2021.10.win32_1.0.0.202111181127/tools/bin/../lib/gcc/arm-none-eabi/10.3.1/../../../../arm-none-eabi/lib/thumb/v7-m/nofp\libnosys.a
END GROUP
LOAD c:/st/stm32cubeide_1.10.0/stm32cubeide/plugins/com.st.stm32cube.ide.mcu.externaltools.gnu-tools-for-stm32.10.3-2021.10.win32_1.0.0.202111181127/tools/bin/../lib/gcc/arm-none-eabi/10.3.1/thumb/v7-m/nofp/crtend.o
LOAD c:/st/stm32cubeide_1.10.0/stm32cubeide/plugins/com.st.stm32cube.ide.mcu.externaltools.gnu-tools-for-stm32.10.3-2021.10.win32_1.0.0.202111181127/tools/bin/../lib/gcc/arm-none-eabi/10.3.1/thumb/v7-m/nofp/crtn.o
                0x0000000020005000                _estack = (ORIGIN (RAM) + LENGTH (RAM))
                0x0000000000000200                _Min_Heap_Size = 0x200
                0x0000000000000400                _Min_Stack_Size = 0x400

.isr_vector     0x0000000008000000      0x130
                0x0000000008000000                . = ALIGN (0x4)
 *(.isr_vector)
 .isr_vector    0x0000000008000000      0x130 ./Startup/startup_stm32f103c8tx.o
                0x0000000008000000                g_pfnVectors
                0x0000000008000130                . = ALIGN (0x4)

.text           0x0000000008000130     0x1ca4
                0x0000000008000130                . = ALIGN (0x4)
 *(.text)
 .text          0x0000000008000130       0x40 c:/st/stm32cubeide_1.10.0/stm32cubeide/plugins/com.st.stm32cube.ide.mcu.externaltools.gnu-tools-for-stm32.10.3-2021.10.win32_1.0.0.202111181127/tools/bin/../lib/gcc/arm-none-eabi/10.3.1/thumb/v7-m/nofp/crtbegin.o
 .text          0x0000000008000170      0x21c c:/st/stm32cubeide_1.10.0/stm32cubeide/plugins/com.st.stm32cube.ide.mcu.externaltools.gnu-tools-for-stm32.10.3-2021.10.win32_1.0.0.202111181127/tools/bin/../lib/gcc/arm-none-eabi/10.3.1/thumb/v7-m/nofp\libgcc.a(_arm_addsubsf3.o)
                0x0000000008000170                __aeabi_frsub
                0x0000000008000178                __subsf3
                0x0000000008000178                __aeabi_fsub
                0x000000000800017c                __aeabi_fadd
                0x000000000800017c                __addsf3
                0x00000000080002dc                __aeabi_ui2f
                0x00000000080002dc                __floatunsisf
                0x00000000080002e4                __aeabi_i2f
                0x00000000080002e4                __floatsisf
                0x0000000008000300                __aeabi_ul2f
                0x0000000008000300                __floatundisf
                0x0000000008000310                __aeabi_l2f
                0x0000000008000310                __floatdisf
 .text          0x000000000800038c      0x2a0 c:/st/stm32cubeide_1.10.0/stm32cubeide/plugins/com.st.stm32cube.ide.mcu.externaltools.gnu-tools-for-stm32.10.3-2021.10.win32_1.0.0.202111181127/tools/bin/../lib/gcc/arm-none-eabi/10.3.1/thumb/v7-m/nofp\libgcc.a(_arm_muldivsf3.o)
                0x000000000800038c                __mulsf3
                0x000000000800038c                __aeabi_fmul
                0x00000000080004f4                __aeabi_fdiv
                0x00000000080004f4                __divsf3
 .text          0x000000000800062c       0xec c:/st/stm32cubeide_1.10.0/stm32cubeide/plugins/com.st.stm32cube.ide.mcu.externaltools.gnu-tools-for-stm32.10.3-2021.10.win32_1.0.0.202111181127/tools/bin/../lib/gcc/arm-none-eabi/10.3.1/thumb/v7-m/nofp\libgcc.a(_arm_cmpsf2.o)
                0x000000000800062c                __gesf2
                0x000000000800062c                __gtsf2
                0x0000000008000634                __lesf2
                0x0000000008000634                __ltsf2
                0x000000000800063c                __nesf2
                0x000000000800063c                __eqsf2
                0x000000000800063c                __cmpsf2
                0x000000000800069c                __aeabi_cfrcmple
                0x00000000080006a4                __aeabi_cfcmpeq
                0x00000000080006a4                __aeabi_cfcmple
                0x00000000080006b4                __aeabi_fcmpeq
                0x00000000080006c8                __aeabi_fcmplt
                0x00000000080006dc                __aeabi_fcmple
                0x00000000080006f0                __aeabi_fcmpge
                0x0000000008000704                __aeabi_fcmpgt
 .text          0x0000000008000718       0x4c c:/st/stm32cubeide_1.10.0/stm32cubeide/plugins/com.st.stm32cube.ide.mcu.externaltools.gnu-tools-for-stm32.10.3-2021.10.win32_1.0.0.202111181127/tools/bin/../lib/gcc/arm-none-eabi/10.3.1/thumb/v7-m/nofp\libgcc.a(_arm_fixsfsi.o)
                0x0000000008000718                __aeabi_f2iz
                0x0000000008000718                __fixsfsi
 .text          0x0000000008000764       0x40 c:/st/stm32cubeide_1.10.0/stm32cubeide/plugins/com.st.stm32cube.ide.mcu.externaltools.gnu-tools-for-stm32.10.3-2021.10.win32_1.0.0.202111181127/tools/bin/../lib/gcc/arm-none-eabi/10.3.1/thumb/v7-m/nofp\libgcc.a(_arm_fixunssfsi.o)
                0x0000000008000764                __fixunssfsi
                0x0000000008000764                __aeabi_f2uiz
 *(.text*)
 .text.main     0x00000000080007a4      0x224 ./Src/main.o
                0x00000000080007a4                main
 .text.ReadAdc_Max
                0x00000000080009c8       0x28 ./Src/main.o
                0x00000000080009c8                ReadAdc_Max
 .text.GPIO_Configture
                0x00000000080009f0       0x2c ./Src/main.o
                0x00000000080009f0                GPIO_Configture
 .text.TIM1_Configuraion
                0x0000000008000a1c      0x188 ./Src/main.o
                0x0000000008000a1c                TIM1_Configuraion
 .text.ADC_Configuration
                0x0000000008000ba4       0xb4 ./Src/main.o
                0x0000000008000ba4                ADC_Configuration
 .text.TIM1_UP_IRQHandler
                0x0000000008000c58       0xc0 ./Src/stm32f10x_it.o
                0x0000000008000c58                TIM1_UP_IRQHandler
 .text.NMI_Handler
                0x0000000008000d18        0xc ./Src/stm32f10x_it.o
                0x0000000008000d18                NMI_Handler
 .text.HardFault_Handler
                0x0000000008000d24        0x6 ./Src/stm32f10x_it.o
                0x0000000008000d24                HardFault_Handler
 .text.MemManage_Handler
                0x0000000008000d2a        0x6 ./Src/stm32f10x_it.o
                0x0000000008000d2a                MemManage_Handler
 .text.BusFault_Handler
                0x0000000008000d30        0x6 ./Src/stm32f10x_it.o
                0x0000000008000d30                BusFault_Handler
 .text.UsageFault_Handler
                0x0000000008000d36        0x6 ./Src/stm32f10x_it.o
                0x0000000008000d36                UsageFault_Handler
 .text.SVC_Handler
                0x0000000008000d3c        0xc ./Src/stm32f10x_it.o
                0x0000000008000d3c                SVC_Handler
 .text.DebugMon_Handler
                0x0000000008000d48        0xc ./Src/stm32f10x_it.o
                0x0000000008000d48                DebugMon_Handler
 .text.PendSV_Handler
                0x0000000008000d54        0xc ./Src/stm32f10x_it.o
                0x0000000008000d54                PendSV_Handler
 .text.SysTick_Handler
                0x0000000008000d60        0xc ./Src/stm32f10x_it.o
                0x0000000008000d60                SysTick_Handler
 .text.SystemInit
                0x0000000008000d6c       0x68 ./Src/system_stm32f10x.o
                0x0000000008000d6c                SystemInit
 .text.SetSysClock
                0x0000000008000dd4        0xc ./Src/system_stm32f10x.o
 .text.SetSysClockTo72
                0x0000000008000de0      0x100 ./Src/system_stm32f10x.o
 .text.Reset_Handler
                0x0000000008000ee0       0x50 ./Startup/startup_stm32f103c8tx.o
                0x0000000008000ee0                Reset_Handler
 .text.Default_Handler
                0x0000000008000f30        0x2 ./Startup/startup_stm32f103c8tx.o
                0x0000000008000f30                EXTI2_IRQHandler
                0x0000000008000f30                TIM8_TRG_COM_IRQHandler
                0x0000000008000f30                TIM8_CC_IRQHandler
                0x0000000008000f30                TIM1_CC_IRQHandler
                0x0000000008000f30                TIM6_IRQHandler
                0x0000000008000f30                PVD_IRQHandler
                0x0000000008000f30                SDIO_IRQHandler
                0x0000000008000f30                EXTI3_IRQHandler
                0x0000000008000f30                USB_HP_CAN_TX_IRQHandler
                0x0000000008000f30                EXTI0_IRQHandler
                0x0000000008000f30                I2C2_EV_IRQHandler
                0x0000000008000f30                ADC1_2_IRQHandler
                0x0000000008000f30                SPI1_IRQHandler
                0x0000000008000f30                CAN_SCE_IRQHandler
                0x0000000008000f30                TAMPER_IRQHandler
                0x0000000008000f30                TIM8_UP_IRQHandler
                0x0000000008000f30                DMA2_Channel2_IRQHandler
                0x0000000008000f30                DMA1_Channel4_IRQHandler
                0x0000000008000f30                USART3_IRQHandler
                0x0000000008000f30                RTC_IRQHandler
                0x0000000008000f30                DMA1_Channel7_IRQHandler
                0x0000000008000f30                UART5_IRQHandler
                0x0000000008000f30                ADC3_IRQHandler
                0x0000000008000f30                TIM4_IRQHandler
                0x0000000008000f30                CAN_RX1_IRQHandler
                0x0000000008000f30                DMA2_Channel1_IRQHandler
                0x0000000008000f30                I2C1_EV_IRQHandler
                0x0000000008000f30                DMA1_Channel6_IRQHandler
                0x0000000008000f30                UART4_IRQHandler
                0x0000000008000f30                TIM3_IRQHandler
                0x0000000008000f30                RCC_IRQHandler
                0x0000000008000f30                TIM1_TRG_COM_IRQHandler
                0x0000000008000f30                DMA1_Channel1_IRQHandler
                0x0000000008000f30                Default_Handler
                0x0000000008000f30                EXTI15_10_IRQHandler
                0x0000000008000f30                TIM7_IRQHandler
                0x0000000008000f30                TIM5_IRQHandler
                0x0000000008000f30                EXTI9_5_IRQHandler
                0x0000000008000f30                SPI2_IRQHandler
                0x0000000008000f30                USB_LP_CAN_RX0_IRQHandler
                0x0000000008000f30                DMA1_Channel5_IRQHandler
                0x0000000008000f30                EXTI4_IRQHandler
                0x0000000008000f30                DMA1_Channel3_IRQHandler
                0x0000000008000f30                FSMC_IRQHandler
                0x0000000008000f30                WWDG_IRQHandler
                0x0000000008000f30                TIM2_IRQHandler
                0x0000000008000f30                TIM1_BRK_IRQHandler
                0x0000000008000f30                EXTI1_IRQHandler
                0x0000000008000f30                RTCAlarm_IRQHandler
                0x0000000008000f30                DMA2_Channel4_5_IRQHandler
                0x0000000008000f30                USART2_IRQHandler
                0x0000000008000f30                I2C2_ER_IRQHandler
                0x0000000008000f30                DMA1_Channel2_IRQHandler
                0x0000000008000f30                TIM8_BRK_IRQHandler
                0x0000000008000f30                FLASH_IRQHandler
                0x0000000008000f30                USART1_IRQHandler
                0x0000000008000f30                SPI3_IRQHandler
                0x0000000008000f30                I2C1_ER_IRQHandler
                0x0000000008000f30                DMA2_Channel3_IRQHandler
 *fill*         0x0000000008000f32        0x2 
 .text.NVIC_Init
                0x0000000008000f34       0xc4 ./User/src/misc.o
                0x0000000008000f34                NVIC_Init
 .text.Init_PID
                0x0000000008000ff8       0x5a ./User/src/pid.o
                0x0000000008000ff8                Init_PID
 *fill*         0x0000000008001052        0x2 
 .text.PID      0x0000000008001054       0xf4 ./User/src/pid.o
                0x0000000008001054                PID
 .text.ADC_Init
                0x0000000008001148       0xa4 ./User/src/stm32f10x_adc.o
                0x0000000008001148                ADC_Init
 .text.ADC_Cmd  0x00000000080011ec       0x36 ./User/src/stm32f10x_adc.o
                0x00000000080011ec                ADC_Cmd
 .text.ADC_ResetCalibration
                0x0000000008001222       0x1e ./User/src/stm32f10x_adc.o
                0x0000000008001222                ADC_ResetCalibration
 .text.ADC_GetResetCalibrationStatus
                0x0000000008001240       0x2e ./User/src/stm32f10x_adc.o
                0x0000000008001240                ADC_GetResetCalibrationStatus
 .text.ADC_StartCalibration
                0x000000000800126e       0x1e ./User/src/stm32f10x_adc.o
                0x000000000800126e                ADC_StartCalibration
 .text.ADC_GetCalibrationStatus
                0x000000000800128c       0x2e ./User/src/stm32f10x_adc.o
                0x000000000800128c                ADC_GetCalibrationStatus
 .text.ADC_SoftwareStartConvCmd
                0x00000000080012ba       0x36 ./User/src/stm32f10x_adc.o
                0x00000000080012ba                ADC_SoftwareStartConvCmd
 .text.ADC_RegularChannelConfig
                0x00000000080012f0      0x192 ./User/src/stm32f10x_adc.o
                0x00000000080012f0                ADC_RegularChannelConfig
 .text.ADC_GetConversionValue
                0x0000000008001482       0x18 ./User/src/stm32f10x_adc.o
                0x0000000008001482                ADC_GetConversionValue
 *fill*         0x000000000800149a        0x2 
 .text.ADC_TempSensorVrefintCmd
                0x000000000800149c       0x38 ./User/src/stm32f10x_adc.o
                0x000000000800149c                ADC_TempSensorVrefintCmd
 .text.GPIO_Init
                0x00000000080014d4      0x178 ./User/src/stm32f10x_gpio.o
                0x00000000080014d4                GPIO_Init
 .text.RCC_APB2PeriphClockCmd
                0x000000000800164c       0x3c ./User/src/stm32f10x_rcc.o
                0x000000000800164c                RCC_APB2PeriphClockCmd
 .text.TIM_TimeBaseInit
                0x0000000008001688       0xf8 ./User/src/stm32f10x_tim.o
                0x0000000008001688                TIM_TimeBaseInit
 .text.TIM_OC1Init
                0x0000000008001780      0x118 ./User/src/stm32f10x_tim.o
                0x0000000008001780                TIM_OC1Init
 .text.TIM_OC2Init
                0x0000000008001898      0x110 ./User/src/stm32f10x_tim.o
                0x0000000008001898                TIM_OC2Init
 .text.TIM_BDTRConfig
                0x00000000080019a8       0x4e ./User/src/stm32f10x_tim.o
                0x00000000080019a8                TIM_BDTRConfig
 .text.TIM_Cmd  0x00000000080019f6       0x3e ./User/src/stm32f10x_tim.o
                0x00000000080019f6                TIM_Cmd
 .text.TIM_CtrlPWMOutputs
                0x0000000008001a34       0x4a ./User/src/stm32f10x_tim.o
                0x0000000008001a34                TIM_CtrlPWMOutputs
 .text.TIM_ITConfig
                0x0000000008001a7e       0x46 ./User/src/stm32f10x_tim.o
                0x0000000008001a7e                TIM_ITConfig
 .text.TIM_ARRPreloadConfig
                0x0000000008001ac4       0x3e ./User/src/stm32f10x_tim.o
                0x0000000008001ac4                TIM_ARRPreloadConfig
 .text.TIM_OC1PreloadConfig
                0x0000000008001b02       0x36 ./User/src/stm32f10x_tim.o
                0x0000000008001b02                TIM_OC1PreloadConfig
 .text.TIM_OC2PreloadConfig
                0x0000000008001b38       0x3a ./User/src/stm32f10x_tim.o
                0x0000000008001b38                TIM_OC2PreloadConfig
 .text.TIM_CCxCmd
                0x0000000008001b72       0x54 ./User/src/stm32f10x_tim.o
                0x0000000008001b72                TIM_CCxCmd
 .text.TIM_CCxNCmd
                0x0000000008001bc6       0x54 ./User/src/stm32f10x_tim.o
                0x0000000008001bc6                TIM_CCxNCmd
 .text.TIM_SelectOCxM
                0x0000000008001c1a       0xb0 ./User/src/stm32f10x_tim.o
                0x0000000008001c1a                TIM_SelectOCxM
 .text.TIM_SetCompare1
                0x0000000008001cca       0x1c ./User/src/stm32f10x_tim.o
                0x0000000008001cca                TIM_SetCompare1
 .text.TIM_SetCompare2
                0x0000000008001ce6       0x1c ./User/src/stm32f10x_tim.o
                0x0000000008001ce6                TIM_SetCompare2
 .text.TIM_ClearFlag
                0x0000000008001d02       0x20 ./User/src/stm32f10x_tim.o
                0x0000000008001d02                TIM_ClearFlag
 .text.TIM_GetITStatus
                0x0000000008001d22       0x52 ./User/src/stm32f10x_tim.o
                0x0000000008001d22                TIM_GetITStatus
 .text.__libc_init_array
                0x0000000008001d74       0x48 c:/st/stm32cubeide_1.10.0/stm32cubeide/plugins/com.st.stm32cube.ide.mcu.externaltools.gnu-tools-for-stm32.10.3-2021.10.win32_1.0.0.202111181127/tools/bin/../lib/gcc/arm-none-eabi/10.3.1/../../../../arm-none-eabi/lib/thumb/v7-m/nofp\libc_nano.a(lib_a-init.o)
                0x0000000008001d74                __libc_init_array
 *(.glue_7)
 .glue_7        0x0000000008001dbc        0x0 linker stubs
 *(.glue_7t)
 .glue_7t       0x0000000008001dbc        0x0 linker stubs
 *(.eh_frame)
 .eh_frame      0x0000000008001dbc        0x0 c:/st/stm32cubeide_1.10.0/stm32cubeide/plugins/com.st.stm32cube.ide.mcu.externaltools.gnu-tools-for-stm32.10.3-2021.10.win32_1.0.0.202111181127/tools/bin/../lib/gcc/arm-none-eabi/10.3.1/thumb/v7-m/nofp/crtbegin.o
 *(.init)
 .init          0x0000000008001dbc        0x4 c:/st/stm32cubeide_1.10.0/stm32cubeide/plugins/com.st.stm32cube.ide.mcu.externaltools.gnu-tools-for-stm32.10.3-2021.10.win32_1.0.0.202111181127/tools/bin/../lib/gcc/arm-none-eabi/10.3.1/thumb/v7-m/nofp/crti.o
                0x0000000008001dbc                _init
 .init          0x0000000008001dc0        0x8 c:/st/stm32cubeide_1.10.0/stm32cubeide/plugins/com.st.stm32cube.ide.mcu.externaltools.gnu-tools-for-stm32.10.3-2021.10.win32_1.0.0.202111181127/tools/bin/../lib/gcc/arm-none-eabi/10.3.1/thumb/v7-m/nofp/crtn.o
 *(.fini)
 .fini          0x0000000008001dc8        0x4 c:/st/stm32cubeide_1.10.0/stm32cubeide/plugins/com.st.stm32cube.ide.mcu.externaltools.gnu-tools-for-stm32.10.3-2021.10.win32_1.0.0.202111181127/tools/bin/../lib/gcc/arm-none-eabi/10.3.1/thumb/v7-m/nofp/crti.o
                0x0000000008001dc8                _fini
 .fini          0x0000000008001dcc        0x8 c:/st/stm32cubeide_1.10.0/stm32cubeide/plugins/com.st.stm32cube.ide.mcu.externaltools.gnu-tools-for-stm32.10.3-2021.10.win32_1.0.0.202111181127/tools/bin/../lib/gcc/arm-none-eabi/10.3.1/thumb/v7-m/nofp/crtn.o
                0x0000000008001dd4                . = ALIGN (0x4)
                0x0000000008001dd4                _etext = .

.vfp11_veneer   0x0000000008001dd4        0x0
 .vfp11_veneer  0x0000000008001dd4        0x0 linker stubs

.v4_bx          0x0000000008001dd4        0x0
 .v4_bx         0x0000000008001dd4        0x0 linker stubs

.iplt           0x0000000008001dd4        0x0
 .iplt          0x0000000008001dd4        0x0 c:/st/stm32cubeide_1.10.0/stm32cubeide/plugins/com.st.stm32cube.ide.mcu.externaltools.gnu-tools-for-stm32.10.3-2021.10.win32_1.0.0.202111181127/tools/bin/../lib/gcc/arm-none-eabi/10.3.1/thumb/v7-m/nofp/crtbegin.o

.rel.dyn        0x0000000008001dd4        0x0
 .rel.iplt      0x0000000008001dd4        0x0 c:/st/stm32cubeide_1.10.0/stm32cubeide/plugins/com.st.stm32cube.ide.mcu.externaltools.gnu-tools-for-stm32.10.3-2021.10.win32_1.0.0.202111181127/tools/bin/../lib/gcc/arm-none-eabi/10.3.1/thumb/v7-m/nofp/crtbegin.o

.rodata         0x0000000008001dd4        0x0
                0x0000000008001dd4                . = ALIGN (0x4)
 *(.rodata)
 *(.rodata*)
                0x0000000008001dd4                . = ALIGN (0x4)

.ARM.extab      0x0000000008001dd4        0x0
                0x0000000008001dd4                . = ALIGN (0x4)
 *(.ARM.extab* .gnu.linkonce.armextab.*)
                0x0000000008001dd4                . = ALIGN (0x4)

.ARM            0x0000000008001dd4        0x0
                0x0000000008001dd4                . = ALIGN (0x4)
                0x0000000008001dd4                __exidx_start = .
 *(.ARM.exidx*)
                0x0000000008001dd4                __exidx_end = .
                0x0000000008001dd4                . = ALIGN (0x4)

.preinit_array  0x0000000008001dd4        0x0
                0x0000000008001dd4                . = ALIGN (0x4)
                0x0000000008001dd4                PROVIDE (__preinit_array_start = .)
 *(.preinit_array*)
                0x0000000008001dd4                PROVIDE (__preinit_array_end = .)
                0x0000000008001dd4                . = ALIGN (0x4)

.init_array     0x0000000008001dd4        0x4
                0x0000000008001dd4                . = ALIGN (0x4)
                0x0000000008001dd4                PROVIDE (__init_array_start = .)
 *(SORT_BY_NAME(.init_array.*))
 *(.init_array*)
 .init_array    0x0000000008001dd4        0x4 c:/st/stm32cubeide_1.10.0/stm32cubeide/plugins/com.st.stm32cube.ide.mcu.externaltools.gnu-tools-for-stm32.10.3-2021.10.win32_1.0.0.202111181127/tools/bin/../lib/gcc/arm-none-eabi/10.3.1/thumb/v7-m/nofp/crtbegin.o
                0x0000000008001dd8                PROVIDE (__init_array_end = .)
                0x0000000008001dd8                . = ALIGN (0x4)

.fini_array     0x0000000008001dd8        0x4
                0x0000000008001dd8                . = ALIGN (0x4)
                [!provide]                        PROVIDE (__fini_array_start = .)
 *(SORT_BY_NAME(.fini_array.*))
 *(.fini_array*)
 .fini_array    0x0000000008001dd8        0x4 c:/st/stm32cubeide_1.10.0/stm32cubeide/plugins/com.st.stm32cube.ide.mcu.externaltools.gnu-tools-for-stm32.10.3-2021.10.win32_1.0.0.202111181127/tools/bin/../lib/gcc/arm-none-eabi/10.3.1/thumb/v7-m/nofp/crtbegin.o
                [!provide]                        PROVIDE (__fini_array_end = .)
                0x0000000008001ddc                . = ALIGN (0x4)
                0x0000000008001ddc                _sidata = LOADADDR (.data)

.data           0x0000000020000000      0x38c load address 0x0000000008001ddc
                0x0000000020000000                . = ALIGN (0x4)
                0x0000000020000000                _sdata = .
 *(.data)
 *(.data*)
 .data.k        0x0000000020000000        0x4 ./Src/main.o
                0x0000000020000000                k
 .data.K_fix    0x0000000020000004        0x4 ./Src/main.o
                0x0000000020000004                K_fix
 .data.L4       0x0000000020000008      0x384 ./Src/stm32f10x_it.o
                0x0000000020000008                L4
 *(.RamFunc)
 *(.RamFunc*)
                0x000000002000038c                . = ALIGN (0x4)
                0x000000002000038c                _edata = .

.igot.plt       0x000000002000038c        0x0 load address 0x0000000008002168
 .igot.plt      0x000000002000038c        0x0 c:/st/stm32cubeide_1.10.0/stm32cubeide/plugins/com.st.stm32cube.ide.mcu.externaltools.gnu-tools-for-stm32.10.3-2021.10.win32_1.0.0.202111181127/tools/bin/../lib/gcc/arm-none-eabi/10.3.1/thumb/v7-m/nofp/crtbegin.o
                0x000000002000038c                . = ALIGN (0x4)

.bss            0x000000002000038c      0x7a0 load address 0x0000000008002168
                0x000000002000038c                _sbss = .
                0x000000002000038c                __bss_start__ = _sbss
 *(.bss)
 .bss           0x000000002000038c       0x1c c:/st/stm32cubeide_1.10.0/stm32cubeide/plugins/com.st.stm32cube.ide.mcu.externaltools.gnu-tools-for-stm32.10.3-2021.10.win32_1.0.0.202111181127/tools/bin/../lib/gcc/arm-none-eabi/10.3.1/thumb/v7-m/nofp/crtbegin.o
 *(.bss*)
 .bss.GPIO_InitStructure
                0x00000000200003a8        0x4 ./Src/main.o
                0x00000000200003a8                GPIO_InitStructure
 .bss.TIM_TimeBaseStructure
                0x00000000200003ac        0xa ./Src/main.o
                0x00000000200003ac                TIM_TimeBaseStructure
 *fill*         0x00000000200003b6        0x2 
 .bss.TIM_OCInitStructure
                0x00000000200003b8       0x10 ./Src/main.o
                0x00000000200003b8                TIM_OCInitStructure
 .bss.TIM_BDTRInitStructure
                0x00000000200003c8        0xe ./Src/main.o
                0x00000000200003c8                TIM_BDTRInitStructure
 *fill*         0x00000000200003d6        0x2 
 .bss.NVIC_InitStructure
                0x00000000200003d8        0x4 ./Src/main.o
                0x00000000200003d8                NVIC_InitStructure
 .bss.ADC_InitStructure
                0x00000000200003dc       0x14 ./Src/main.o
                0x00000000200003dc                ADC_InitStructure
 .bss.pidData   0x00000000200003f0       0x1c ./Src/main.o
                0x00000000200003f0                pidData
 .bss.chonmang  0x000000002000040c        0x4 ./Src/main.o
                0x000000002000040c                chonmang
 .bss.Adc_Max   0x0000000020000410        0x4 ./Src/main.o
                0x0000000020000410                Adc_Max
 .bss.Read_pid  0x0000000020000414        0x4 ./Src/main.o
                0x0000000020000414                Read_pid
 .bss.read_p1   0x0000000020000418        0x4 ./Src/main.o
                0x0000000020000418                read_p1
 .bss.L3        0x000000002000041c      0x384 ./Src/stm32f10x_it.o
                0x000000002000041c                L3
 .bss.L5        0x00000000200007a0      0x384 ./Src/stm32f10x_it.o
                0x00000000200007a0                L5
 .bss.Ext_ReadAdc_Max
                0x0000000020000b24        0x4 ./Src/stm32f10x_it.o
                0x0000000020000b24                Ext_ReadAdc_Max
 .bss.Arr       0x0000000020000b28        0x2 ./Src/stm32f10x_it.o
                0x0000000020000b28                Arr
 *(COMMON)
                0x0000000020000b2c                . = ALIGN (0x4)
 *fill*         0x0000000020000b2a        0x2 
                0x0000000020000b2c                _ebss = .
                0x0000000020000b2c                __bss_end__ = _ebss

._user_heap_stack
                0x0000000020000b2c      0x604 load address 0x0000000008002168
                0x0000000020000b30                . = ALIGN (0x8)
 *fill*         0x0000000020000b2c        0x4 
                [!provide]                        PROVIDE (end = .)
                0x0000000020000b30                PROVIDE (_end = .)
                0x0000000020000d30                . = (. + _Min_Heap_Size)
 *fill*         0x0000000020000b30      0x200 
                0x0000000020001130                . = (. + _Min_Stack_Size)
 *fill*         0x0000000020000d30      0x400 
                0x0000000020001130                . = ALIGN (0x8)

/DISCARD/
 libc.a(*)
 libm.a(*)
 libgcc.a(*)

.ARM.attributes
                0x0000000000000000       0x29
 *(.ARM.attributes)
 .ARM.attributes
                0x0000000000000000       0x1d c:/st/stm32cubeide_1.10.0/stm32cubeide/plugins/com.st.stm32cube.ide.mcu.externaltools.gnu-tools-for-stm32.10.3-2021.10.win32_1.0.0.202111181127/tools/bin/../lib/gcc/arm-none-eabi/10.3.1/thumb/v7-m/nofp/crti.o
 .ARM.attributes
                0x000000000000001d       0x2d c:/st/stm32cubeide_1.10.0/stm32cubeide/plugins/com.st.stm32cube.ide.mcu.externaltools.gnu-tools-for-stm32.10.3-2021.10.win32_1.0.0.202111181127/tools/bin/../lib/gcc/arm-none-eabi/10.3.1/thumb/v7-m/nofp/crtbegin.o
 .ARM.attributes
                0x000000000000004a       0x2d ./Src/main.o
 .ARM.attributes
                0x0000000000000077       0x2d ./Src/stm32f10x_it.o
 .ARM.attributes
                0x00000000000000a4       0x2d ./Src/system_stm32f10x.o
 .ARM.attributes
                0x00000000000000d1       0x21 ./Startup/startup_stm32f103c8tx.o
 .ARM.attributes
                0x00000000000000f2       0x2d ./User/src/misc.o
 .ARM.attributes
                0x000000000000011f       0x2d ./User/src/pid.o
 .ARM.attributes
                0x000000000000014c       0x2d ./User/src/stm32f10x_adc.o
 .ARM.attributes
                0x0000000000000179       0x2d ./User/src/stm32f10x_gpio.o
 .ARM.attributes
                0x00000000000001a6       0x2d ./User/src/stm32f10x_rcc.o
 .ARM.attributes
                0x00000000000001d3       0x2d ./User/src/stm32f10x_tim.o
 .ARM.attributes
                0x0000000000000200       0x2d c:/st/stm32cubeide_1.10.0/stm32cubeide/plugins/com.st.stm32cube.ide.mcu.externaltools.gnu-tools-for-stm32.10.3-2021.10.win32_1.0.0.202111181127/tools/bin/../lib/gcc/arm-none-eabi/10.3.1/../../../../arm-none-eabi/lib/thumb/v7-m/nofp\libc_nano.a(lib_a-init.o)
 .ARM.attributes
                0x000000000000022d       0x1d c:/st/stm32cubeide_1.10.0/stm32cubeide/plugins/com.st.stm32cube.ide.mcu.externaltools.gnu-tools-for-stm32.10.3-2021.10.win32_1.0.0.202111181127/tools/bin/../lib/gcc/arm-none-eabi/10.3.1/thumb/v7-m/nofp\libgcc.a(_arm_addsubsf3.o)
 .ARM.attributes
                0x000000000000024a       0x1d c:/st/stm32cubeide_1.10.0/stm32cubeide/plugins/com.st.stm32cube.ide.mcu.externaltools.gnu-tools-for-stm32.10.3-2021.10.win32_1.0.0.202111181127/tools/bin/../lib/gcc/arm-none-eabi/10.3.1/thumb/v7-m/nofp\libgcc.a(_arm_muldivsf3.o)
 .ARM.attributes
                0x0000000000000267       0x1d c:/st/stm32cubeide_1.10.0/stm32cubeide/plugins/com.st.stm32cube.ide.mcu.externaltools.gnu-tools-for-stm32.10.3-2021.10.win32_1.0.0.202111181127/tools/bin/../lib/gcc/arm-none-eabi/10.3.1/thumb/v7-m/nofp\libgcc.a(_arm_cmpsf2.o)
 .ARM.attributes
                0x0000000000000284       0x1d c:/st/stm32cubeide_1.10.0/stm32cubeide/plugins/com.st.stm32cube.ide.mcu.externaltools.gnu-tools-for-stm32.10.3-2021.10.win32_1.0.0.202111181127/tools/bin/../lib/gcc/arm-none-eabi/10.3.1/thumb/v7-m/nofp\libgcc.a(_arm_fixsfsi.o)
 .ARM.attributes
                0x00000000000002a1       0x1d c:/st/stm32cubeide_1.10.0/stm32cubeide/plugins/com.st.stm32cube.ide.mcu.externaltools.gnu-tools-for-stm32.10.3-2021.10.win32_1.0.0.202111181127/tools/bin/../lib/gcc/arm-none-eabi/10.3.1/thumb/v7-m/nofp\libgcc.a(_arm_fixunssfsi.o)
 .ARM.attributes
                0x00000000000002be       0x1d c:/st/stm32cubeide_1.10.0/stm32cubeide/plugins/com.st.stm32cube.ide.mcu.externaltools.gnu-tools-for-stm32.10.3-2021.10.win32_1.0.0.202111181127/tools/bin/../lib/gcc/arm-none-eabi/10.3.1/thumb/v7-m/nofp/crtn.o
OUTPUT(F1_Sine_Timer1_LCuc.elf elf32-littlearm)
LOAD linker stubs
LOAD c:/st/stm32cubeide_1.10.0/stm32cubeide/plugins/com.st.stm32cube.ide.mcu.externaltools.gnu-tools-for-stm32.10.3-2021.10.win32_1.0.0.202111181127/tools/bin/../lib/gcc/arm-none-eabi/10.3.1/../../../../arm-none-eabi/lib/thumb/v7-m/nofp\libc.a
LOAD c:/st/stm32cubeide_1.10.0/stm32cubeide/plugins/com.st.stm32cube.ide.mcu.externaltools.gnu-tools-for-stm32.10.3-2021.10.win32_1.0.0.202111181127/tools/bin/../lib/gcc/arm-none-eabi/10.3.1/../../../../arm-none-eabi/lib/thumb/v7-m/nofp\libm.a
LOAD c:/st/stm32cubeide_1.10.0/stm32cubeide/plugins/com.st.stm32cube.ide.mcu.externaltools.gnu-tools-for-stm32.10.3-2021.10.win32_1.0.0.202111181127/tools/bin/../lib/gcc/arm-none-eabi/10.3.1/thumb/v7-m/nofp\libgcc.a

.debug_info     0x0000000000000000     0x5927
 .debug_info    0x0000000000000000      0xea6 ./Src/main.o
 .debug_info    0x0000000000000ea6      0x4cb ./Src/stm32f10x_it.o
 .debug_info    0x0000000000001371      0x479 ./Src/system_stm32f10x.o
 .debug_info    0x00000000000017ea       0x22 ./Startup/startup_stm32f103c8tx.o
 .debug_info    0x000000000000180c      0x510 ./User/src/misc.o
 .debug_info    0x0000000000001d1c      0x198 ./User/src/pid.o
 .debug_info    0x0000000000001eb4      0xc16 ./User/src/stm32f10x_adc.o
 .debug_info    0x0000000000002aca      0x74a ./User/src/stm32f10x_gpio.o
 .debug_info    0x0000000000003214      0x8f7 ./User/src/stm32f10x_rcc.o
 .debug_info    0x0000000000003b0b     0x1e1c ./User/src/stm32f10x_tim.o

.debug_abbrev   0x0000000000000000      0xfbf
 .debug_abbrev  0x0000000000000000      0x298 ./Src/main.o
 .debug_abbrev  0x0000000000000298      0x178 ./Src/stm32f10x_it.o
 .debug_abbrev  0x0000000000000410      0x1b1 ./Src/system_stm32f10x.o
 .debug_abbrev  0x00000000000005c1       0x12 ./Startup/startup_stm32f103c8tx.o
 .debug_abbrev  0x00000000000005d3      0x184 ./User/src/misc.o
 .debug_abbrev  0x0000000000000757       0xd4 ./User/src/pid.o
 .debug_abbrev  0x000000000000082b      0x1ce ./User/src/stm32f10x_adc.o
 .debug_abbrev  0x00000000000009f9      0x208 ./User/src/stm32f10x_gpio.o
 .debug_abbrev  0x0000000000000c01      0x1d6 ./User/src/stm32f10x_rcc.o
 .debug_abbrev  0x0000000000000dd7      0x1e8 ./User/src/stm32f10x_tim.o

.debug_aranges  0x0000000000000000      0x760
 .debug_aranges
                0x0000000000000000       0x48 ./Src/main.o
 .debug_aranges
                0x0000000000000048       0x68 ./Src/stm32f10x_it.o
 .debug_aranges
                0x00000000000000b0       0x38 ./Src/system_stm32f10x.o
 .debug_aranges
                0x00000000000000e8       0x28 ./Startup/startup_stm32f103c8tx.o
 .debug_aranges
                0x0000000000000110       0x40 ./User/src/misc.o
 .debug_aranges
                0x0000000000000150       0x28 ./User/src/pid.o
 .debug_aranges
                0x0000000000000178      0x138 ./User/src/stm32f10x_adc.o
 .debug_aranges
                0x00000000000002b0       0xa8 ./User/src/stm32f10x_gpio.o
 .debug_aranges
                0x0000000000000358      0x118 ./User/src/stm32f10x_rcc.o
 .debug_aranges
                0x0000000000000470      0x2f0 ./User/src/stm32f10x_tim.o

.debug_ranges   0x0000000000000000      0x6c8
 .debug_ranges  0x0000000000000000       0x38 ./Src/main.o
 .debug_ranges  0x0000000000000038       0x58 ./Src/stm32f10x_it.o
 .debug_ranges  0x0000000000000090       0x28 ./Src/system_stm32f10x.o
 .debug_ranges  0x00000000000000b8       0x20 ./Startup/startup_stm32f103c8tx.o
 .debug_ranges  0x00000000000000d8       0x30 ./User/src/misc.o
 .debug_ranges  0x0000000000000108       0x18 ./User/src/pid.o
 .debug_ranges  0x0000000000000120      0x128 ./User/src/stm32f10x_adc.o
 .debug_ranges  0x0000000000000248       0x98 ./User/src/stm32f10x_gpio.o
 .debug_ranges  0x00000000000002e0      0x108 ./User/src/stm32f10x_rcc.o
 .debug_ranges  0x00000000000003e8      0x2e0 ./User/src/stm32f10x_tim.o

.debug_macro    0x0000000000000000     0xe139
 .debug_macro   0x0000000000000000      0x18d ./Src/main.o
 .debug_macro   0x000000000000018d      0xa7e ./Src/main.o
 .debug_macro   0x0000000000000c0b       0x56 ./Src/main.o
 .debug_macro   0x0000000000000c61       0x22 ./Src/main.o
 .debug_macro   0x0000000000000c83       0x22 ./Src/main.o
 .debug_macro   0x0000000000000ca5       0x8e ./Src/main.o
 .debug_macro   0x0000000000000d33       0x51 ./Src/main.o
 .debug_macro   0x0000000000000d84      0x103 ./Src/main.o
 .debug_macro   0x0000000000000e87       0x6a ./Src/main.o
 .debug_macro   0x0000000000000ef1      0x1df ./Src/main.o
 .debug_macro   0x00000000000010d0      0x69f ./Src/main.o
 .debug_macro   0x000000000000176f     0x7dbe ./Src/main.o
 .debug_macro   0x000000000000952d      0x2df ./Src/main.o
 .debug_macro   0x000000000000980c      0x144 ./Src/main.o
 .debug_macro   0x0000000000009950      0x3cf ./Src/main.o
 .debug_macro   0x0000000000009d1f       0xc8 ./Src/main.o
 .debug_macro   0x0000000000009de7      0x17a ./Src/main.o
 .debug_macro   0x0000000000009f61       0xac ./Src/main.o
 .debug_macro   0x000000000000a00d      0x3ad ./Src/main.o
 .debug_macro   0x000000000000a3ba       0x9a ./Src/main.o
 .debug_macro   0x000000000000a454      0x2cf ./Src/main.o
 .debug_macro   0x000000000000a723      0x279 ./Src/main.o
 .debug_macro   0x000000000000a99c      0x2ac ./Src/main.o
 .debug_macro   0x000000000000ac48      0x2b1 ./Src/main.o
 .debug_macro   0x000000000000aef9       0x64 ./Src/main.o
 .debug_macro   0x000000000000af5d       0x82 ./Src/main.o
 .debug_macro   0x000000000000afdf      0x3e2 ./Src/main.o
 .debug_macro   0x000000000000b3c1       0x58 ./Src/main.o
 .debug_macro   0x000000000000b419      0x341 ./Src/main.o
 .debug_macro   0x000000000000b75a      0x2c4 ./Src/main.o
 .debug_macro   0x000000000000ba1e      0x711 ./Src/main.o
 .debug_macro   0x000000000000c12f      0x220 ./Src/main.o
 .debug_macro   0x000000000000c34f       0x34 ./Src/main.o
 .debug_macro   0x000000000000c383       0x8b ./Src/main.o
 .debug_macro   0x000000000000c40e       0x35 ./Src/main.o
 .debug_macro   0x000000000000c443       0x40 ./Src/main.o
 .debug_macro   0x000000000000c483       0x22 ./Src/main.o
 .debug_macro   0x000000000000c4a5      0x185 ./Src/stm32f10x_it.o
 .debug_macro   0x000000000000c62a      0x188 ./Src/system_stm32f10x.o
 .debug_macro   0x000000000000c7b2      0x18b ./User/src/misc.o
 .debug_macro   0x000000000000c93d       0x85 ./User/src/misc.o
 .debug_macro   0x000000000000c9c2       0x1a ./User/src/pid.o
 .debug_macro   0x000000000000c9dc      0x281 ./User/src/stm32f10x_adc.o
 .debug_macro   0x000000000000cc5d      0x13e ./User/src/stm32f10x_adc.o
 .debug_macro   0x000000000000cd9b      0x1d3 ./User/src/stm32f10x_gpio.o
 .debug_macro   0x000000000000cf6e      0x2a6 ./User/src/stm32f10x_gpio.o
 .debug_macro   0x000000000000d214      0x2a1 ./User/src/stm32f10x_rcc.o
 .debug_macro   0x000000000000d4b5      0x3dc ./User/src/stm32f10x_rcc.o
 .debug_macro   0x000000000000d891      0x19d ./User/src/stm32f10x_tim.o
 .debug_macro   0x000000000000da2e      0x70b ./User/src/stm32f10x_tim.o

.debug_line     0x0000000000000000     0x54c4
 .debug_line    0x0000000000000000      0x7ee ./Src/main.o
 .debug_line    0x00000000000007ee      0x6c5 ./Src/stm32f10x_it.o
 .debug_line    0x0000000000000eb3      0x732 ./Src/system_stm32f10x.o
 .debug_line    0x00000000000015e5       0x84 ./Startup/startup_stm32f103c8tx.o
 .debug_line    0x0000000000001669      0x6aa ./User/src/misc.o
 .debug_line    0x0000000000001d13      0x132 ./User/src/pid.o
 .debug_line    0x0000000000001e45      0xc1f ./User/src/stm32f10x_adc.o
 .debug_line    0x0000000000002a64      0x992 ./User/src/stm32f10x_gpio.o
 .debug_line    0x00000000000033f6      0xb2e ./User/src/stm32f10x_rcc.o
 .debug_line    0x0000000000003f24     0x15a0 ./User/src/stm32f10x_tim.o

.debug_str      0x0000000000000000    0x501f8
 .debug_str     0x0000000000000000    0x4dbed ./Src/main.o
                                      0x4dd96 (size before relaxing)
 .debug_str     0x000000000004dbed       0xfb ./Src/stm32f10x_it.o
                                      0x4d3e7 (size before relaxing)
 .debug_str     0x000000000004dce8      0x167 ./Src/system_stm32f10x.o
                                      0x4d32a (size before relaxing)
 .debug_str     0x000000000004de4f       0x31 ./Startup/startup_stm32f103c8tx.o
                                         0x61 (size before relaxing)
 .debug_str     0x000000000004de80      0x156 ./User/src/misc.o
                                      0x4d402 (size before relaxing)
 .debug_str     0x000000000004dfd6       0x6a ./User/src/pid.o
                                       0x2ddd (size before relaxing)
 .debug_str     0x000000000004e040      0x9dd ./User/src/stm32f10x_adc.o
                                      0x4dd6d (size before relaxing)
 .debug_str     0x000000000004ea1d      0x471 ./User/src/stm32f10x_gpio.o
                                      0x4d791 (size before relaxing)
 .debug_str     0x000000000004ee8e      0xab5 ./User/src/stm32f10x_rcc.o
                                      0x4dd60 (size before relaxing)
 .debug_str     0x000000000004f943      0x8b5 ./User/src/stm32f10x_tim.o
                                      0x4deac (size before relaxing)

.comment        0x0000000000000000       0x50
 .comment       0x0000000000000000       0x50 ./Src/main.o
                                         0x51 (size before relaxing)
 .comment       0x0000000000000050       0x51 ./Src/stm32f10x_it.o
 .comment       0x0000000000000050       0x51 ./Src/system_stm32f10x.o
 .comment       0x0000000000000050       0x51 ./User/src/misc.o
 .comment       0x0000000000000050       0x51 ./User/src/pid.o
 .comment       0x0000000000000050       0x51 ./User/src/stm32f10x_adc.o
 .comment       0x0000000000000050       0x51 ./User/src/stm32f10x_gpio.o
 .comment       0x0000000000000050       0x51 ./User/src/stm32f10x_rcc.o
 .comment       0x0000000000000050       0x51 ./User/src/stm32f10x_tim.o

.debug_frame    0x0000000000000000     0x2118
 .debug_frame   0x0000000000000000       0xc8 ./Src/main.o
 .debug_frame   0x00000000000000c8      0x12c ./Src/stm32f10x_it.o
 .debug_frame   0x00000000000001f4       0x98 ./Src/system_stm32f10x.o
 .debug_frame   0x000000000000028c       0xd8 ./User/src/misc.o
 .debug_frame   0x0000000000000364       0x60 ./User/src/pid.o
 .debug_frame   0x00000000000003c4      0x5a4 ./User/src/stm32f10x_adc.o
 .debug_frame   0x0000000000000968      0x2d0 ./User/src/stm32f10x_gpio.o
 .debug_frame   0x0000000000000c38      0x4f4 ./User/src/stm32f10x_rcc.o
 .debug_frame   0x000000000000112c      0xe2c ./User/src/stm32f10x_tim.o
 .debug_frame   0x0000000000001f58       0x2c c:/st/stm32cubeide_1.10.0/stm32cubeide/plugins/com.st.stm32cube.ide.mcu.externaltools.gnu-tools-for-stm32.10.3-2021.10.win32_1.0.0.202111181127/tools/bin/../lib/gcc/arm-none-eabi/10.3.1/../../../../arm-none-eabi/lib/thumb/v7-m/nofp\libc_nano.a(lib_a-init.o)
 .debug_frame   0x0000000000001f84       0x4c c:/st/stm32cubeide_1.10.0/stm32cubeide/plugins/com.st.stm32cube.ide.mcu.externaltools.gnu-tools-for-stm32.10.3-2021.10.win32_1.0.0.202111181127/tools/bin/../lib/gcc/arm-none-eabi/10.3.1/thumb/v7-m/nofp\libgcc.a(_arm_addsubsf3.o)
 .debug_frame   0x0000000000001fd0       0x38 c:/st/stm32cubeide_1.10.0/stm32cubeide/plugins/com.st.stm32cube.ide.mcu.externaltools.gnu-tools-for-stm32.10.3-2021.10.win32_1.0.0.202111181127/tools/bin/../lib/gcc/arm-none-eabi/10.3.1/thumb/v7-m/nofp\libgcc.a(_arm_muldivsf3.o)
 .debug_frame   0x0000000000002008       0xc8 c:/st/stm32cubeide_1.10.0/stm32cubeide/plugins/com.st.stm32cube.ide.mcu.externaltools.gnu-tools-for-stm32.10.3-2021.10.win32_1.0.0.202111181127/tools/bin/../lib/gcc/arm-none-eabi/10.3.1/thumb/v7-m/nofp\libgcc.a(_arm_cmpsf2.o)
 .debug_frame   0x00000000000020d0       0x24 c:/st/stm32cubeide_1.10.0/stm32cubeide/plugins/com.st.stm32cube.ide.mcu.externaltools.gnu-tools-for-stm32.10.3-2021.10.win32_1.0.0.202111181127/tools/bin/../lib/gcc/arm-none-eabi/10.3.1/thumb/v7-m/nofp\libgcc.a(_arm_fixsfsi.o)
 .debug_frame   0x00000000000020f4       0x24 c:/st/stm32cubeide_1.10.0/stm32cubeide/plugins/com.st.stm32cube.ide.mcu.externaltools.gnu-tools-for-stm32.10.3-2021.10.win32_1.0.0.202111181127/tools/bin/../lib/gcc/arm-none-eabi/10.3.1/thumb/v7-m/nofp\libgcc.a(_arm_fixunssfsi.o)
