21:04:39 **** Build of configuration Debug for project F0_Demo ****
make -j8 all 
arm-none-eabi-gcc "../user/main.c" -mcpu=cortex-m0 -std=gnu11 -g3 -DDEBUG -DSTM32 -DSTM32F0 -DSTM32F030K6Tx -DSTM32F030 -DUSE_STDPERIPH_DRIVER -c -I../Inc -I"F:/STM32_Sine_CubeIDE/F0_Demo/Libraries/CMSIS" -I"F:/STM32_Sine_CubeIDE/F0_Demo/Libraries/CMSIS/Include" -I"F:/STM32_Sine_CubeIDE/F0_Demo/Libraries/STM32F0xx_StdPeriph_Driver/inc" -O0 -ffunction-sections -fdata-sections -Wall -fstack-usage -MMD -MP -MF"user/main.d" -MT"user/main.o" --specs=nano.specs -mfloat-abi=soft -mthumb -o "user/main.o"
arm-none-eabi-gcc -mcpu=cortex-m0 -g3 -DDEBUG -c -x assembler-with-cpp -MMD -MP -MF"Startup/startup_stm32f030k6tx.d" -MT"Startup/startup_stm32f030k6tx.o" --specs=nano.specs -mfloat-abi=soft -mthumb -o "Startup/startup_stm32f030k6tx.o" "../Startup/startup_stm32f030k6tx.s"
arm-none-eabi-gcc "../Src/stm32f0xx_it.c" -mcpu=cortex-m0 -std=gnu11 -g3 -DDEBUG -DSTM32 -DSTM32F0 -DSTM32F030K6Tx -DSTM32F030 -DUSE_STDPERIPH_DRIVER -c -I../Inc -I"F:/STM32_Sine_CubeIDE/F0_Demo/Libraries/CMSIS" -I"F:/STM32_Sine_CubeIDE/F0_Demo/Libraries/CMSIS/Include" -I"F:/STM32_Sine_CubeIDE/F0_Demo/Libraries/STM32F0xx_StdPeriph_Driver/inc" -O0 -ffunction-sections -fdata-sections -Wall -fstack-usage -MMD -MP -MF"Src/stm32f0xx_it.d" -MT"Src/stm32f0xx_it.o" --specs=nano.specs -mfloat-abi=soft -mthumb -o "Src/stm32f0xx_it.o"
arm-none-eabi-gcc "../Src/syscalls.c" -mcpu=cortex-m0 -std=gnu11 -g3 -DDEBUG -DSTM32 -DSTM32F0 -DSTM32F030K6Tx -DSTM32F030 -DUSE_STDPERIPH_DRIVER -c -I../Inc -I"F:/STM32_Sine_CubeIDE/F0_Demo/Libraries/CMSIS" -I"F:/STM32_Sine_CubeIDE/F0_Demo/Libraries/CMSIS/Include" -I"F:/STM32_Sine_CubeIDE/F0_Demo/Libraries/STM32F0xx_StdPeriph_Driver/inc" -O0 -ffunction-sections -fdata-sections -Wall -fstack-usage -MMD -MP -MF"Src/syscalls.d" -MT"Src/syscalls.o" --specs=nano.specs -mfloat-abi=soft -mthumb -o "Src/syscalls.o"
arm-none-eabi-gcc "../Src/sysmem.c" -mcpu=cortex-m0 -std=gnu11 -g3 -DDEBUG -DSTM32 -DSTM32F0 -DSTM32F030K6Tx -DSTM32F030 -DUSE_STDPERIPH_DRIVER -c -I../Inc -I"F:/STM32_Sine_CubeIDE/F0_Demo/Libraries/CMSIS" -I"F:/STM32_Sine_CubeIDE/F0_Demo/Libraries/CMSIS/Include" -I"F:/STM32_Sine_CubeIDE/F0_Demo/Libraries/STM32F0xx_StdPeriph_Driver/inc" -O0 -ffunction-sections -fdata-sections -Wall -fstack-usage -MMD -MP -MF"Src/sysmem.d" -MT"Src/sysmem.o" --specs=nano.specs -mfloat-abi=soft -mthumb -o "Src/sysmem.o"
arm-none-eabi-gcc "../Src/system_stm32f0xx.c" -mcpu=cortex-m0 -std=gnu11 -g3 -DDEBUG -DSTM32 -DSTM32F0 -DSTM32F030K6Tx -DSTM32F030 -DUSE_STDPERIPH_DRIVER -c -I../Inc -I"F:/STM32_Sine_CubeIDE/F0_Demo/Libraries/CMSIS" -I"F:/STM32_Sine_CubeIDE/F0_Demo/Libraries/CMSIS/Include" -I"F:/STM32_Sine_CubeIDE/F0_Demo/Libraries/STM32F0xx_StdPeriph_Driver/inc" -O0 -ffunction-sections -fdata-sections -Wall -fstack-usage -MMD -MP -MF"Src/system_stm32f0xx.d" -MT"Src/system_stm32f0xx.o" --specs=nano.specs -mfloat-abi=soft -mthumb -o "Src/system_stm32f0xx.o"
arm-none-eabi-gcc "../Libraries/STM32F0xx_StdPeriph_Driver/src/stm32f0xx_adc.c" -mcpu=cortex-m0 -std=gnu11 -g3 -DDEBUG -DSTM32 -DSTM32F0 -DSTM32F030K6Tx -DSTM32F030 -DUSE_STDPERIPH_DRIVER -c -I../Inc -I"F:/STM32_Sine_CubeIDE/F0_Demo/Libraries/CMSIS" -I"F:/STM32_Sine_CubeIDE/F0_Demo/Libraries/CMSIS/Include" -I"F:/STM32_Sine_CubeIDE/F0_Demo/Libraries/STM32F0xx_StdPeriph_Driver/inc" -O0 -ffunction-sections -fdata-sections -Wall -fstack-usage -MMD -MP -MF"Libraries/STM32F0xx_StdPeriph_Driver/src/stm32f0xx_adc.d" -MT"Libraries/STM32F0xx_StdPeriph_Driver/src/stm32f0xx_adc.o" --specs=nano.specs -mfloat-abi=soft -mthumb -o "Libraries/STM32F0xx_StdPeriph_Driver/src/stm32f0xx_adc.o"
arm-none-eabi-gcc "../Libraries/STM32F0xx_StdPeriph_Driver/src/stm32f0xx_can.c" -mcpu=cortex-m0 -std=gnu11 -g3 -DDEBUG -DSTM32 -DSTM32F0 -DSTM32F030K6Tx -DSTM32F030 -DUSE_STDPERIPH_DRIVER -c -I../Inc -I"F:/STM32_Sine_CubeIDE/F0_Demo/Libraries/CMSIS" -I"F:/STM32_Sine_CubeIDE/F0_Demo/Libraries/CMSIS/Include" -I"F:/STM32_Sine_CubeIDE/F0_Demo/Libraries/STM32F0xx_StdPeriph_Driver/inc" -O0 -ffunction-sections -fdata-sections -Wall -fstack-usage -MMD -MP -MF"Libraries/STM32F0xx_StdPeriph_Driver/src/stm32f0xx_can.d" -MT"Libraries/STM32F0xx_StdPeriph_Driver/src/stm32f0xx_can.o" --specs=nano.specs -mfloat-abi=soft -mthumb -o "Libraries/STM32F0xx_StdPeriph_Driver/src/stm32f0xx_can.o"
arm-none-eabi-gcc "../Libraries/STM32F0xx_StdPeriph_Driver/src/stm32f0xx_cec.c" -mcpu=cortex-m0 -std=gnu11 -g3 -DDEBUG -DSTM32 -DSTM32F0 -DSTM32F030K6Tx -DSTM32F030 -DUSE_STDPERIPH_DRIVER -c -I../Inc -I"F:/STM32_Sine_CubeIDE/F0_Demo/Libraries/CMSIS" -I"F:/STM32_Sine_CubeIDE/F0_Demo/Libraries/CMSIS/Include" -I"F:/STM32_Sine_CubeIDE/F0_Demo/Libraries/STM32F0xx_StdPeriph_Driver/inc" -O0 -ffunction-sections -fdata-sections -Wall -fstack-usage -MMD -MP -MF"Libraries/STM32F0xx_StdPeriph_Driver/src/stm32f0xx_cec.d" -MT"Libraries/STM32F0xx_StdPeriph_Driver/src/stm32f0xx_cec.o" --specs=nano.specs -mfloat-abi=soft -mthumb -o "Libraries/STM32F0xx_StdPeriph_Driver/src/stm32f0xx_cec.o"
arm-none-eabi-gcc "../Libraries/STM32F0xx_StdPeriph_Driver/src/stm32f0xx_comp.c" -mcpu=cortex-m0 -std=gnu11 -g3 -DDEBUG -DSTM32 -DSTM32F0 -DSTM32F030K6Tx -DSTM32F030 -DUSE_STDPERIPH_DRIVER -c -I../Inc -I"F:/STM32_Sine_CubeIDE/F0_Demo/Libraries/CMSIS" -I"F:/STM32_Sine_CubeIDE/F0_Demo/Libraries/CMSIS/Include" -I"F:/STM32_Sine_CubeIDE/F0_Demo/Libraries/STM32F0xx_StdPeriph_Driver/inc" -O0 -ffunction-sections -fdata-sections -Wall -fstack-usage -MMD -MP -MF"Libraries/STM32F0xx_StdPeriph_Driver/src/stm32f0xx_comp.d" -MT"Libraries/STM32F0xx_StdPeriph_Driver/src/stm32f0xx_comp.o" --specs=nano.specs -mfloat-abi=soft -mthumb -o "Libraries/STM32F0xx_StdPeriph_Driver/src/stm32f0xx_comp.o"
arm-none-eabi-gcc "../Libraries/STM32F0xx_StdPeriph_Driver/src/stm32f0xx_crc.c" -mcpu=cortex-m0 -std=gnu11 -g3 -DDEBUG -DSTM32 -DSTM32F0 -DSTM32F030K6Tx -DSTM32F030 -DUSE_STDPERIPH_DRIVER -c -I../Inc -I"F:/STM32_Sine_CubeIDE/F0_Demo/Libraries/CMSIS" -I"F:/STM32_Sine_CubeIDE/F0_Demo/Libraries/CMSIS/Include" -I"F:/STM32_Sine_CubeIDE/F0_Demo/Libraries/STM32F0xx_StdPeriph_Driver/inc" -O0 -ffunction-sections -fdata-sections -Wall -fstack-usage -MMD -MP -MF"Libraries/STM32F0xx_StdPeriph_Driver/src/stm32f0xx_crc.d" -MT"Libraries/STM32F0xx_StdPeriph_Driver/src/stm32f0xx_crc.o" --specs=nano.specs -mfloat-abi=soft -mthumb -o "Libraries/STM32F0xx_StdPeriph_Driver/src/stm32f0xx_crc.o"
arm-none-eabi-gcc "../Libraries/STM32F0xx_StdPeriph_Driver/src/stm32f0xx_crs.c" -mcpu=cortex-m0 -std=gnu11 -g3 -DDEBUG -DSTM32 -DSTM32F0 -DSTM32F030K6Tx -DSTM32F030 -DUSE_STDPERIPH_DRIVER -c -I../Inc -I"F:/STM32_Sine_CubeIDE/F0_Demo/Libraries/CMSIS" -I"F:/STM32_Sine_CubeIDE/F0_Demo/Libraries/CMSIS/Include" -I"F:/STM32_Sine_CubeIDE/F0_Demo/Libraries/STM32F0xx_StdPeriph_Driver/inc" -O0 -ffunction-sections -fdata-sections -Wall -fstack-usage -MMD -MP -MF"Libraries/STM32F0xx_StdPeriph_Driver/src/stm32f0xx_crs.d" -MT"Libraries/STM32F0xx_StdPeriph_Driver/src/stm32f0xx_crs.o" --specs=nano.specs -mfloat-abi=soft -mthumb -o "Libraries/STM32F0xx_StdPeriph_Driver/src/stm32f0xx_crs.o"
arm-none-eabi-gcc "../Libraries/STM32F0xx_StdPeriph_Driver/src/stm32f0xx_dac.c" -mcpu=cortex-m0 -std=gnu11 -g3 -DDEBUG -DSTM32 -DSTM32F0 -DSTM32F030K6Tx -DSTM32F030 -DUSE_STDPERIPH_DRIVER -c -I../Inc -I"F:/STM32_Sine_CubeIDE/F0_Demo/Libraries/CMSIS" -I"F:/STM32_Sine_CubeIDE/F0_Demo/Libraries/CMSIS/Include" -I"F:/STM32_Sine_CubeIDE/F0_Demo/Libraries/STM32F0xx_StdPeriph_Driver/inc" -O0 -ffunction-sections -fdata-sections -Wall -fstack-usage -MMD -MP -MF"Libraries/STM32F0xx_StdPeriph_Driver/src/stm32f0xx_dac.d" -MT"Libraries/STM32F0xx_StdPeriph_Driver/src/stm32f0xx_dac.o" --specs=nano.specs -mfloat-abi=soft -mthumb -o "Libraries/STM32F0xx_StdPeriph_Driver/src/stm32f0xx_dac.o"
arm-none-eabi-gcc "../Libraries/STM32F0xx_StdPeriph_Driver/src/stm32f0xx_dbgmcu.c" -mcpu=cortex-m0 -std=gnu11 -g3 -DDEBUG -DSTM32 -DSTM32F0 -DSTM32F030K6Tx -DSTM32F030 -DUSE_STDPERIPH_DRIVER -c -I../Inc -I"F:/STM32_Sine_CubeIDE/F0_Demo/Libraries/CMSIS" -I"F:/STM32_Sine_CubeIDE/F0_Demo/Libraries/CMSIS/Include" -I"F:/STM32_Sine_CubeIDE/F0_Demo/Libraries/STM32F0xx_StdPeriph_Driver/inc" -O0 -ffunction-sections -fdata-sections -Wall -fstack-usage -MMD -MP -MF"Libraries/STM32F0xx_StdPeriph_Driver/src/stm32f0xx_dbgmcu.d" -MT"Libraries/STM32F0xx_StdPeriph_Driver/src/stm32f0xx_dbgmcu.o" --specs=nano.specs -mfloat-abi=soft -mthumb -o "Libraries/STM32F0xx_StdPeriph_Driver/src/stm32f0xx_dbgmcu.o"
arm-none-eabi-gcc "../Libraries/STM32F0xx_StdPeriph_Driver/src/stm32f0xx_dma.c" -mcpu=cortex-m0 -std=gnu11 -g3 -DDEBUG -DSTM32 -DSTM32F0 -DSTM32F030K6Tx -DSTM32F030 -DUSE_STDPERIPH_DRIVER -c -I../Inc -I"F:/STM32_Sine_CubeIDE/F0_Demo/Libraries/CMSIS" -I"F:/STM32_Sine_CubeIDE/F0_Demo/Libraries/CMSIS/Include" -I"F:/STM32_Sine_CubeIDE/F0_Demo/Libraries/STM32F0xx_StdPeriph_Driver/inc" -O0 -ffunction-sections -fdata-sections -Wall -fstack-usage -MMD -MP -MF"Libraries/STM32F0xx_StdPeriph_Driver/src/stm32f0xx_dma.d" -MT"Libraries/STM32F0xx_StdPeriph_Driver/src/stm32f0xx_dma.o" --specs=nano.specs -mfloat-abi=soft -mthumb -o "Libraries/STM32F0xx_StdPeriph_Driver/src/stm32f0xx_dma.o"
arm-none-eabi-gcc "../Libraries/STM32F0xx_StdPeriph_Driver/src/stm32f0xx_exti.c" -mcpu=cortex-m0 -std=gnu11 -g3 -DDEBUG -DSTM32 -DSTM32F0 -DSTM32F030K6Tx -DSTM32F030 -DUSE_STDPERIPH_DRIVER -c -I../Inc -I"F:/STM32_Sine_CubeIDE/F0_Demo/Libraries/CMSIS" -I"F:/STM32_Sine_CubeIDE/F0_Demo/Libraries/CMSIS/Include" -I"F:/STM32_Sine_CubeIDE/F0_Demo/Libraries/STM32F0xx_StdPeriph_Driver/inc" -O0 -ffunction-sections -fdata-sections -Wall -fstack-usage -MMD -MP -MF"Libraries/STM32F0xx_StdPeriph_Driver/src/stm32f0xx_exti.d" -MT"Libraries/STM32F0xx_StdPeriph_Driver/src/stm32f0xx_exti.o" --specs=nano.specs -mfloat-abi=soft -mthumb -o "Libraries/STM32F0xx_StdPeriph_Driver/src/stm32f0xx_exti.o"
arm-none-eabi-gcc "../Libraries/STM32F0xx_StdPeriph_Driver/src/stm32f0xx_flash.c" -mcpu=cortex-m0 -std=gnu11 -g3 -DDEBUG -DSTM32 -DSTM32F0 -DSTM32F030K6Tx -DSTM32F030 -DUSE_STDPERIPH_DRIVER -c -I../Inc -I"F:/STM32_Sine_CubeIDE/F0_Demo/Libraries/CMSIS" -I"F:/STM32_Sine_CubeIDE/F0_Demo/Libraries/CMSIS/Include" -I"F:/STM32_Sine_CubeIDE/F0_Demo/Libraries/STM32F0xx_StdPeriph_Driver/inc" -O0 -ffunction-sections -fdata-sections -Wall -fstack-usage -MMD -MP -MF"Libraries/STM32F0xx_StdPeriph_Driver/src/stm32f0xx_flash.d" -MT"Libraries/STM32F0xx_StdPeriph_Driver/src/stm32f0xx_flash.o" --specs=nano.specs -mfloat-abi=soft -mthumb -o "Libraries/STM32F0xx_StdPeriph_Driver/src/stm32f0xx_flash.o"
arm-none-eabi-gcc "../Libraries/STM32F0xx_StdPeriph_Driver/src/stm32f0xx_gpio.c" -mcpu=cortex-m0 -std=gnu11 -g3 -DDEBUG -DSTM32 -DSTM32F0 -DSTM32F030K6Tx -DSTM32F030 -DUSE_STDPERIPH_DRIVER -c -I../Inc -I"F:/STM32_Sine_CubeIDE/F0_Demo/Libraries/CMSIS" -I"F:/STM32_Sine_CubeIDE/F0_Demo/Libraries/CMSIS/Include" -I"F:/STM32_Sine_CubeIDE/F0_Demo/Libraries/STM32F0xx_StdPeriph_Driver/inc" -O0 -ffunction-sections -fdata-sections -Wall -fstack-usage -MMD -MP -MF"Libraries/STM32F0xx_StdPeriph_Driver/src/stm32f0xx_gpio.d" -MT"Libraries/STM32F0xx_StdPeriph_Driver/src/stm32f0xx_gpio.o" --specs=nano.specs -mfloat-abi=soft -mthumb -o "Libraries/STM32F0xx_StdPeriph_Driver/src/stm32f0xx_gpio.o"
arm-none-eabi-gcc "../Libraries/STM32F0xx_StdPeriph_Driver/src/stm32f0xx_iwdg.c" -mcpu=cortex-m0 -std=gnu11 -g3 -DDEBUG -DSTM32 -DSTM32F0 -DSTM32F030K6Tx -DSTM32F030 -DUSE_STDPERIPH_DRIVER -c -I../Inc -I"F:/STM32_Sine_CubeIDE/F0_Demo/Libraries/CMSIS" -I"F:/STM32_Sine_CubeIDE/F0_Demo/Libraries/CMSIS/Include" -I"F:/STM32_Sine_CubeIDE/F0_Demo/Libraries/STM32F0xx_StdPeriph_Driver/inc" -O0 -ffunction-sections -fdata-sections -Wall -fstack-usage -MMD -MP -MF"Libraries/STM32F0xx_StdPeriph_Driver/src/stm32f0xx_iwdg.d" -MT"Libraries/STM32F0xx_StdPeriph_Driver/src/stm32f0xx_iwdg.o" --specs=nano.specs -mfloat-abi=soft -mthumb -o "Libraries/STM32F0xx_StdPeriph_Driver/src/stm32f0xx_iwdg.o"
arm-none-eabi-gcc "../Libraries/STM32F0xx_StdPeriph_Driver/src/stm32f0xx_misc.c" -mcpu=cortex-m0 -std=gnu11 -g3 -DDEBUG -DSTM32 -DSTM32F0 -DSTM32F030K6Tx -DSTM32F030 -DUSE_STDPERIPH_DRIVER -c -I../Inc -I"F:/STM32_Sine_CubeIDE/F0_Demo/Libraries/CMSIS" -I"F:/STM32_Sine_CubeIDE/F0_Demo/Libraries/CMSIS/Include" -I"F:/STM32_Sine_CubeIDE/F0_Demo/Libraries/STM32F0xx_StdPeriph_Driver/inc" -O0 -ffunction-sections -fdata-sections -Wall -fstack-usage -MMD -MP -MF"Libraries/STM32F0xx_StdPeriph_Driver/src/stm32f0xx_misc.d" -MT"Libraries/STM32F0xx_StdPeriph_Driver/src/stm32f0xx_misc.o" --specs=nano.specs -mfloat-abi=soft -mthumb -o "Libraries/STM32F0xx_StdPeriph_Driver/src/stm32f0xx_misc.o"
arm-none-eabi-gcc "../Libraries/STM32F0xx_StdPeriph_Driver/src/stm32f0xx_pwr.c" -mcpu=cortex-m0 -std=gnu11 -g3 -DDEBUG -DSTM32 -DSTM32F0 -DSTM32F030K6Tx -DSTM32F030 -DUSE_STDPERIPH_DRIVER -c -I../Inc -I"F:/STM32_Sine_CubeIDE/F0_Demo/Libraries/CMSIS" -I"F:/STM32_Sine_CubeIDE/F0_Demo/Libraries/CMSIS/Include" -I"F:/STM32_Sine_CubeIDE/F0_Demo/Libraries/STM32F0xx_StdPeriph_Driver/inc" -O0 -ffunction-sections -fdata-sections -Wall -fstack-usage -MMD -MP -MF"Libraries/STM32F0xx_StdPeriph_Driver/src/stm32f0xx_pwr.d" -MT"Libraries/STM32F0xx_StdPeriph_Driver/src/stm32f0xx_pwr.o" --specs=nano.specs -mfloat-abi=soft -mthumb -o "Libraries/STM32F0xx_StdPeriph_Driver/src/stm32f0xx_pwr.o"
arm-none-eabi-gcc "../Libraries/STM32F0xx_StdPeriph_Driver/src/stm32f0xx_rcc.c" -mcpu=cortex-m0 -std=gnu11 -g3 -DDEBUG -DSTM32 -DSTM32F0 -DSTM32F030K6Tx -DSTM32F030 -DUSE_STDPERIPH_DRIVER -c -I../Inc -I"F:/STM32_Sine_CubeIDE/F0_Demo/Libraries/CMSIS" -I"F:/STM32_Sine_CubeIDE/F0_Demo/Libraries/CMSIS/Include" -I"F:/STM32_Sine_CubeIDE/F0_Demo/Libraries/STM32F0xx_StdPeriph_Driver/inc" -O0 -ffunction-sections -fdata-sections -Wall -fstack-usage -MMD -MP -MF"Libraries/STM32F0xx_StdPeriph_Driver/src/stm32f0xx_rcc.d" -MT"Libraries/STM32F0xx_StdPeriph_Driver/src/stm32f0xx_rcc.o" --specs=nano.specs -mfloat-abi=soft -mthumb -o "Libraries/STM32F0xx_StdPeriph_Driver/src/stm32f0xx_rcc.o"
arm-none-eabi-gcc "../Libraries/STM32F0xx_StdPeriph_Driver/src/stm32f0xx_rtc.c" -mcpu=cortex-m0 -std=gnu11 -g3 -DDEBUG -DSTM32 -DSTM32F0 -DSTM32F030K6Tx -DSTM32F030 -DUSE_STDPERIPH_DRIVER -c -I../Inc -I"F:/STM32_Sine_CubeIDE/F0_Demo/Libraries/CMSIS" -I"F:/STM32_Sine_CubeIDE/F0_Demo/Libraries/CMSIS/Include" -I"F:/STM32_Sine_CubeIDE/F0_Demo/Libraries/STM32F0xx_StdPeriph_Driver/inc" -O0 -ffunction-sections -fdata-sections -Wall -fstack-usage -MMD -MP -MF"Libraries/STM32F0xx_StdPeriph_Driver/src/stm32f0xx_rtc.d" -MT"Libraries/STM32F0xx_StdPeriph_Driver/src/stm32f0xx_rtc.o" --specs=nano.specs -mfloat-abi=soft -mthumb -o "Libraries/STM32F0xx_StdPeriph_Driver/src/stm32f0xx_rtc.o"
arm-none-eabi-gcc "../Libraries/STM32F0xx_StdPeriph_Driver/src/stm32f0xx_syscfg.c" -mcpu=cortex-m0 -std=gnu11 -g3 -DDEBUG -DSTM32 -DSTM32F0 -DSTM32F030K6Tx -DSTM32F030 -DUSE_STDPERIPH_DRIVER -c -I../Inc -I"F:/STM32_Sine_CubeIDE/F0_Demo/Libraries/CMSIS" -I"F:/STM32_Sine_CubeIDE/F0_Demo/Libraries/CMSIS/Include" -I"F:/STM32_Sine_CubeIDE/F0_Demo/Libraries/STM32F0xx_StdPeriph_Driver/inc" -O0 -ffunction-sections -fdata-sections -Wall -fstack-usage -MMD -MP -MF"Libraries/STM32F0xx_StdPeriph_Driver/src/stm32f0xx_syscfg.d" -MT"Libraries/STM32F0xx_StdPeriph_Driver/src/stm32f0xx_syscfg.o" --specs=nano.specs -mfloat-abi=soft -mthumb -o "Libraries/STM32F0xx_StdPeriph_Driver/src/stm32f0xx_syscfg.o"
arm-none-eabi-gcc "../Libraries/STM32F0xx_StdPeriph_Driver/src/stm32f0xx_tim.c" -mcpu=cortex-m0 -std=gnu11 -g3 -DDEBUG -DSTM32 -DSTM32F0 -DSTM32F030K6Tx -DSTM32F030 -DUSE_STDPERIPH_DRIVER -c -I../Inc -I"F:/STM32_Sine_CubeIDE/F0_Demo/Libraries/CMSIS" -I"F:/STM32_Sine_CubeIDE/F0_Demo/Libraries/CMSIS/Include" -I"F:/STM32_Sine_CubeIDE/F0_Demo/Libraries/STM32F0xx_StdPeriph_Driver/inc" -O0 -ffunction-sections -fdata-sections -Wall -fstack-usage -MMD -MP -MF"Libraries/STM32F0xx_StdPeriph_Driver/src/stm32f0xx_tim.d" -MT"Libraries/STM32F0xx_StdPeriph_Driver/src/stm32f0xx_tim.o" --specs=nano.specs -mfloat-abi=soft -mthumb -o "Libraries/STM32F0xx_StdPeriph_Driver/src/stm32f0xx_tim.o"
arm-none-eabi-gcc "../Libraries/STM32F0xx_StdPeriph_Driver/src/stm32f0xx_wwdg.c" -mcpu=cortex-m0 -std=gnu11 -g3 -DDEBUG -DSTM32 -DSTM32F0 -DSTM32F030K6Tx -DSTM32F030 -DUSE_STDPERIPH_DRIVER -c -I../Inc -I"F:/STM32_Sine_CubeIDE/F0_Demo/Libraries/CMSIS" -I"F:/STM32_Sine_CubeIDE/F0_Demo/Libraries/CMSIS/Include" -I"F:/STM32_Sine_CubeIDE/F0_Demo/Libraries/STM32F0xx_StdPeriph_Driver/inc" -O0 -ffunction-sections -fdata-sections -Wall -fstack-usage -MMD -MP -MF"Libraries/STM32F0xx_StdPeriph_Driver/src/stm32f0xx_wwdg.d" -MT"Libraries/STM32F0xx_StdPeriph_Driver/src/stm32f0xx_wwdg.o" --specs=nano.specs -mfloat-abi=soft -mthumb -o "Libraries/STM32F0xx_StdPeriph_Driver/src/stm32f0xx_wwdg.o"
arm-none-eabi-gcc -o "F0_Demo.elf" @"objects.list"   -mcpu=cortex-m0 -T"F:\STM32_Sine_CubeIDE\F0_Demo\STM32F030K6TX_FLASH.ld" --specs=nosys.specs -Wl,-Map="F0_Demo.map" -Wl,--gc-sections -static --specs=nano.specs -mfloat-abi=soft -mthumb -Wl,--start-group -lc -lm -Wl,--end-group
Finished building target: F0_Demo.elf
 
arm-none-eabi-size   F0_Demo.elf 
arm-none-eabi-objdump -h -S  F0_Demo.elf  > "F0_Demo.list"
arm-none-eabi-objcopy  -O ihex  F0_Demo.elf  "F0_Demo.hex"
   text	   data	    bss	    dec	    hex	filename
    868	      8	   1568	   2444	    98c	F0_Demo.elf
Finished building: default.size.stdout
 
Finished building: F0_Demo.list
Finished building: F0_Demo.hex
 
 

21:04:42 Build Finished. 0 errors, 0 warnings. (took 2s.419ms)

